###############################################################################
#
# IAR ELF Linker V8.20.2.14835/W32 for ARM                21/Oct/2020  15:45:42
# Copyright 2007-2017 IAR Systems AB.
#
#    Output file  =  
#        D:\R&DSoftware\Module\EBSD\project\WaterMeter\Debug\Exe\EB2ndTest.out
#    Map file     =  
#        D:\R&DSoftware\Module\EBSD\project\WaterMeter\Debug\List\EB2ndTest.map
#    Command line =  
#        -f C:\Users\ADMINI~1\AppData\Local\Temp\EWAFE0.tmp
#        (D:\R&DSoftware\Module\EBSD\project\WaterMeter\Debug\Obj\WaterMeter.o
#        D:\R&DSoftware\Module\EBSD\project\WaterMeter\Debug\Obj\WaterMeterHook.o
#        -o
#        D:\R&DSoftware\Module\EBSD\project\WaterMeter\Debug\Exe\EB2ndTest.out
#        --keep mpos_main --map
#        D:\R&DSoftware\Module\EBSD\project\WaterMeter\Debug\List\EB2ndTest.map
#        --config
#        D:\R&DSoftware\Module\EBSD\project\WaterMeter\..\..\hc32l19x.icf
#        --semihosting
#        D:\R&DSoftware\Module\EBSD\project\WaterMeter\..\..\lib\LWS429Lib.a
#        D:\R&DSoftware\Module\EBSD\project\WaterMeter\..\..\lib\EBLib.a
#        --entry __iar_program_start --vfe --text_out locale)
#
###############################################################################

*******************************************************************************
*** RUNTIME MODEL ATTRIBUTES
***

CppFlavor       = *
__SystemLibrary = DLib
__dlib_version  = 6


*******************************************************************************
*** HEAP SELECTION
***

The basic heap was selected because no calls to memory allocation
functions were found in the application outside of system library
functions, and there are calls to deallocation functions in the
application.


*******************************************************************************
*** PLACEMENT SUMMARY
***

"A0":  place at 0x00000000 { ro section .intvec };
"P1":  place in [from 0x00000410 to 0x00005bff] {
          ro object exit.o, ro object low_level_init.o, ro object DblAddSub.o,
          ro object DblCmpEq.o, ro object DblCmpGe.o, ro object DblCmpLe.o,
          ro object DblDiv.o, ro object DblMul.o, ro object DblToFlt.o,
          ro object DblToI32.o, ro object DblToI64.o, ro object FltDiv.o,
          ro object FltToDbl.o, ro object FltToS32.o, ro object IxxToDbl.o,
          ro object IxxToFlt.o, ro object ceil.o, ro object floor.o,
          ro object ABImemcpy.o, ro object ABImemset.o, ro object I32DivMod.o,
          ro object I64DivMod.o, ro object I64DivZer.o, ro object I64Mul.o,
          ro object I64Shl.o, ro object IntDivZer.o, ro object S64Shr.o,
          ro object U64Shr.o, ro object cexit.o, ro object cmain.o,
          ro object copy_init3.o, ro object cstartup_M.o, ro object ata_init.o,
          ro object uread4.o, ro object uread8.o, ro object uwrite4.o,
          ro object uwrite8.o, ro object zero_init3.o, ro object exit.o,
          ro object Baord.o, ro object IWdg.o, ro object I32DivModFast.o,
          ro object FltAddSub.o, ro object data_init.o,
          ro object interrupts_hc32l19x.o, ro object LWS_IT.o,
          ro object LowPower.o, ro object MT_HC32L19_ADC.o,
          ro object MT_HC32L19_Flash.o, ro object MT_HC32L19_GPIO.o,
          ro object MT_HC32L19_LPTimer.o, ro object MT_HC32L19_LPUART.o,
          ro object MT_HC32L19_RTC.o, ro object MT_HC32L19_SPI.o,
          ro object MT_HC32L19_Timer.o, ro object HC32L19_sysctrl.o,
          ro object MT_HC32L19_UART.o, ro object smc.o,
          ro object system_hc32l19x.o, ro object systermProtect.o,
          ro object ModeBus.o, ro object MyFlash.o, ro object MyInline.o,
          ro object utilities.o, ro object flash_kinetisRamFunc.o };
"P2":  place in [from 0x00005c00 to 0x000083ff] {
          ro object Task.o, ro object mpos_ramfun.o, ro object timer.o,
          ro object Global.o, ro object Global_Driver.o,
          ro object Global_System.o, ro object Global_app.o, ro object main.o,
          ro object MP_FUOTA.o, ro object TickS.o };
"P3":  place in [from 0x00008400 to 0x0000a7ff] {
          ro object Global_Radio.o, ro object radio.o, ro object sx1280-hal.o,
          ro object sx1280.o, ro object sx126x-board.o, ro object sx126x.o,
          ro object sx1276-board.o, ro object sx1276.o };
"P4":  place in [from 0x0000bc00 to 0x000147ff] {
          ro object InterFace.o, ro object LoRaChanConfig.o,
          ro object LoRaCrypto.o, ro object LoRaMidware.o,
          ro object ParaInitial.o, ro object aes.o, ro object lorabase.o,
          ro object lws.o };
"P5":  place in [from 0x00014800 to 0x0001ffff] {
          ro object CrcCal.o, ro object LoraDn.o, ro object MP_INT.o,
          ro object MP_LWS.o, ro object MyAPP.o, ro object MyBoard.o,
          ro object MyGlobal.o, ro object MyTask.o, ro object ParaParse.o,
          ro object QueryUp.o, ro object mymain.o };
"P6":  place in [from 0x00014800 to 0x0001ffff] |
                [from 0x00020000 to 0x00038fff] {
          ro object MyAppHook.o, ro object BackHaulIF.o, ro object EBHook.o };
"P8":  place in [from 0x00014800 to 0x0001ffff] |
                [from 0x00020000 to 0x00038fff] { ro };
"P7":  place in [from 0x0000a800 to 0x0000bbff] {
          ro data object aes.o, ro data object utilities.o,
          ro data object LoRaChanConfig.o };
"P10": place in [from 0x20000000 to 0x200027ff] |
                [from 0x20002800 to 0x20002bff] |
                [from 0x20002c00 to 0x200067ff] { rw };
define block CSTACK with size = 5632, alignment = 8 { };
define block HEAP with size = 1K, alignment = 8 { };
"P12": place in [from 0x20006800 to 0x20007fff] { block CSTACK, block HEAP };
initialize by copy { rw };

No sections matched the following patterns:

  ro data object LoRaChanConfig.o     in "P7"
  ro data object aes.o                in "P7"
  ro object CrcCal.o                  in "P5"
  ro object EBHook.o                  in "P6|P8"
  ro object Global.o                  in "P2"
  ro object Global_Driver.o           in "P2"
  ro object Global_app.o              in "P2"
  ro object I32DivModFast.o           in "P1"
  ro object MP_INT.o                  in "P5"
  ro object MP_LWS.o                  in "P5"
  ro object MyGlobal.o                in "P5"
  ro object ParaParse.o               in "P5"
  ro object QueryUp.o                 in "P5"
  ro object ata_init.o                in "P1"
  ro object copy_init3.o              in "P1"
  ro object flash_kinetisRamFunc.o    in "P1"
  ro object low_level_init.o          in "P1"
  ro object main.o                    in "P2"
  ro object mymain.o                  in "P5"
  ro object smc.o                     in "P1"
  ro object sx1276-board.o            in "P3"
  ro object sx1276.o                  in "P3"
  ro object sx1280-hal.o              in "P3"
  ro object sx1280.o                  in "P3"
  ro object zero_init3.o              in "P1"
  ro section application_specific_ro  in "P9|P11"
  rw section application_specific_rw  in "P9|P11"
  section FlashConfig                 in "P13"


  Section                 Kind        Address    Size  Object
  -------                 ----        -------    ----  ------
"A0":                                            0xc0
  .intvec                 ro code  0x00000000    0xc0  startup_hc32l19x.o [4]
                                 - 0x000000c0    0xc0

"P1":                                          0x51e4
  .text                   ro code  0x00000410  0x1524  ModeBus.o [4]
  .text                   ro code  0x00001934   0x2a0  systermProtect.o [4]
  .text                   ro code  0x00001bd4   0x1b0  MT_HC32L19_Timer.o [4]
  .text                   ro code  0x00001d84   0x110  IWdg.o [4]
  .text                   ro code  0x00001e94    0x2e  MyInline.o [4]
  .text                   ro code  0x00001ec4   0x288  Baord.o [4]
  .text                   ro code  0x0000214c   0x1f4  utilities.o [4]
  .text                   ro code  0x00002340    0x16  uread4.o [7]
  .text                   ro code  0x00002358    0x14  uwrite4.o [7]
  .text                   ro code  0x0000236c   0x558  MT_HC32L19_RTC.o [4]
  .text                   ro code  0x000028c4   0x514  MyFlash.o [4]
  .text                   ro code  0x00002dd8    0x2a  uread8.o [7]
  .text                   ro code  0x00002e04   0x36a  HC32L19_sysctrl.o [4]
  .text                   ro code  0x00003170   0x5a8  interrupts_hc32l19x.o [4]
  .text                   ro code  0x00003718   0x22c  MT_HC32L19_GPIO.o [4]
  .text                   ro code  0x00003944   0x10a  system_hc32l19x.o [4]
  .text                   ro code  0x00003a50   0x31c  MT_HC32L19_UART.o [4]
  .text                   ro code  0x00003d6c   0x22c  MT_HC32L19_LPUART.o [4]
  .text                   ro code  0x00003f98    0x96  MT_HC32L19_SPI.o [4]
  .text                   ro code  0x00004030   0x258  MT_HC32L19_Flash.o [4]
  .text                   ro code  0x00004288   0x1cc  MT_HC32L19_LPTimer.o [4]
  .text                   ro code  0x00004454    0x5e  I32DivMod.o [7]
  .text                   ro code  0x000044b4    0x58  ABImemset.o [7]
  .text                   ro code  0x0000450c    0x5c  ABImemcpy.o [7]
  .text                   ro code  0x00004568   0x1ea  LWS_IT.o [4]
  .text                   ro code  0x00004754    0x28  data_init.o [7]
  .text                   ro code  0x0000477c    0x36  IxxToFlt.o [6]
  .text                   ro code  0x000047b2    0xaa  FltDiv.o [6]
  .text                   ro code  0x0000485c   0x120  FltAddSub.o [6]
  .text                   ro code  0x0000497c    0x3a  FltToS32.o [6]
  .text                   ro code  0x000049b6    0xa8  I64DivMod.o [7]
  .text                   ro code  0x00004a60     0x2  IntDivZer.o [7]
  .text                   ro code  0x00004a64     0x2  I64DivZer.o [7]
  .text                   ro code  0x00004a68   0x1e8  MT_HC32L19_ADC.o [4]
  .text                   ro code  0x00004c50    0x88  IxxToDbl.o [6]
  .text                   ro code  0x00004cd8   0x184  DblMul.o [6]
  .text                   ro code  0x00004e5c   0x1b4  DblAddSub.o [6]
  .text                   ro code  0x00005010    0x62  DblToFlt.o [6]
  .text                   ro code  0x00005074   0x100  LowPower.o [4]
  .text                   ro code  0x00005174    0xc2  DblDiv.o [6]
  .text                   ro code  0x00005238    0x80  DblToI64.o [6]
  .text                   ro code  0x000052b8    0x58  ceil.o [6]
  .text                   ro code  0x00005310    0x58  floor.o [6]
  .text                   ro code  0x00005368    0x52  DblToI32.o [6]
  .text                   ro code  0x000053ba    0x3c  zero_init3.o [7]
  .text                   ro code  0x000053f8    0x32  I64Mul.o [7]
  .text                   ro code  0x0000542a    0x32  DblCmpLe.o [6]
  .text                   ro code  0x0000545c    0x32  DblCmpGe.o [6]
  .text                   ro code  0x00005490    0x32  FltToDbl.o [6]
  .text                   ro code  0x000054c2    0x30  copy_init3.o [7]
  .text                   ro code  0x000054f2    0x24  DblCmpEq.o [6]
  .text                   ro code  0x00005518    0x22  S64Shr.o [7]
  .text                   ro code  0x0000553c    0x22  I64Shl.o [7]
  .text                   ro code  0x00005560    0x1e  uwrite8.o [7]
  .text                   ro code  0x00005580    0x1e  U64Shr.o [7]
  .text                   ro code  0x000055a0    0x1e  cmain.o [7]
  .text                   ro code  0x000055be     0x8  exit.o [5]
  .text                   ro code  0x000055c8     0xa  cexit.o [7]
  .text                   ro code  0x000055d4    0x14  exit.o [8]
  .text                   ro code  0x000055e8     0xc  cstartup_M.o [7]
  .rodata                 const    0x000055f4     0x0  zero_init3.o [7]
  .rodata                 const    0x000055f4     0x0  copy_init3.o [7]
                                 - 0x000055f4  0x51e4

"P2", part 1 of 2:                             0x213c
  .text                   ro code  0x00005c00   0xdc0  MP_FUOTA.o [4]
  .text                   ro code  0x000069c0    0x90  Global_System.o [4]
  .text                   ro code  0x00006a50   0xc70  Task.o [4]
  .text                   ro code  0x000076c0   0x384  timer.o [4]
  .text                   ro code  0x00007a44   0x2f8  TickS.o [4]
                                 - 0x00007d3c  0x213c

Absolute sections, part 1 of 163:                0x44
  .ARM.__at_0x00007f00    ro code  0x00007f00    0x44  main.o [4]
                                 - 0x00007f44    0x44

"P2", part 2 of 2:                              0x354
  .text                   ro code  0x00007f44   0x354  mpos_ramfun.o [4]
                                 - 0x00008298   0x354

"P3":                                          0x1858
  .text                   ro code  0x00008400   0xce4  radio.o [4]
  .text                   ro code  0x000090e4   0x2d4  sx126x-board.o [4]
  .text                   ro code  0x000093b8   0x788  sx126x.o [4]
  .text                   ro code  0x00009b40   0x118  Global_Radio.o [4]
                                 - 0x00009c58  0x1858

Absolute sections, part 2 of 163:                0x28
  .rodata                 const    0x0000a800    0x28  aes.o [4]
                                 - 0x0000a828    0x28

"P7":                                             0x4
  Initializer bytes       const    0x0000a828     0x4  <for Absolute sections 144-1>
                                 - 0x0000a82c     0x4

Absolute sections, part 3 of 163:               0x100
  .rodata                 const    0x0000a840   0x100  aes.o [4]
                                 - 0x0000a940   0x100

Absolute sections, part 4 of 163:                0x15
  .rodata                 const    0x0000a980    0x15  LoRaChanConfig.o [4]
                                 - 0x0000a995    0x15

Absolute sections, part 5 of 163:                0x10
  .rodata                 const    0x0000a9a0    0x10  LoRaChanConfig.o [4]
                                 - 0x0000a9b0    0x10

Absolute sections, part 6 of 163:                 0xa
  .rodata                 const    0x0000aa00     0xa  LoRaChanConfig.o [4]
                                 - 0x0000aa0a     0xa

Absolute sections, part 7 of 163:                 0x1
  .rodata                 const    0x0000aa10     0x1  LoRaChanConfig.o [4]
                                 - 0x0000aa11     0x1

Absolute sections, part 8 of 163:                 0x4
  .rodata                 const    0x0000aa20     0x4  LoRaChanConfig.o [4]
                                 - 0x0000aa24     0x4

Absolute sections, part 9 of 163:                0x10
  .rodata                 const    0x0000aa28    0x10  LoRaChanConfig.o [4]
                                 - 0x0000aa38    0x10

Absolute sections, part 10 of 163:               0x10
  .rodata                 const    0x0000aa40    0x10  LoRaChanConfig.o [4]
                                 - 0x0000aa50    0x10

Absolute sections, part 11 of 163:               0x10
  .rodata                 const    0x0000aa58    0x10  LoRaChanConfig.o [4]
                                 - 0x0000aa68    0x10

Absolute sections, part 12 of 163:               0x40
  .rodata                 const    0x0000aa70    0x40  LoRaChanConfig.o [4]
                                 - 0x0000aab0    0x40

Absolute sections, part 13 of 163:               0x40
  .rodata                 const    0x0000aad0    0x40  LoRaChanConfig.o [4]
                                 - 0x0000ab10    0x40

Absolute sections, part 14 of 163:               0x50
  .rodata                 const    0x0000ab20    0x50  sx126x.o [4]
                                 - 0x0000ab70    0x50

Absolute sections, part 15 of 163:               0x40
  .rodata                 const    0x0000ab80    0x40  LoRaChanConfig.o [4]
                                 - 0x0000abc0    0x40

Absolute sections, part 16 of 163:             0x1000
  .rodata                 const    0x0000ac00   0x400  aes.o [4]
  .rodata                 const    0x0000b000   0x400  aes.o [4]
  .rodata                 const    0x0000b400   0x400  aes.o [4]
  .rodata                 const    0x0000b800   0x400  aes.o [4]
                                 - 0x0000bc00  0x1000

"P4":                                          0x7bd0
  .text                   ro code  0x0000bc00  0x43a4  lws.o [4]
  .text                   ro code  0x0000ffa4  0x1128  InterFace.o [4]
  .text                   ro code  0x000110cc    0xb4  lorabase.o [4]
  .text                   ro code  0x00011180   0xeb0  LoRaChanConfig.o [4]
  .text                   ro code  0x00012030   0x690  aes.o [4]
  .text                   ro code  0x000126c0   0x81c  LoRaMidware.o [4]
  .text                   ro code  0x00012edc   0x238  LoRaCrypto.o [4]
  .text                   ro code  0x00013114   0x6bc  ParaInitial.o [4]
                                 - 0x000137d0  0x7bd0

Absolute sections, part 17 of 163:               0x8e
  .ARM.__at_0x00014800    ro code  0x00014800    0x8e  CrcCal.o [3]
                                 - 0x0001488e    0x8e

Absolute sections, part 18 of 163:               0xa0
  .ARM.__at_0x000148a0    ro code  0x000148a0    0xa0  CrcCal.o [3]
                                 - 0x00014940    0xa0

Absolute sections, part 19 of 163:              0x3cc
  .ARM.__at_0x000149c0    ro code  0x000149c0   0x3cc  LoraDn.o [3]
                                 - 0x00014d8c   0x3cc

Absolute sections, part 20 of 163:               0x6c
  .ARM.__at_0x00014dc0    ro code  0x00014dc0    0x40  MyAPP.o [3]
  .ARM.__at_0x00014e00    ro code  0x00014e00    0x2c  MyAPP.o [3]
                                 - 0x00014e2c    0x6c

Absolute sections, part 21 of 163:               0xfc
  .ARM.__at_0x00014e30    ro code  0x00014e30    0xc0  MyAPP.o [3]
  .ARM.__at_0x00014ef0    ro code  0x00014ef0    0x3c  MyAPP.o [3]
                                 - 0x00014f2c    0xfc

Absolute sections, part 22 of 163:               0x1c
  .ARM.__at_0x00014f30    ro code  0x00014f30    0x1c  MyAPP.o [3]
                                 - 0x00014f4c    0x1c

Absolute sections, part 23 of 163:               0x1c
  .ARM.__at_0x00014f50    ro code  0x00014f50    0x1c  MyAPP.o [3]
                                 - 0x00014f6c    0x1c

Absolute sections, part 24 of 163:               0x9c
  .ARM.__at_0x00014f70    ro code  0x00014f70    0x9c  MyAPP.o [3]
                                 - 0x0001500c    0x9c

Absolute sections, part 25 of 163:              0x106
  .ARM.__at_0x00015010    ro code  0x00015010    0xf0  MyAPP.o [3]
  .ARM.__at_0x00015100    ro code  0x00015100    0x16  MyAPP.o [3]
                                 - 0x00015116   0x106

Absolute sections, part 26 of 163:               0xa4
  .ARM.__at_0x00015160    ro code  0x00015160    0xa4  MyAPP.o [3]
                                 - 0x00015204    0xa4

Absolute sections, part 27 of 163:               0x3c
  .ARM.__at_0x00015210    ro code  0x00015210    0x3c  MyAPP.o [3]
                                 - 0x0001524c    0x3c

Absolute sections, part 28 of 163:               0x6c
  .ARM.__at_0x00015250    ro code  0x00015250    0x40  MyAPP.o [3]
  .ARM.__at_0x00015290    ro code  0x00015290    0x2c  MyAPP.o [3]
                                 - 0x000152bc    0x6c

Absolute sections, part 29 of 163:               0x18
  .ARM.__at_0x000152c0    ro code  0x000152c0    0x18  MyAPP.o [3]
                                 - 0x000152d8    0x18

Absolute sections, part 30 of 163:               0x48
  .ARM.__at_0x00015310    ro code  0x00015310    0x48  MyAPP.o [3]
                                 - 0x00015358    0x48

Absolute sections, part 31 of 163:               0x84
  .ARM.__at_0x00015360    ro code  0x00015360    0x84  MyAPP.o [3]
                                 - 0x000153e4    0x84

Absolute sections, part 32 of 163:               0xb4
  .ARM.__at_0x000153f0    ro code  0x000153f0    0xb4  MyAPP.o [3]
                                 - 0x000154a4    0xb4

Absolute sections, part 33 of 163:               0x30
  .ARM.__at_0x000154c0    ro code  0x000154c0    0x30  MyAPP.o [3]
                                 - 0x000154f0    0x30

Absolute sections, part 34 of 163:               0x34
  .ARM.__at_0x00015500    ro code  0x00015500    0x34  MyAPP.o [3]
                                 - 0x00015534    0x34

Absolute sections, part 35 of 163:               0x98
  .ARM.__at_0x00015540    ro code  0x00015540    0x98  MyAPP.o [3]
                                 - 0x000155d8    0x98

Absolute sections, part 36 of 163:               0x84
  .ARM.__at_0x000155e0    ro code  0x000155e0    0x84  MyAPP.o [3]
                                 - 0x00015664    0x84

Absolute sections, part 37 of 163:               0x84
  .ARM.__at_0x00015668    ro code  0x00015668    0x84  MyAPP.o [3]
                                 - 0x000156ec    0x84

Absolute sections, part 38 of 163:               0x24
  .ARM.__at_0x000156f0    ro code  0x000156f0    0x24  MyAPP.o [3]
                                 - 0x00015714    0x24

Absolute sections, part 39 of 163:               0x80
  .ARM.__at_0x00015720    ro code  0x00015720    0x80  MyAPP.o [3]
                                 - 0x000157a0    0x80

Absolute sections, part 40 of 163:               0x68
  .ARM.__at_0x000157c0    ro code  0x000157c0    0x68  MyAPP.o [3]
                                 - 0x00015828    0x68

Absolute sections, part 41 of 163:               0x68
  .ARM.__at_0x00015830    ro code  0x00015830    0x68  MyAPP.o [3]
                                 - 0x00015898    0x68

Absolute sections, part 42 of 163:               0x48
  .ARM.__at_0x000158b0    ro code  0x000158b0    0x48  MyAPP.o [3]
                                 - 0x000158f8    0x48

Absolute sections, part 43 of 163:              0x168
  .ARM.__at_0x00015900    ro code  0x00015900    0xb0  MyAPP.o [3]
  .ARM.__at_0x000159b0    ro code  0x000159b0    0xb8  MyAPP.o [3]
                                 - 0x00015a68   0x168

Absolute sections, part 44 of 163:               0xc8
  .ARM.__at_0x00015a70    ro code  0x00015a70    0xc8  MyAPP.o [3]
                                 - 0x00015b38    0xc8

Absolute sections, part 45 of 163:              0x5b8
  .ARM.__at_0x00015b40    ro code  0x00015b40   0x2b0  MyAPP.o [3]
  .ARM.__at_0x00015df0    ro code  0x00015df0   0x308  MyAPP.o [3]
                                 - 0x000160f8   0x5b8

Absolute sections, part 46 of 163:               0x24
  .ARM.__at_0x00016100    ro code  0x00016100    0x24  MyBoard.o [3]
                                 - 0x00016124    0x24

Absolute sections, part 47 of 163:               0x24
  .ARM.__at_0x00016130    ro code  0x00016130    0x24  MyBoard.o [3]
                                 - 0x00016154    0x24

Absolute sections, part 48 of 163:               0x24
  .ARM.__at_0x000161b0    ro code  0x000161b0    0x24  MyBoard.o [3]
                                 - 0x000161d4    0x24

Absolute sections, part 49 of 163:               0x24
  .ARM.__at_0x000161e0    ro code  0x000161e0    0x24  MyBoard.o [3]
                                 - 0x00016204    0x24

Absolute sections, part 50 of 163:               0x24
  .ARM.__at_0x00016210    ro code  0x00016210    0x24  MyBoard.o [3]
                                 - 0x00016234    0x24

Absolute sections, part 51 of 163:               0x24
  .ARM.__at_0x00016240    ro code  0x00016240    0x24  MyBoard.o [3]
                                 - 0x00016264    0x24

Absolute sections, part 52 of 163:               0x34
  .ARM.__at_0x00016270    ro code  0x00016270    0x34  MyBoard.o [3]
                                 - 0x000162a4    0x34

Absolute sections, part 53 of 163:               0x2c
  .ARM.__at_0x000162c0    ro code  0x000162c0    0x2c  MyBoard.o [3]
                                 - 0x000162ec    0x2c

Absolute sections, part 54 of 163:               0x2c
  .ARM.__at_0x000162f0    ro code  0x000162f0    0x2c  MyBoard.o [3]
                                 - 0x0001631c    0x2c

Absolute sections, part 55 of 163:               0x50
  .ARM.__at_0x00016350    ro code  0x00016350    0x50  MyBoard.o [3]
                                 - 0x000163a0    0x50

Absolute sections, part 56 of 163:               0x28
  .ARM.__at_0x000163b0    ro code  0x000163b0    0x28  MyBoard.o [3]
                                 - 0x000163d8    0x28

Absolute sections, part 57 of 163:               0x50
  .ARM.__at_0x000163f0    ro code  0x000163f0    0x50  MyBoard.o [3]
                                 - 0x00016440    0x50

Absolute sections, part 58 of 163:               0x2c
  .ARM.__at_0x000164a0    ro code  0x000164a0    0x2c  MyBoard.o [3]
                                 - 0x000164cc    0x2c

Absolute sections, part 59 of 163:               0xcc
  .ARM.__at_0x00016510    ro code  0x00016510    0xcc  MyBoard.o [3]
                                 - 0x000165dc    0xcc

Absolute sections, part 60 of 163:               0x6c
  .ARM.__at_0x00016608    ro code  0x00016608    0x20  MyTask.o [3]
  .ARM.__at_0x00016628    ro code  0x00016628    0x4c  MyTask.o [3]
                                 - 0x00016674    0x6c

Absolute sections, part 61 of 163:               0x84
  .ARM.__at_0x00016678    ro code  0x00016678    0x38  MyTask.o [3]
  .ARM.__at_0x000166b0    ro code  0x000166b0    0x4c  MyTask.o [3]
                                 - 0x000166fc    0x84

Absolute sections, part 62 of 163:               0x58
  .ARM.__at_0x00016700    ro code  0x00016700    0x58  MyTask.o [3]
                                 - 0x00016758    0x58

Absolute sections, part 63 of 163:               0x34
  .ARM.__at_0x00016760    ro code  0x00016760    0x34  MyTask.o [3]
                                 - 0x00016794    0x34

Absolute sections, part 64 of 163:               0xe4
  .ARM.__at_0x000167a8    ro code  0x000167a8    0x48  MyTask.o [3]
  .ARM.__at_0x000167f0    ro code  0x000167f0    0x48  MyTask.o [3]
  .ARM.__at_0x00016838    ro code  0x00016838    0x54  MyTask.o [3]
                                 - 0x0001688c    0xe4

Absolute sections, part 65 of 163:               0x30
  .ARM.__at_0x00016890    ro code  0x00016890    0x30  MyTask.o [3]
                                 - 0x000168c0    0x30

Absolute sections, part 66 of 163:               0xf8
  .ARM.__at_0x000168d0    ro code  0x000168d0    0xf8  MyTask.o [3]
                                 - 0x000169c8    0xf8

Absolute sections, part 67 of 163:              0x104
  .ARM.__at_0x000169d0    ro code  0x000169d0   0x104  MyTask.o [3]
                                 - 0x00016ad4   0x104

Absolute sections, part 68 of 163:              0x29c
  .ARM.__at_0x00016ae0    ro code  0x00016ae0   0x29c  MyTask.o [3]
                                 - 0x00016d7c   0x29c

Absolute sections, part 69 of 163:              0x288
  .ARM.__at_0x00016db0    ro code  0x00016db0   0x288  MyTask.o [3]
                                 - 0x00017038   0x288

Absolute sections, part 70 of 163:              0x1c0
  .ARM.__at_0x00017090    ro code  0x00017090   0x1c0  MyTask.o [3]
                                 - 0x00017250   0x1c0

Absolute sections, part 71 of 163:              0x4b8
  .ARM.__at_0x000172d0    ro code  0x000172d0   0x4b8  MyTask.o [3]
                                 - 0x00017788   0x4b8

Absolute sections, part 72 of 163:               0x7c
  .ARM.__at_0x00017790    ro code  0x00017790    0x7c  ParaParse.o [3]
                                 - 0x0001780c    0x7c

Absolute sections, part 73 of 163:              0x2a0
  .ARM.__at_0x00017830    ro code  0x00017830   0x2a0  ParaParse.o [3]
                                 - 0x00017ad0   0x2a0

Absolute sections, part 74 of 163:               0x50
  .ARM.__at_0x00017b00    ro code  0x00017b00    0x50  QueryUp.o [3]
                                 - 0x00017b50    0x50

Absolute sections, part 75 of 163:               0x88
  .ARM.__at_0x00017b80    ro code  0x00017b80    0x88  QueryUp.o [3]
                                 - 0x00017c08    0x88

Absolute sections, part 76 of 163:               0x22
  .ARM.__at_0x00017c10    ro code  0x00017c10    0x22  QueryUp.o [3]
                                 - 0x00017c32    0x22

Absolute sections, part 77 of 163:               0xac
  .ARM.__at_0x00017c40    ro code  0x00017c40    0xac  QueryUp.o [3]
                                 - 0x00017cec    0xac

Absolute sections, part 78 of 163:               0xc8
  .ARM.__at_0x00017cf0    ro code  0x00017cf0    0x10  QueryUp.o [3]
  .ARM.__at_0x00017d00    ro code  0x00017d00    0x20  QueryUp.o [3]
  .ARM.__at_0x00017d20    ro code  0x00017d20    0x98  QueryUp.o [3]
                                 - 0x00017db8    0xc8

Absolute sections, part 79 of 163:               0x54
  .ARM.__at_0x00017dc0    ro code  0x00017dc0    0x54  QueryUp.o [3]
                                 - 0x00017e14    0x54

Absolute sections, part 80 of 163:               0xe0
  .ARM.__at_0x00017e20    ro code  0x00017e20    0xe0  QueryUp.o [3]
                                 - 0x00017f00    0xe0

Absolute sections, part 81 of 163:               0xe8
  .ARM.__at_0x00017f20    ro code  0x00017f20    0xe8  QueryUp.o [3]
                                 - 0x00018008    0xe8

Absolute sections, part 82 of 163:              0x3d8
  .ARM.__at_0x00018020    ro code  0x00018020   0x3d8  QueryUp.o [3]
                                 - 0x000183f8   0x3d8

Absolute sections, part 83 of 163:               0x46
  .ARM.__at_0x000184a0    ro code  0x000184a0    0x46  QueryUp.o [3]
                                 - 0x000184e6    0x46

Absolute sections, part 84 of 163:              0x188
  .ARM.__at_0x00018500    ro code  0x00018500   0x188  QueryUp.o [3]
                                 - 0x00018688   0x188

Absolute sections, part 85 of 163:                0x4
  .ARM.__at_0x00018700    ro code  0x00018700     0x4  QueryUp.o [3]
                                 - 0x00018704     0x4

Absolute sections, part 86 of 163:               0x48
  .ARM.__at_0x00018720    ro code  0x00018720    0x48  QueryUp.o [3]
                                 - 0x00018768    0x48

Absolute sections, part 87 of 163:               0xd0
  .ARM.__at_0x00018780    ro code  0x00018780    0xd0  QueryUp.o [3]
                                 - 0x00018850    0xd0

Absolute sections, part 88 of 163:              0x110
  .ARM.__at_0x00018860    ro code  0x00018860    0xa0  QueryUp.o [3]
  .ARM.__at_0x00018900    ro code  0x00018900    0x70  QueryUp.o [3]
                                 - 0x00018970   0x110

Absolute sections, part 89 of 163:              0x118
  .ARM.__at_0x00018a00    ro code  0x00018a00   0x118  MP_INT.o [3]
                                 - 0x00018b18   0x118

Absolute sections, part 90 of 163:               0x64
  .ARM.__at_0x00018bc0    ro code  0x00018bc0    0x64  MP_INT.o [3]
                                 - 0x00018c24    0x64

Absolute sections, part 91 of 163:              0x178
  .ARM.__at_0x00018d00    ro code  0x00018d00   0x178  MP_LWS.o [3]
                                 - 0x00018e78   0x178

Absolute sections, part 92 of 163:               0xb4
  .ARM.__at_0x00019400    ro code  0x00019400    0xb4  mymain.o [3]
                                 - 0x000194b4    0xb4

Absolute sections, part 93 of 163:               0x34
  .ARM.__at_0x00019700    ro code  0x00019700    0x34  mymain.o [3]
                                 - 0x00019734    0x34

"P5":                                           0x158
  .text                   ro code  0x00019734    0x88  LoraDn.o [3]
  .text                   ro code  0x000197bc    0x64  MyBoard.o [3]
  .text                   ro code  0x00019820    0x58  MyTask.o [3]
  .text                   ro code  0x00019878    0x14  MyAPP.o [3]
                                 - 0x0001988c   0x158

"P6|P8":                                       0x12bc
  .text                   ro code  0x0001988c   0x620  WaterMeter.o [1]
  .text                   ro code  0x00019eac   0x404  WaterMeterHook.o [1]
  .text                   ro code  0x0001a2b0   0x4ac  BackHaulIF.o [3]
  .text                   ro code  0x0001a75c   0x104  OMxGpio.o [4]
  .text                   ro code  0x0001a860    0xb0  FltMul.o [6]
  .text                   ro code  0x0001a910    0x28  startup_hc32l19x.o [4]
  .iar.init_table         const    0x0001a938   0x1fc  - Linker created -
  .text                   ro code  0x0001ab34     0xe  MyAppHook.o [3]
  .text                   ro code  0x0001ab42     0x2  startup_hc32l19x.o [4]
  .text                   ro code  0x0001ab44     0x2  startup_hc32l19x.o [4]
  .text                   ro code  0x0001ab46     0x2  startup_hc32l19x.o [4]
                                 - 0x0001ab48  0x12bc

Absolute sections, part 94 of 163:                0x2
  .ARM.__at_0x0001f300    ro code  0x0001f300     0x2  MyAppHook.o [3]
                                 - 0x0001f302     0x2

Absolute sections, part 95 of 163:                0x2
  .ARM.__at_0x0001f340    ro code  0x0001f340     0x2  MyAppHook.o [3]
                                 - 0x0001f342     0x2

Absolute sections, part 96 of 163:               0x1c
  .ARM.__at_0x20000000    zero     0x20000000    0x10  Global.o [4]
  .ARM.__at_0x20000010    zero     0x20000010     0x4  Global.o [4]
  .ARM.__at_0x20000014    zero     0x20000014     0x4  Global.o [4]
  .ARM.__at_0x20000018    zero     0x20000018     0x4  Global.o [4]
                                 - 0x2000001c    0x1c

Absolute sections, part 97 of 163:                0x4
  .ARM.__at_0x20000020    zero     0x20000020     0x4  Global.o [4]
                                 - 0x20000024     0x4

Absolute sections, part 98 of 163:                0x4
  .ARM.__at_0x20000028    zero     0x20000028     0x4  Global.o [4]
                                 - 0x2000002c     0x4

Absolute sections, part 99 of 163:                0x4
  .ARM.__at_0x20000030    zero     0x20000030     0x4  Global.o [4]
                                 - 0x20000034     0x4

Absolute sections, part 100 of 163:               0x4
  .ARM.__at_0x20000038    zero     0x20000038     0x4  Global.o [4]
                                 - 0x2000003c     0x4

Absolute sections, part 101 of 163:               0x4
  .ARM.__at_0x20000040    zero     0x20000040     0x4  Global.o [4]
                                 - 0x20000044     0x4

Absolute sections, part 102 of 163:               0x4
  .ARM.__at_0x20000048    zero     0x20000048     0x4  Global.o [4]
                                 - 0x2000004c     0x4

Absolute sections, part 103 of 163:              0x14
  .ARM.__at_0x20000050    zero     0x20000050     0x8  Global.o [4]
  .ARM.__at_0x20000058    zero     0x20000058     0x8  Global.o [4]
  .ARM.__at_0x20000060    zero     0x20000060     0x4  Global.o [4]
                                 - 0x20000064    0x14

Absolute sections, part 104 of 163:              0x10
  .ARM.__at_0x20000068    zero     0x20000068    0x10  Global.o [4]
                                 - 0x20000078    0x10

Absolute sections, part 105 of 163:               0xc
  .ARM.__at_0x20000080    zero     0x20000080     0xc  Global.o [4]
                                 - 0x2000008c     0xc

Absolute sections, part 106 of 163:               0xc
  .ARM.__at_0x20000090    zero     0x20000090     0xc  Global.o [4]
                                 - 0x2000009c     0xc

Absolute sections, part 107 of 163:              0x10
  .ARM.__at_0x200000a0    zero     0x200000a0    0x10  Global.o [4]
                                 - 0x200000b0    0x10

Absolute sections, part 108 of 163:              0x2c
  .ARM.__at_0x200000b4    zero     0x200000b4    0x14  Global.o [4]
  .ARM.__at_0x200000c8    zero     0x200000c8    0x18  Global.o [4]
                                 - 0x200000e0    0x2c

Absolute sections, part 109 of 163:              0x24
  .ARM.__at_0x20000118    zero     0x20000118    0x24  Global.o [4]
                                 - 0x2000013c    0x24

Absolute sections, part 110 of 163:              0x5c
  .ARM.__at_0x20000140    zero     0x20000140    0x5c  Global.o [4]
                                 - 0x2000019c    0x5c

Absolute sections, part 111 of 163:              0x5c
  .ARM.__at_0x20000210    zero     0x20000210    0x5c  Global.o [4]
                                 - 0x2000026c    0x5c

Absolute sections, part 112 of 163:              0x74
  .ARM.__at_0x20000270    zero     0x20000270    0x74  Global.o [4]
                                 - 0x200002e4    0x74

Absolute sections, part 113 of 163:             0x118
  .ARM.__at_0x200002f0    zero     0x200002f0   0x100  Global.o [4]
  .ARM.__at_0x200003f0    zero     0x200003f0    0x18  Global.o [4]
                                 - 0x20000408   0x118

Absolute sections, part 114 of 163:             0x240
  .ARM.__at_0x20000420    zero     0x20000420   0x240  Global.o [4]
                                 - 0x20000660   0x240

Absolute sections, part 115 of 163:               0x4
  .ARM.__at_0x20000690    zero     0x20000690     0x4  Global_app.o [4]
                                 - 0x20000694     0x4

Absolute sections, part 116 of 163:               0x4
  .ARM.__at_0x20000698    zero     0x20000698     0x4  Global_app.o [4]
                                 - 0x2000069c     0x4

Absolute sections, part 117 of 163:               0x4
  .ARM.__at_0x200006a0    zero     0x200006a0     0x4  Global_app.o [4]
                                 - 0x200006a4     0x4

Absolute sections, part 118 of 163:               0x4
  .ARM.__at_0x200006a8    zero     0x200006a8     0x4  Global_app.o [4]
                                 - 0x200006ac     0x4

Absolute sections, part 119 of 163:               0x8
  .ARM.__at_0x200006b0    zero     0x200006b0     0x8  Global_app.o [4]
                                 - 0x200006b8     0x8

Absolute sections, part 120 of 163:             0x900
  .ARM.__at_0x20000700    zero     0x20000700   0x100  Global_app.o [4]
  .ARM.__at_0x20000800    zero     0x20000800   0x400  Global_app.o [4]
  .ARM.__at_0x20000c00    zero     0x20000c00   0x400  Global_app.o [4]
                                 - 0x20001000   0x900

Absolute sections, part 121 of 163:              0x28
  .ARM.__at_0x20001100    zero     0x20001100     0x4  Global_System.o [4]
  .ARM.__at_0x20001104    zero     0x20001104     0x4  Global_System.o [4]
  .ARM.__at_0x20001108    zero     0x20001108     0x4  Global_System.o [4]
  .ARM.__at_0x2000110c    zero     0x2000110c     0x4  Global_System.o [4]
  .ARM.__at_0x20001110    zero     0x20001110     0x4  Global_System.o [4]
  .ARM.__at_0x20001114    zero     0x20001114     0x4  Global_System.o [4]
  .ARM.__at_0x20001118    zero     0x20001118     0xc  Global_System.o [4]
  .ARM.__at_0x20001124    zero     0x20001124     0x4  Global_System.o [4]
                                 - 0x20001128    0x28

Absolute sections, part 122 of 163:              0x14
  .ARM.__at_0x2000112c    zero     0x2000112c     0x4  Global_System.o [4]
  .ARM.__at_0x20001130    zero     0x20001130     0x4  Global_System.o [4]
  .ARM.__at_0x20001134    zero     0x20001134     0x4  Global_System.o [4]
  .ARM.__at_0x20001138    zero     0x20001138     0x4  Global_System.o [4]
  .ARM.__at_0x2000113c    zero     0x2000113c     0x4  Global_System.o [4]
                                 - 0x20001140    0x14

Absolute sections, part 123 of 163:              0x20
  .ARM.__at_0x20001144    zero     0x20001144     0x4  Global_System.o [4]
  .ARM.__at_0x20001148    zero     0x20001148     0x4  Global_System.o [4]
  .ARM.__at_0x2000114c    zero     0x2000114c     0x4  Global_System.o [4]
  .ARM.__at_0x20001150    zero     0x20001150     0x4  Global_System.o [4]
  .ARM.__at_0x20001154    zero     0x20001154     0xc  Global_System.o [4]
  .ARM.__at_0x20001160    zero     0x20001160     0x4  Global_System.o [4]
                                 - 0x20001164    0x20

Absolute sections, part 124 of 163:               0x1
  .ARM.__at_0x20001178    uninit   0x20001178     0x1  Global_System.o [4]
                                 - 0x20001179     0x1

Absolute sections, part 125 of 163:               0x1
  .ARM.__at_0x2000117c    uninit   0x2000117c     0x1  Global_System.o [4]
                                 - 0x2000117d     0x1

Absolute sections, part 126 of 163:               0x2
  .ARM.__at_0x20001180    uninit   0x20001180     0x2  Global_System.o [4]
                                 - 0x20001182     0x2

Absolute sections, part 127 of 163:               0x8
  .ARM.__at_0x20001184    zero     0x20001184     0x4  Global_System.o [4]
  .ARM.__at_0x20001188    zero     0x20001188     0x4  Global_System.o [4]
                                 - 0x2000118c     0x8

Absolute sections, part 128 of 163:              0x18
  .ARM.__at_0x200011c0    zero     0x200011c0    0x18  Global_System.o [4]
                                 - 0x200011d8    0x18

Absolute sections, part 129 of 163:              0x5c
  .ARM.__at_0x200011e0    zero     0x200011e0     0x8  Global_System.o [4]
  .ARM.__at_0x200011e8    zero     0x200011e8     0x8  Global_System.o [4]
  .ARM.__at_0x200011f0    zero     0x200011f0     0x8  Global_System.o [4]
  .ARM.__at_0x200011f8    zero     0x200011f8     0x8  Global_System.o [4]
  .ARM.__at_0x20001200    zero     0x20001200     0x8  Global_System.o [4]
  .ARM.__at_0x20001208    zero     0x20001208     0x8  Global_System.o [4]
  .ARM.__at_0x20001210    zero     0x20001210     0x8  Global_System.o [4]
  .ARM.__at_0x20001218    zero     0x20001218     0x8  Global_System.o [4]
  .ARM.__at_0x20001220    zero     0x20001220     0x8  Global_System.o [4]
  .ARM.__at_0x20001228    zero     0x20001228     0x8  Global_System.o [4]
  .ARM.__at_0x20001230    zero     0x20001230     0xc  Global_System.o [4]
                                 - 0x2000123c    0x5c

Absolute sections, part 130 of 163:             0x100
  .ARM.__at_0x20001250    zero     0x20001250    0x10  Global_System.o [4]
  .ARM.__at_0x20001260    zero     0x20001260    0xb0  Global_System.o [4]
  .ARM.__at_0x20001310    zero     0x20001310    0x20  Global_System.o [4]
  .ARM.__at_0x20001330    zero     0x20001330    0x20  Global_System.o [4]
                                 - 0x20001350   0x100

Absolute sections, part 131 of 163:              0x60
  .ARM.__at_0x20001360    zero     0x20001360    0x60  Global_System.o [4]
                                 - 0x200013c0    0x60

Absolute sections, part 132 of 163:              0x60
  .ARM.__at_0x200013f0    zero     0x200013f0    0x60  Global_System.o [4]
                                 - 0x20001450    0x60

Absolute sections, part 133 of 163:              0xc0
  .ARM.__at_0x20001460    zero     0x20001460    0xc0  Global_System.o [4]
                                 - 0x20001520    0xc0

Absolute sections, part 134 of 163:              0xc0
  .ARM.__at_0x20001524    zero     0x20001524    0xc0  Global_System.o [4]
                                 - 0x200015e4    0xc0

Absolute sections, part 135 of 163:              0xd8
  .ARM.__at_0x200015f0    zero     0x200015f0    0xd8  Global_System.o [4]
                                 - 0x200016c8    0xd8

Absolute sections, part 136 of 163:             0x3f8
  .ARM.__at_0x20001700    zero     0x20001700   0x3f8  Global_System.o [4]
                                 - 0x20001af8   0x3f8

Absolute sections, part 137 of 163:             0x1f8
  .ARM.__at_0x20001b00    zero     0x20001b00   0x1f8  Global_System.o [4]
                                 - 0x20001cf8   0x1f8

Absolute sections, part 138 of 163:               0x4
  .ARM.__at_0x20001d00    zero     0x20001d00     0x4  MP_FUOTA.o [4]
                                 - 0x20001d04     0x4

Absolute sections, part 139 of 163:               0x4
  .ARM.__at_0x20001d08    zero     0x20001d08     0x4  MP_FUOTA.o [4]
                                 - 0x20001d0c     0x4

Absolute sections, part 140 of 163:               0x4
  .ARM.__at_0x20001d10    zero     0x20001d10     0x4  MP_FUOTA.o [4]
                                 - 0x20001d14     0x4

Absolute sections, part 141 of 163:               0x8
  .ARM.__at_0x20001d18    zero     0x20001d18     0x8  MP_FUOTA.o [4]
                                 - 0x20001d20     0x8

Absolute sections, part 142 of 163:               0xc
  .ARM.__at_0x20001d28    zero     0x20001d28     0xc  MP_FUOTA.o [4]
                                 - 0x20001d34     0xc

Absolute sections, part 143 of 163:             0xa58
  .ARM.__at_0x20001d38    zero     0x20001d38    0x20  MP_FUOTA.o [4]
  .ARM.__at_0x20001d58    zero     0x20001d58    0x48  MP_FUOTA.o [4]
  .ARM.__at_0x20001da0    zero     0x20001da0    0x48  MP_FUOTA.o [4]
  .ARM.__at_0x20001de8    zero     0x20001de8    0x48  MP_FUOTA.o [4]
  .ARM.__at_0x20001e30    zero     0x20001e30   0x100  MP_FUOTA.o [4]
  .ARM.__at_0x20001f30    zero     0x20001f30    0x60  MP_FUOTA.o [4]
  .ARM.__at_0x20001f90    zero     0x20001f90   0x800  MP_FUOTA.o [4]
                                 - 0x20002790   0xa58

Absolute sections, part 144 of 163:               0x4
  Absolute sections 144-1
                                   0x200027f0     0x4  <Init block>
    .data                 inited   0x200027f0     0x4  utilities.o [4]
                                 - 0x200027f4     0x4

Absolute sections, part 145 of 163:               0x4
  .ARM.__at_0x20002800    zero     0x20002800     0x4  Global_Radio.o [4]
                                 - 0x20002804     0x4

Absolute sections, part 146 of 163:               0x1
  .ARM.__at_0x20002808    uninit   0x20002808     0x1  Global_Radio.o [4]
                                 - 0x20002809     0x1

Absolute sections, part 147 of 163:               0x2
  .ARM.__at_0x20002810    uninit   0x20002810     0x2  Global_Radio.o [4]
                                 - 0x20002812     0x2

Absolute sections, part 148 of 163:              0x90
  .ARM.__at_0x20002820    zero     0x20002820    0x80  Global_Radio.o [4]
  .ARM.__at_0x200028a0    zero     0x200028a0    0x10  Global_Radio.o [4]
                                 - 0x200028b0    0x90

Absolute sections, part 149 of 163:              0x74
  .ARM.__at_0x200028c0    zero     0x200028c0    0x74  Global_Radio.o [4]
                                 - 0x20002934    0x74

Absolute sections, part 150 of 163:              0x18
  .ARM.__at_0x20002c00    zero     0x20002c00     0x4  EBGlobal.o [3]
  .ARM.__at_0x20002c04    zero     0x20002c04     0x4  EBGlobal.o [3]
  .ARM.__at_0x20002c08    zero     0x20002c08     0x4  EBGlobal.o [3]
  .ARM.__at_0x20002c0c    zero     0x20002c0c     0x4  EBGlobal.o [3]
  .ARM.__at_0x20002c10    zero     0x20002c10     0x4  EBGlobal.o [3]
  .ARM.__at_0x20002c14    zero     0x20002c14     0x4  EBGlobal.o [3]
                                 - 0x20002c18    0x18

Absolute sections, part 151 of 163:               0x2
  .ARM.__at_0x20002c30    uninit   0x20002c30     0x1  EBGlobal.o [3]
  .ARM.__at_0x20002c31    uninit   0x20002c31     0x1  EBGlobal.o [3]
                                 - 0x20002c32     0x2

Absolute sections, part 152 of 163:               0x2
  .ARM.__at_0x20002c34    uninit   0x20002c34     0x2  EBGlobal.o [3]
                                 - 0x20002c36     0x2

Absolute sections, part 153 of 163:               0x4
  .ARM.__at_0x20002c38    uninit   0x20002c38     0x2  EBGlobal.o [3]
  .ARM.__at_0x20002c3a    uninit   0x20002c3a     0x1  EBGlobal.o [3]
  .ARM.__at_0x20002c3b    uninit   0x20002c3b     0x1  EBGlobal.o [3]
                                 - 0x20002c3c     0x4

Absolute sections, part 154 of 163:              0x20
  .ARM.__at_0x20002c40    zero     0x20002c40     0x8  EBGlobal.o [3]
  .ARM.__at_0x20002c48    zero     0x20002c48     0x8  EBGlobal.o [3]
  .ARM.__at_0x20002c50    zero     0x20002c50     0x8  EBGlobal.o [3]
  .ARM.__at_0x20002c58    zero     0x20002c58     0x8  EBGlobal.o [3]
                                 - 0x20002c60    0x20

Absolute sections, part 155 of 163:               0xc
  .ARM.__at_0x20002c70    zero     0x20002c70     0xc  EBGlobal.o [3]
                                 - 0x20002c7c     0xc

Absolute sections, part 156 of 163:              0x48
  .ARM.__at_0x20002c90    zero     0x20002c90    0x20  EBGlobal.o [3]
  .ARM.__at_0x20002cb0    zero     0x20002cb0    0x28  EBGlobal.o [3]
                                 - 0x20002cd8    0x48

Absolute sections, part 157 of 163:             0x1b0
  .ARM.__at_0x20002d00    zero     0x20002d00    0x48  EBGlobal.o [3]
  .ARM.__at_0x20002d48    zero     0x20002d48    0x48  EBGlobal.o [3]
  .ARM.__at_0x20002d90    zero     0x20002d90    0x48  EBGlobal.o [3]
  .ARM.__at_0x20002dd8    zero     0x20002dd8    0x48  EBGlobal.o [3]
  .ARM.__at_0x20002e20    zero     0x20002e20    0x48  EBGlobal.o [3]
  .ARM.__at_0x20002e68    zero     0x20002e68    0x48  EBGlobal.o [3]
                                 - 0x20002eb0   0x1b0

Absolute sections, part 158 of 163:             0x210
  .ARM.__at_0x20002f40    zero     0x20002f40    0x80  EBGlobal.o [3]
  .ARM.__at_0x20002fc0    zero     0x20002fc0   0x100  EBGlobal.o [3]
  .ARM.__at_0x200030c0    zero     0x200030c0    0x90  EBGlobal.o [3]
                                 - 0x20003150   0x210

Absolute sections, part 159 of 163:              0xc0
  .ARM.__at_0x200031c0    zero     0x200031c0    0xc0  EBGlobal.o [3]
                                 - 0x20003280    0xc0

Absolute sections, part 160 of 163:             0x1b0
  .ARM.__at_0x20003340    zero     0x20003340   0x1b0  EBGlobal.o [3]
                                 - 0x200034f0   0x1b0

Absolute sections, part 161 of 163:             0x598
  .ARM.__at_0x20003640    zero     0x20003640   0x598  EBGlobal.o [3]
                                 - 0x20003bd8   0x598

"P10":                                          0x3ac
  .bss                    zero     0x20003bd8   0x180  WaterMeter.o [1]
  .bss                    zero     0x20003d58    0xe0  WaterMeter.o [1]
  .bss                    zero     0x20003e38    0x80  WaterMeter.o [1]
  .bss                    zero     0x20003eb8    0x48  WaterMeterHook.o [1]
  .bss                    zero     0x20003f00    0x48  WaterMeterHook.o [1]
  .bss                    zero     0x20003f48    0x38  EBGlobal.o [3]
  .bss                    zero     0x20003f80     0x1  HC32L19_sysctrl.o [4]
                                 - 0x20003f81   0x3a9

Absolute sections, part 162 of 163:             0x990
  .ARM.__at_0x20004a80    zero     0x20004a80   0x980  EBGlobal.o [3]
  .ARM.__at_0x20005400    zero     0x20005400    0x10  BackHaulIF.o [3]
                                 - 0x20005410   0x990

Absolute sections, part 163 of 163:             0x400
  .ARM.__at_0x20005420    zero     0x20005420   0x400  BackHaulIF.o [3]
                                 - 0x20005820   0x400

"P12":                                         0x1600
  CSTACK                           0x20006800  0x1600  <Block>
    CSTACK                uninit   0x20006800  0x1600  <Block tail>
                                 - 0x20007e00  0x1600


*******************************************************************************
*** INIT TABLE
***

          Address     Size
          -------     ----
Zero (__iar_zero_init3)
    60 destination ranges, total size 0x4259:
          0x20000000   0x1c
          0x20000020    0x4
          0x20000028    0x4
          0x20000030    0x4
          0x20000038    0x4
          0x20000040    0x4
          0x20000048    0x4
          0x20000050   0x14
          0x20000068   0x10
          0x20000080    0xc
          0x20000090    0xc
          0x200000a0   0x10
          0x200000b4   0x2c
          0x20000118   0x24
          0x20000140   0x5c
          0x20000210   0x5c
          0x20000270   0x74
          0x200002f0  0x118
          0x20000420  0x240
          0x20000690    0x4
          0x20000698    0x4
          0x200006a0    0x4
          0x200006a8    0x4
          0x200006b0    0x8
          0x20000700  0x900
          0x20001100   0x28
          0x2000112c   0x14
          0x20001144   0x20
          0x20001184    0x8
          0x200011c0   0x18
          0x200011e0   0x5c
          0x20001250  0x100
          0x20001360   0x60
          0x200013f0   0x60
          0x20001460   0xc0
          0x20001524   0xc0
          0x200015f0   0xd8
          0x20001700  0x3f8
          0x20001b00  0x1f8
          0x20001d00    0x4
          0x20001d08    0x4
          0x20001d10    0x4
          0x20001d18    0x8
          0x20001d28    0xc
          0x20001d38  0xa58
          0x20002800    0x4
          0x20002820   0x90
          0x200028c0   0x74
          0x20002c00   0x18
          0x20002c40   0x20
          0x20002c70    0xc
          0x20002c90   0x48
          0x20002d00  0x1b0
          0x20002f40  0x210
          0x200031c0   0xc0
          0x20003340  0x1b0
          0x20003640  0x598
          0x20003bd8  0x3a9
          0x20004a80  0x990
          0x20005420  0x400

Copy (__iar_copy_init3)
    1 source range, total size 0x4:
          0x0000a828    0x4
    1 destination range, total size 0x4:
          0x200027f0    0x4



*******************************************************************************
*** MODULE SUMMARY
***

    Module                 ro code  ro data  rw data  ro code  ro data  rw data
                                                       (abs)    (abs)    (abs)
    ------                 -------  -------  -------  -------  -------  -------
D:\R&DSoftware\Module\EBSD\project\WaterMeter\Debug\Obj: [1]
    WaterMeter.o             1 568               736
    WaterMeterHook.o         1 028               144
    ---------------------------------------------------------------------------
    Total:                   2 596               880

command line: [2]
    ---------------------------------------------------------------------------
    Total:

EBLib.a: [3]
    BackHaulIF.o             1 196                                        1 040
    CrcCal.o                                              302
    EBGlobal.o                                    56                      5 596
    LoraDn.o                   136                        972
    MP_INT.o                                              380
    MP_LWS.o                                              376
    MyAPP.o                     20                      4 558
    MyAppHook.o                 14                          4
    MyBoard.o                  100                        804
    MyTask.o                    88                      4 136
    ParaParse.o                                           796
    QueryUp.o                                           3 164
    mymain.o                                              232
    ---------------------------------------------------------------------------
    Total:                   1 554                56   15 724             6 636

LWS429Lib.a: [4]
    Baord.o                    648
    Global.o                                                              1 364
    Global_Radio.o             280                                          267
    Global_System.o            144                                        2 788
    Global_app.o                                                          2 328
    HC32L19_sysctrl.o          874                 1
    IWdg.o                     272
    InterFace.o              4 392
    LWS_IT.o                   490
    LoRaChanConfig.o         3 760                                 292
    LoRaCrypto.o               568
    LoRaMidware.o            2 076
    LowPower.o                 256
    MP_FUOTA.o               3 520                                        2 680
    MT_HC32L19_ADC.o           488
    MT_HC32L19_Flash.o         600
    MT_HC32L19_GPIO.o          556
    MT_HC32L19_LPTimer.o       460
    MT_HC32L19_LPUART.o        556
    MT_HC32L19_RTC.o         1 368
    MT_HC32L19_SPI.o           150
    MT_HC32L19_Timer.o         432
    MT_HC32L19_UART.o          796
    ModeBus.o                5 412
    MyFlash.o                1 300
    MyInline.o                  46
    OMxGpio.o                  260
    ParaInitial.o            1 724
    Task.o                   3 184
    TickS.o                    760
    aes.o                    1 680                               4 392
    interrupts_hc32l19x.o    1 448
    lorabase.o                 180
    lws.o                   17 316
    main.o                                                 68
    mpos_ramfun.o              852
    radio.o                  3 300
    startup_hc32l19x.o         238
    sx126x-board.o             724
    sx126x.o                 1 928                                  80
    system_hc32l19x.o          266
    systermProtect.o           672
    timer.o                    900
    utilities.o                500        4                                   4
    ---------------------------------------------------------------------------
    Total:                  65 376        4        1       68    4 764    9 431

dl6M_tln.a: [5]
    exit.o                       8
    ---------------------------------------------------------------------------
    Total:                       8

m6M_tl.a: [6]
    DblAddSub.o                436
    DblCmpEq.o                  36
    DblCmpGe.o                  50
    DblCmpLe.o                  50
    DblDiv.o                   194
    DblMul.o                   388
    DblToFlt.o                  98
    DblToI32.o                  82
    DblToI64.o                 128
    FltAddSub.o                288
    FltDiv.o                   170
    FltMul.o                   176
    FltToDbl.o                  50
    FltToS32.o                  58
    IxxToDbl.o                 136
    IxxToFlt.o                  54
    ceil.o                      88
    floor.o                     88
    ---------------------------------------------------------------------------
    Total:                   2 570

rt6M_tl.a: [7]
    ABImemcpy.o                 92
    ABImemset.o                 88
    I32DivMod.o                 94
    I64DivMod.o                168
    I64DivZer.o                  2
    I64Mul.o                    50
    I64Shl.o                    34
    IntDivZer.o                  2
    S64Shr.o                    34
    U64Shr.o                    30
    cexit.o                     10
    cmain.o                     30
    copy_init3.o                48
    cstartup_M.o                12
    data_init.o                 40
    uread4.o                    22
    uread8.o                    42
    uwrite4.o                   20
    uwrite8.o                   30
    zero_init3.o                60
    ---------------------------------------------------------------------------
    Total:                     908

shb_l.a: [8]
    exit.o                      20
    ---------------------------------------------------------------------------
    Total:                      20

    Gaps                        44
    Linker created                      508    5 632
-------------------------------------------------------------------------------
    Grand Total:            73 076      512    6 569   15 792    4 764   16 067


*******************************************************************************
*** ENTRY LIST
***

Entry                      Address   Size  Type      Object
-----                      -------   ----  ----      ------
.iar.init_table$$Base   0x0001a938          --   Gb  - Linker created -
.iar.init_table$$Limit  0x0001ab34          --   Gb  - Linker created -
?main                   0x000055a1         Code  Gb  cmain.o [7]
ADC_DAC_IRQHandler      0x0000367d    0xc  Code  Gb  interrupts_hc32l19x.o [4]
ADC_GetChVal            0x00004b3d   0x78  Code  Gb  MT_HC32L19_ADC.o [4]
ADC_GetExAdValue        0x00004bfd   0x2e  Code  Gb  MT_HC32L19_ADC.o [4]
ADC_GetTempValue        0x00004bcd   0x2e  Code  Gb  MT_HC32L19_ADC.o [4]
ADC_GetVoltageValue     0x00004bb5   0x18  Code  Gb  MT_HC32L19_ADC.o [4]
ADC_Init                0x00004ae1   0x56  Code  Gb  MT_HC32L19_ADC.o [4]
AESAUX                  0x20001250   0x10  Data  Gb  Global_System.o [4]
AESKEY                  0x20001260   0xb0  Data  Gb  Global_System.o [4]
AES_E123                0x0000ac00  0x400  Data  Lc  aes.o [4]
AES_E2                  0x0000b000  0x400  Data  Lc  aes.o [4]
AES_E3                  0x0000b400  0x400  Data  Lc  aes.o [4]
AES_E4                  0x0000b800  0x400  Data  Lc  aes.o [4]
AES_RCON                0x0000a800   0x28  Data  Lc  aes.o [4]
AES_S                   0x0000a840  0x100  Data  Lc  aes.o [4]
ALI_ScanJoinMap         0x00011b91   0x72  Code  Gb  LoRaChanConfig.o [4]
ALI_checkCycles         0x00011c25   0x40  Code  Gb  LoRaChanConfig.o [4]
AUXLED_OFF              0x00016131   0x24  Code  Gb  MyBoard.o [3]
AUXLED_ON               0x00016101   0x24  Code  Gb  MyBoard.o [3]
AppHook_ActAfterCvt6    0x0001f301    0x2  Code  Gb  MyAppHook.o [3]
AppHook_ActAfterCvt7    0x0001f341    0x2  Code  Gb  MyAppHook.o [3]
AppHook_DealDevAck      0x0001ab3f    0x4  Code  Gb  MyAppHook.o [3]
AppHook_GetPayload      0x0001ab39    0x6  Code  Gb  MyAppHook.o [3]
AppRunStatus            0x20002c90   0x20  Data  Gb  EBGlobal.o [3]
App_ExcuteQueryTaskNow  0x00014e01   0x2c  Code  Gb  MyAPP.o [3]
App_Init                0x00015b41  0x2b0  Code  Gb  MyAPP.o [3]
App_InitUartInFactory   0x000157c1   0x68  Code  Gb  MyAPP.o [3]
App_InsertLoraUpEvent   0x00014f71   0x9c  Code  Gb  MyAPP.o [3]
App_InsertQueryEvent    0x00015011   0xf0  Code  Gb  MyAPP.o [3]
App_InstallDefaultTask  0x00015101   0x16  Code  Gb  MyAPP.o [3]
App_InstallUart2Task    0x00015161   0xa4  Code  Gb  MyAPP.o [3]
App_InstallUserTask     0x00015211   0x3c  Code  Gb  MyAPP.o [3]
App_SendModuleInfo      0x00015721   0x80  Code  Gb  MyAPP.o [3]
BCD2HEX                 0x000027e9   0x10  Code  Gb  MT_HC32L19_RTC.o [4]
BHBuffer                0x20005420  0x400  Data  Gb  BackHaulIF.o [3]
Bandwidths              0x00008c90    0xc  Data  Gb  radio.o [4]
BcdToHex                0x00017b01   0x50  Code  Gb  QueryUp.o [3]
BllPara                 0x20002cb0   0x28  Data  Gb  EBGlobal.o [3]
BllParaBuf              0x20004a80  0x980  Data  Gb  EBGlobal.o [3]
Bt_M0_Run               0x00001cf9    0xc  Code  Gb  MT_HC32L19_Timer.o [4]
Buf485Clear             0x00016609   0x20  Code  Gb  MyTask.o [3]
Buffer485Send           0x00016839   0x54  Code  Gb  MyTask.o [3]
BufferSendUART1         0x000162c1   0x2c  Code  Gb  MyBoard.o [3]
BufferSendUART2         0x000162f1   0x2c  Code  Gb  MyBoard.o [3]
BuildFrame              0x0000151d  0x40c  Code  Gb  ModeBus.o [4]
Bytes2F                 0x00017c11   0x22  Code  Gb  QueryUp.o [3]
Bytes2S8                0x00017b81   0x88  Code  Gb  QueryUp.o [3]
CFReg                   0x20000270   0x74  Data  Gb  Global.o [4]
CLKTRIM_IRQHandler      0x000036c1    0x8  Code  Gb  interrupts_hc32l19x.o [4]
CSTACK$$Base            0x20006800          --   Gb  - Linker created -
CSTACK$$Limit           0x20007e00          --   Gb  - Linker created -
CUSUM_CRC               0x0000214d   0x1a  Code  Gb  utilities.o [4]
CalcTempBuf             0x20002f40   0x80  Data  Gb  EBGlobal.o [3]
CheckAckCrc             0x00017c41   0xac  Code  Gb  QueryUp.o [3]
CheckMTData             0x0001a537   0x5c  Code  Gb  BackHaulIF.o [3]
CheckStack              0x00001957   0x9a  Code  Gb  systermProtect.o [4]
CheckTaskTime           0x000019f1   0x6c  Code  Gb  systermProtect.o [4]
Clock_Init              0x0000205f   0x50  Code  Gb  Baord.o [4]
ConstOp                 0x00018501  0x188  Code  Gb  QueryUp.o [3]
CrcCal                  0x000148a1   0xa0  Code  Gb  CrcCal.o [3]
CrcCal_hook             0x0001ab35    0x4  Code  Gb  MyAppHook.o [3]
CurrentDeviceId         0x20002c3a    0x1  Data  Gb  EBGlobal.o [3]
DMAC_IRQHandler         0x00003565   0x12  Code  Gb  interrupts_hc32l19x.o [4]
DR2HSYM_osticks_eu868   0x0000ab80   0x40  Data  Gb  LoRaChanConfig.o [4]
DRADJUST                0x200011e8    0x8  Data  Gb  Global_System.o [4]
DebugDealData           0x00000591  0xf60  Code  Gb  ModeBus.o [4]
DelayUs                 0x00001e95   0x2e  Code  Gb  MyInline.o [4]
EB_Hook                 0x20003f48   0x38  Data  Gb  EBGlobal.o [3]
EB_HookInit             0x0001a22d   0x16  Code  Gb  WaterMeterHook.o [1]
EB_Sleep                0x00016761   0x34  Code  Gb  MyTask.o [3]
EB_Wakeup               0x00016701   0x58  Code  Gb  MyTask.o [3]
EMCTest                 0x00000411   0x60  Code  Gb  ModeBus.o [4]
ENABLE_WUIN             0x00016271   0x34  Code  Gb  MyBoard.o [3]
ENABLE_WUOUT            0x000161e1   0x24  Code  Gb  MyBoard.o [3]
EnableNvic              0x00003171   0x52  Code  Gb  interrupts_hc32l19x.o [4]
EnterWFI                0x000050df   0x56  Code  Gb  LowPower.o [4]
ExistOnceEvent          0x00006e33   0x4e  Code  Gb  Task.o [4]
ExitWFI                 0x00005135   0x2a  Code  Gb  LowPower.o [4]
Exp                     0x000184a1   0x46  Code  Gb  QueryUp.o [3]
FLASH_EraseSector       0x00004269   0x18  Code  Gb  MT_HC32L19_Flash.o [4]
FLASH_Initialization    0x0000425d    0xc  Code  Gb  MT_HC32L19_Flash.o [4]
FLASH_ProgramLongWord   0x00004281    0x8  Code  Gb  MT_HC32L19_Flash.o [4]
FLASH_RAM_IRQHandler    0x000036b5    0xc  Code  Gb  interrupts_hc32l19x.o [4]
FirstFlashSuccess       0x200006b0    0x8  Data  Gb  Global_app.o [4]
Flash_FreeRead          0x00002c17   0x1c  Code  Gb  MyFlash.o [4]
Flash_FreeReadWithBackup
                        0x00002b91   0x86  Code  Gb  MyFlash.o [4]
Flash_FreeWrite         0x00002b65   0x1c  Code  Gb  MyFlash.o [4]
Flash_FreeWriteWithBackup
                        0x00002adf   0x86  Code  Gb  MyFlash.o [4]
Flash_Read_Byte         0x00002901   0x18  Code  Lc  MyFlash.o [4]
Flash_Read_Sector       0x000029ab   0x78  Code  Lc  MyFlash.o [4]
Flash_SizeSelect        0x000028c5   0x3c  Code  Gb  MyFlash.o [4]
Flash_Write_Sector      0x00002919   0x92  Code  Lc  MyFlash.o [4]
FwReg                   0x20000140   0x5c  Data  Gb  Global.o [4]
GET_WUIN                0x000161b1   0x24  Code  Gb  MyBoard.o [3]
GPIOInit                0x00001f33   0x90  Code  Gb  Baord.o [4]
GPIOUserInit            0x00001ee5   0x4e  Code  Gb  Baord.o [4]
GPIO_AFConfig           0x00003815   0x12  Code  Gb  MT_HC32L19_GPIO.o [4]
GPIO_Config             0x00003835   0x5c  Code  Gb  MT_HC32L19_GPIO.o [4]
GPIO_IT_Config          0x000038c5   0x44  Code  Gb  MT_HC32L19_GPIO.o [4]
GPIO_IT_Diable          0x00003909   0x36  Code  Gb  MT_HC32L19_GPIO.o [4]
GPIO_IntHandler         0x000031e1   0x62  Code  Gb  interrupts_hc32l19x.o [4]
GPIO_PinGet             0x000038a5   0x12  Code  Gb  MT_HC32L19_GPIO.o [4]
GPIO_PinSet             0x00003891   0x12  Code  Gb  MT_HC32L19_GPIO.o [4]
GetBit                  0x0000310b    0xa  Code  Gb  HC32L19_sysctrl.o [4]
GetBuf                  0x00018861   0x56  Code  Gb  QueryUp.o [3]
GetOpCond               0x00015251   0x40  Code  Gb  MyAPP.o [3]
GetUpBuffer             0x00018701    0x4  Code  Gb  QueryUp.o [3]
HC_Adc_CfgSglChannel    0x00004abf   0x18  Code  Gb  MT_HC32L19_ADC.o [4]
HC_Adc_Init             0x00004a69   0x56  Code  Gb  MT_HC32L19_ADC.o [4]
HC_Bt_ClearAllIntFlag   0x00001bdd    0x2  Code  Gb  MT_HC32L19_Timer.o [4]
HC_Bt_ClearIntFlag      0x00001bd5    0x8  Code  Gb  MT_HC32L19_Timer.o [4]
HC_Bt_M0_ARRSet         0x00001c83   0x14  Code  Gb  MT_HC32L19_Timer.o [4]
HC_Bt_M0_Cnt16Set       0x00001c81    0x2  Code  Gb  MT_HC32L19_Timer.o [4]
HC_Bt_M0_Run            0x00001c7d    0x2  Code  Gb  MT_HC32L19_Timer.o [4]
HC_Bt_M0_Stop           0x00001c7f    0x2  Code  Gb  MT_HC32L19_Timer.o [4]
HC_Bt_Mode0_EnableIrq   0x00001beb    0xe  Code  Gb  MT_HC32L19_Timer.o [4]
HC_Bt_Mode0_Init        0x00001bf9   0x84  Code  Gb  MT_HC32L19_Timer.o [4]
HC_Flash_Init           0x00004031   0x92  Code  Gb  MT_HC32L19_Flash.o [4]
HC_Flash_LockAll        0x00004215    0xe  Code  Gb  MT_HC32L19_Flash.o [4]
HC_Flash_SectorErase    0x00004181   0x8c  Code  Gb  MT_HC32L19_Flash.o [4]
HC_Flash_UnlockAll      0x00004223    0xe  Code  Gb  MT_HC32L19_Flash.o [4]
HC_Flash_WriteWord      0x000040e9   0x8c  Code  Gb  MT_HC32L19_Flash.o [4]
HC_GPIO_Map             0x0001a75d   0x54  Code  Gb  OMxGpio.o [4]
HC_Gpio_ClearIrq        0x000037eb    0x8  Code  Gb  MT_HC32L19_GPIO.o [4]
HC_Gpio_DisableIrq      0x000037cd    0x6  Code  Gb  MT_HC32L19_GPIO.o [4]
HC_Gpio_EnableIrq       0x000037c5    0x8  Code  Gb  MT_HC32L19_GPIO.o [4]
HC_Gpio_GetInputIO      0x00003799    0x6  Code  Gb  MT_HC32L19_GPIO.o [4]
HC_Gpio_GetIrqPortStatus
                        0x000037e3    0x8  Code  Gb  MT_HC32L19_GPIO.o [4]
HC_Gpio_Init            0x00003719   0x80  Code  Gb  MT_HC32L19_GPIO.o [4]
HC_Gpio_SetAfMode       0x000037b7    0xe  Code  Gb  MT_HC32L19_GPIO.o [4]
HC_Gpio_WriteOutputIO   0x0000379f    0x6  Code  Gb  MT_HC32L19_GPIO.o [4]
HC_LPUart_ClrStatus     0x00003d8f    0x8  Code  Gb  MT_HC32L19_LPUART.o [4]
HC_LPUart_DisableIrq    0x00003d71    0x6  Code  Gb  MT_HC32L19_LPUART.o [4]
HC_LPUart_EnableFunc    0x00003d77    0x2  Code  Gb  MT_HC32L19_LPUART.o [4]
HC_LPUart_EnableIrq     0x00003d6d    0x4  Code  Gb  MT_HC32L19_LPUART.o [4]
HC_LPUart_GetStatus     0x00003d85    0xa  Code  Gb  MT_HC32L19_LPUART.o [4]
HC_LPUart_Init          0x00003d99   0x74  Code  Gb  MT_HC32L19_LPUART.o [4]
HC_LPUart_Init::u32Over
                        0x00003f8c    0xc  Data  Lc  MT_HC32L19_LPUART.o [4]
HC_Lpm_GotoDeepSleep    0x00005075    0xc  Code  Gb  LowPower.o [4]
HC_Lpm_GotoSleep        0x00005081    0xa  Code  Gb  LowPower.o [4]
HC_Lptim_ClrItStatus    0x000042a1    0xa  Code  Gb  MT_HC32L19_LPTimer.o [4]
HC_Lptim_Cmd            0x00004291    0x4  Code  Gb  MT_HC32L19_LPTimer.o [4]
HC_Lptim_ConfIt         0x00004289    0x8  Code  Gb  MT_HC32L19_LPTimer.o [4]
HC_Lptim_GetCNT         0x000042ab    0x6  Code  Gb  MT_HC32L19_LPTimer.o [4]
HC_Lptim_GetItStatus    0x00004295    0xc  Code  Gb  MT_HC32L19_LPTimer.o [4]
HC_Lptim_Init           0x000042bf   0xac  Code  Gb  MT_HC32L19_LPTimer.o [4]
HC_Rtc_AlmIeCmd         0x000023eb   0x1e  Code  Gb  MT_HC32L19_RTC.o [4]
HC_Rtc_Cmd              0x0000236d    0xa  Code  Gb  MT_HC32L19_RTC.o [4]
HC_Rtc_CompCfg          0x00002419   0x34  Code  Gb  MT_HC32L19_RTC.o [4]
HC_Rtc_Init             0x00002529   0x48  Code  Gb  MT_HC32L19_RTC.o [4]
HC_Rtc_ReadDateTime     0x0000244d   0x72  Code  Gb  MT_HC32L19_RTC.o [4]
HC_Rtc_SetCyc           0x00002399   0x52  Code  Gb  MT_HC32L19_RTC.o [4]
HC_Rtc_SetTime          0x000024bf   0x62  Code  Gb  MT_HC32L19_RTC.o [4]
HC_Rtc_StartWait        0x00002377   0x22  Code  Gb  MT_HC32L19_RTC.o [4]
HC_Spi_Init             0x00003f99   0x24  Code  Gb  MT_HC32L19_SPI.o [4]
HC_Spi_RWByte           0x00003fbd   0x1a  Code  Gb  MT_HC32L19_SPI.o [4]
HC_Uart_ClrIsr          0x00003a69    0x8  Code  Gb  MT_HC32L19_UART.o [4]
HC_Uart_ClrStatus       0x00003a71    0x8  Code  Gb  MT_HC32L19_UART.o [4]
HC_Uart_EnableFunc      0x00003a51    0x2  Code  Gb  MT_HC32L19_UART.o [4]
HC_Uart_GetStatus       0x00003a5f    0xa  Code  Gb  MT_HC32L19_UART.o [4]
HC_Uart_Init            0x00003a8d   0x78  Code  Gb  MT_HC32L19_UART.o [4]
HC_Uart_ReceiveData     0x00003a79    0x6  Code  Gb  MT_HC32L19_UART.o [4]
HC_Wdt_Init             0x00001d85   0x24  Code  Gb  IWdg.o [4]
HEX2BCD                 0x00002749   0x32  Code  Gb  MT_HC32L19_RTC.o [4]
HOOK_EXTI0_IRQHandler   0x2000112c    0x4  Data  Gb  Global_System.o [4]
HOOK_EXTI1_IRQHandler   0x20001130    0x4  Data  Gb  Global_System.o [4]
HOOK_EXTI3_IRQHandler   0x20001134    0x4  Data  Gb  Global_System.o [4]
HOOK_EXTIWK_IRQHandler  0x20001138    0x4  Data  Gb  Global_System.o [4]
HOOK_GPIO_IRQHandler    0x2000113c    0x4  Data  Gb  Global_System.o [4]
HOOK_LPTIM_IRQHandler   0x20001150    0x4  Data  Gb  Global_System.o [4]
HOOK_RTC_IRQHandler     0x2000114c    0x4  Data  Gb  Global_System.o [4]
HOOK_USART1_IRQHandler  0x20001144    0x4  Data  Gb  Global_System.o [4]
HOOK_USART2_IRQHandler  0x20001148    0x4  Data  Gb  Global_System.o [4]
Hal_Init                0x000020d7   0x38  Code  Gb  Baord.o [4]
HardFault_Handler       0x000031c3   0x16  Code  Gb  interrupts_hc32l19x.o [4]
HookAPPParaChanged      0x20000030    0x4  Data  Gb  Global.o [4]
HookExcuteOnce          0x20001108    0x4  Data  Gb  Global_System.o [4]
HookExcuteOnce1         0x2000110c    0x4  Data  Gb  Global_System.o [4]
HookExcuteOnce2         0x20001110    0x4  Data  Gb  Global_System.o [4]
HookExcuteOnce3         0x20001114    0x4  Data  Gb  Global_System.o [4]
HookInternalcallback    0x20001118    0xc  Data  Gb  Global_System.o [4]
HookUARTUserDeal        0x20000014    0x4  Data  Gb  Global.o [4]
HookUserCheck           0x20001160    0x4  Data  Gb  Global_System.o [4]
Hook_Event              0x20000090    0xc  Data  Gb  Global.o [4]
Hook_EventInternal      0x20000080    0xc  Data  Gb  Global.o [4]
Hook_FuotaEvent_Handler
                        0x20001d00    0x4  Data  Gb  MP_FUOTA.o [4]
Hook_SendBuildFram      0x20000040    0x4  Data  Gb  Global.o [4]
Hook_UARTReceive        0x20000010    0x4  Data  Gb  Global.o [4]
Hook_Uart1Ack           0x00016629   0x4c  Code  Gb  MyTask.o [3]
Hook_fuota_uart1_ack    0x20001d08    0x4  Data  Gb  MP_FUOTA.o [4]
Hook_fuota_uart2_ack    0x20001d10    0x4  Data  Gb  MP_FUOTA.o [4]
Hookcallback            0x20001154    0xc  Data  Gb  Global_System.o [4]
I2C0_IRQHandler         0x00003607    0x8  Code  Gb  interrupts_hc32l19x.o [4]
I2C1_IRQHandler         0x0000360f    0x8  Code  Gb  interrupts_hc32l19x.o [4]
IRQInit                 0x000020af   0x28  Code  Gb  Baord.o [4]
IWDG_ReloadCounter      0x00001e53   0x20  Code  Gb  IWdg.o [4]
IWdgInit                0x00001da9   0x20  Code  Gb  IWdg.o [4]
IWdgRst                 0x00001dc9   0x8a  Code  Gb  IWdg.o [4]
IntertalEventInstall    0x00010891   0x2e  Code  Gb  InterFace.o [4]
IsMTCmd                 0x000167f1   0x48  Code  Gb  MyTask.o [3]
IsQuitBios              0x000167a9   0x36  Code  Gb  MyTask.o [3]
Join                    0x00010739   0x44  Code  Gb  InterFace.o [4]
JoinParaInit            0x00011a29   0x86  Code  Gb  LoRaChanConfig.o [4]
JoinReset               0x0001077d   0x18  Code  Gb  InterFace.o [4]
JoinedProcess           0x000128eb   0x6e  Code  Gb  LoRaMidware.o [4]
LCD_IRQHandler          0x000036ad    0x8  Code  Gb  interrupts_hc32l19x.o [4]
LD_LoraDnProcess        0x000149c1  0x3cc  Code  Gb  LoraDn.o [3]
LD_swrxdone             0x00019735   0x88  Code  Gb  LoraDn.o [3]
LORA_RXDONE_FIXUP       0x0000a9a0   0x10  Data  Gb  LoRaChanConfig.o [4]
LPInfo                  0x200000c8   0x18  Data  Gb  Global.o [4]
LPTIM0_1_IRQHandler     0x0000362f   0x14  Code  Gb  interrupts_hc32l19x.o [4]
LPTIM_Config            0x0000436b   0x82  Code  Gb  MT_HC32L19_LPTimer.o [4]
LPTIM_SetWakeUpCounter  0x000043ed   0x44  Code  Gb  MT_HC32L19_LPTimer.o [4]
LPUART0_IRQHandler      0x000035b9   0x32  Code  Gb  interrupts_hc32l19x.o [4]
LPUART1_IRQHandler      0x000035f5    0x2  Code  Gb  interrupts_hc32l19x.o [4]
LVD_IRQHandler          0x000036a5    0x8  Code  Gb  interrupts_hc32l19x.o [4]
LWInterFeedBack         0x000100f1   0xc0  Code  Gb  InterFace.o [4]
LWS                     0x20001700  0x3f8  Data  Gb  Global_System.o [4]
LWS_ALI                 0x200011c0   0x18  Data  Gb  Global_System.o [4]
LWS_GetSysTime          0x000101d7   0x70  Code  Gb  InterFace.o [4]
LWS_GetUPseq            0x00010261    0x6  Code  Gb  InterFace.o [4]
LWS_GetUTCTime          0x00010247   0x1a  Code  Gb  InterFace.o [4]
LWS_SWTxData            0x0000f871   0x52  Code  Gb  lws.o [4]
LWS_SetADR              0x000102cb   0x14  Code  Gb  InterFace.o [4]
LWS_SetBusy             0x0000bc67   0x60  Code  Gb  lws.o [4]
LWS_SetCN470            0x00010279   0x52  Code  Gb  InterFace.o [4]
LWS_SetDR               0x0001026f    0xa  Code  Gb  InterFace.o [4]
LWS_SetDeviceTimeReq    0x00010267    0x8  Code  Gb  InterFace.o [4]
LWS_SetLinkCheck        0x00010369   0x38  Code  Gb  InterFace.o [4]
LWS_SetRelay            0x000101b5   0x22  Code  Gb  InterFace.o [4]
LWS_SetServerADR        0x000102f9   0x12  Code  Gb  InterFace.o [4]
LWS_checkClassA         0x0000fd99   0x92  Code  Gb  lws.o [4]
LWS_checkClassB         0x0000fe3d   0xec  Code  Gb  lws.o [4]
LWS_checkSW             0x0000ff2d   0x2a  Code  Gb  lws.o [4]
LWS_coreProcess         0x0000efb9  0x4c0  Code  Lc  lws.o [4]
LWS_disableChannel_eu868
                        0x000112f1   0x22  Code  Gb  LoRaChanConfig.o [4]
LWS_disableClassB       0x0000fa41   0x28  Code  Gb  lws.o [4]
LWS_disableTracking     0x0000f6f5   0x1c  Code  Gb  lws.o [4]
LWS_enableTracking      0x0000f63d   0xa6  Code  Gb  lws.o [4]
LWS_init                0x0000f4a9   0xb2  Code  Gb  lws.o [4]
LWS_joinReset           0x0000f5d5   0x54  Code  Gb  lws.o [4]
LWS_reset               0x0000f775   0xbc  Code  Gb  lws.o [4]
LWS_rollBackToClassA    0x0000fc99   0x7a  Code  Gb  lws.o [4]
LWS_sendAlive           0x0000f9b5   0x12  Code  Gb  lws.o [4]
LWS_setAdrMode          0x0000f835   0x22  Code  Gb  lws.o [4]
LWS_setClassA           0x0000fbf1   0x98  Code  Gb  lws.o [4]
LWS_setClassB           0x0000fb3d   0xae  Code  Gb  lws.o [4]
LWS_setClassC           0x0000fa7d   0x9e  Code  Gb  lws.o [4]
LWS_setDrTxpow          0x0000f857    0xe  Code  Gb  lws.o [4]
LWS_setLinkCheckMode    0x0000fa25   0x16  Code  Gb  lws.o [4]
LWS_setPingable         0x0000f725   0x26  Code  Gb  lws.o [4]
LWS_setSW               0x0000fd21   0x4a  Code  Gb  lws.o [4]
LWS_setSession          0x0000f9d1   0x54  Code  Gb  lws.o [4]
LWS_setTxData           0x0000f8dd   0xd0  Code  Gb  lws.o [4]
LWS_setupBand_eu868     0x00011199   0x2e  Code  Gb  LoRaChanConfig.o [4]
LWS_setupChannel_all    0x0001125b   0x96  Code  Gb  LoRaChanConfig.o [4]
LWS_startJoining        0x0000f569   0x52  Code  Gb  lws.o [4]
LW_TxData               0x0001079d   0xb8  Code  Gb  InterFace.o [4]
ListTaskHead            0x20001104    0x4  Data  Gb  Global_System.o [4]
LoRaBandWith            0x0000ab20   0x50  Data  Gb  sx126x.o [4]
LoRaWANInit             0x000126c1  0x11a  Code  Gb  LoRaMidware.o [4]
LoRa_WAN_START          0x00001a9f   0xc0  Code  Gb  systermProtect.o [4]
LowPowerGPIOEnter       0x00001ec9   0x14  Code  Gb  Baord.o [4]
Lptim_Cmd               0x000042b1    0x2  Code  Gb  MT_HC32L19_LPTimer.o [4]
LwsIntStatus            0x20000048    0x4  Data  Gb  Global.o [4]
MPOSTimer               0x20001228    0x8  Data  Gb  Global_System.o [4]
MPOS_lightWKClear       0x000093b9   0x40  Code  Gb  sx126x.o [4]
MPOS_lightWKSetCAD      0x0000942d   0x16  Code  Gb  sx126x.o [4]
MPOS_lightWKSetRX       0x000093f9   0x16  Code  Gb  sx126x.o [4]
MPOS_lightWKSetTX       0x0000940f   0x14  Code  Gb  sx126x.o [4]
MP_EXTI3_IRQHandler     0x000045a5    0x2  Code  Gb  LWS_IT.o [4]
MP_EXTIWK_IRQHandler    0x000045a7   0x56  Code  Gb  LWS_IT.o [4]
MP_GPIO_IRQHandler      0x00004569   0x3c  Code  Gb  LWS_IT.o [4]
MP_LPTMR0_IRQHandler    0x00007b81  0x100  Code  Gb  TickS.o [4]
MP_RTC_IRQHandler       0x00004751    0x2  Code  Gb  LWS_IT.o [4]
MP_UART1_SendBuffer     0x00003c35   0x5e  Code  Gb  MT_HC32L19_UART.o [4]
MP_USART1_IRQHandler    0x000045fd  0x134  Code  Gb  LWS_IT.o [4]
MTFirstFreq             0x0000aad0   0x40  Data  Gb  LoRaChanConfig.o [4]
MT_SETABSwitchIRQA      0x000101b3    0x2  Code  Gb  InterFace.o [4]
MT_SETABSwitchIRQB      0x000101b1    0x2  Code  Gb  InterFace.o [4]
MT_SWlenth              0x200006a8    0x4  Data  Gb  Global_app.o [4]
MT_TaskMonitor          0x20003f00   0x48  Data  Gb  WaterMeterHook.o [1]
MT_TaskValveOpTimeout   0x20003eb8   0x48  Data  Gb  WaterMeterHook.o [1]
MaxTimeWithNoConf       0x20000028    0x4  Data  Gb  Global.o [4]
ModBusCRC               0x00000471    0xa  Code  Gb  ModeBus.o [4]
ModeBusTimer            0x20000068   0x10  Data  Gb  Global.o [4]
MulDev_QueryStartId     0x20002c3b    0x1  Data  Gb  EBGlobal.o [3]
MyBoardInit             0x00016511   0xcc  Code  Gb  MyBoard.o [3]
MyHookInit              0x00015831   0x68  Code  Gb  MyAPP.o [3]
[...]
__cmain                 0x000055a1         Code  Gb  cmain.o [7]
__exit                  0x000055d5   0x14  Code  Gb  exit.o [8]
__iar_Memset4_word      0x000044d5         Code  Gb  ABImemset.o [7]
__iar_Memset_word       0x000044c1         Code  Gb  ABImemset.o [7]
__iar_ceil64            0x000052b9         Code  Gb  ceil.o [6]
__iar_copy_init3        0x000054c3   0x30  Code  Gb  copy_init3.o [7]
__iar_d2uiz             0x00005391         Code  Gb  DblToI32.o [6]
__iar_data_init3        0x00004755   0x28  Code  Gb  data_init.o [7]
__iar_floor64           0x00005311         Code  Gb  floor.o [6]
__iar_program_start     0x000055e9         Code  Gb  cstartup_M.o [7]
__iar_small_idiv        0x00004455         Code  Gb  I32DivMod.o [7]
__iar_small_idivmod     0x00004455         Code  Gb  I32DivMod.o [7]
__iar_small_uidiv       0x0000447d         Code  Gb  I32DivMod.o [7]
__iar_small_uidivmod    0x0000447d         Code  Gb  I32DivMod.o [7]
__iar_systems$$module {Abs}
                        0x00000001         Data  Gb  command line/config [2]
__iar_zero_init3        0x000053bb   0x3c  Code  Gb  zero_init3.o [7]
__low_level_init        0x00003a3d   0x12  Code  Gb  system_hc32l19x.o [4]
__vector_table          0x00000000         Data  Gb  startup_hc32l19x.o [4]
_call_main              0x000055ad         Code  Gb  cmain.o [7]
_exit                   0x000055c9         Code  Gb  cexit.o [7]
_main                   0x000055bb         Code  Gb  cmain.o [7]
aes_appendMic           0x00012f8d   0x36  Code  Gb  LoRaCrypto.o [4]
aes_appendMic0          0x00012fc3   0x26  Code  Gb  LoRaCrypto.o [4]
aes_cipher              0x00013037   0x68  Code  Gb  LoRaCrypto.o [4]
aes_encrypt             0x00013019   0x1e  Code  Gb  LoRaCrypto.o [4]
aes_sessKeys            0x0001309f   0x60  Code  Gb  LoRaCrypto.o [4]
aes_verifyMic           0x00012f4d   0x40  Code  Gb  LoRaCrypto.o [4]
aes_verifyMic0          0x00012fe9   0x30  Code  Gb  LoRaCrypto.o [4]
aesroundkeys            0x00012031   0x8c  Code  Lc  aes.o [4]
aliFirstFreq            0x0000aa70   0x40  Data  Gb  LoRaChanConfig.o [4]
aos_post                0x00006a51    0x2  Code  Gb  Task.o [4]
appBH_4GREQUTC          0x0001a31d   0x48  Code  Gb  BackHaulIF.o [3]
appBH_4GRsetPinSet      0x0001a2b1   0x20  Code  Gb  BackHaulIF.o [3]
appBH_4Gconfig          0x0001a365   0x90  Code  Gb  BackHaulIF.o [3]
appBH_4Ginit            0x0001a3f5   0x78  Code  Gb  BackHaulIF.o [3]
appBH_Hook_SendBuildFram
                        0x0001a535    0x2  Code  Gb  BackHaulIF.o [3]
appBH_Hook_fuota_ack    0x0001a511   0x1a  Code  Gb  BackHaulIF.o [3]
appBH_Tx                0x0001a475   0x9a  Code  Gb  BackHaulIF.o [3]
appBH_dn                0x0001a5d5  0x14e  Code  Gb  BackHaulIF.o [3]
appBH_packetBuild       0x0001a2d1   0x4c  Code  Gb  BackHaulIF.o [3]
appEventLWS             0x00018d01  0x178  Code  Gb  MP_LWS.o [3]
appPara                 0x200002f0  0x100  Data  Gb  Global.o [4]
app_AuxBlink            0x00015311   0x48  Code  Gb  MyAPP.o [3]
app_EventExuteNow       0x00015669   0x84  Code  Gb  MyAPP.o [3]
app_FrameOver_Restart   0x00014f31   0x1c  Code  Gb  MyAPP.o [3]
app_FuotaEventHandle    0x000156f1   0x24  Code  Gb  MyAPP.o [3]
app_GetPeriodSeconds    0x00014ef1   0x3c  Code  Gb  MyAPP.o [3]
app_GetSendTime         0x00014e31   0xc0  Code  Gb  MyAPP.o [3]
app_HookAPPParaChanged  0x000158b1   0x48  Code  Gb  MyAPP.o [3]
app_HookLoRaBuildPacket
                        0x00015901   0xb0  Code  Gb  MyAPP.o [3]
app_Hook_fuota_uart_ack
                        0x00015a71   0xc8  Code  Gb  MyAPP.o [3]
app_KeyDeal             0x000159b1   0xb8  Code  Gb  MyAPP.o [3]
app_LoRaTxIns           0x000155e1   0x84  Code  Gb  MyAPP.o [3]
app_PreLoRaTx           0x000169d1  0x104  Code  Gb  MyTask.o [3]
app_RUNBlink            0x000152c1   0x18  Code  Gb  MyAPP.o [3]
app_RunAllTask          0x00015361   0x84  Code  Gb  MyAPP.o [3]
app_StackCheck          0x000168d1   0xf8  Code  Gb  MyTask.o [3]
app_USART2_IRQHandler   0x00018bc1   0x64  Code  Gb  MP_INT.o [3]
app_UartUserDeal        0x00015df1  0x308  Code  Gb  MyAPP.o [3]
app_WKIRQ               0x00018a01  0x118  Code  Gb  MP_INT.o [3]
app_getnextTaskTime     0x000154c1   0x30  Code  Gb  MyAPP.o [3]
bDacPeriBac             0x20003f80    0x1  Data  Lc  HC32L19_sysctrl.o [4]
basic_Flash_Read        0x00002a23   0x3e  Code  Lc  MyFlash.o [4]
basic_Flash_Write       0x00002a61   0x7e  Code  Gb  MyFlash.o [4]
buildDataFrame          0x0000de8d  0x45c  Code  Lc  lws.o [4]
calcAirTime             0x0000bd2d   0xc4  Code  Gb  lws.o [4]
calcBcnRxWindowFromMillis
                        0x0000becd   0x86  Code  Lc  lws.o [4]
calcRxWindow            0x0000bdf1   0xc8  Code  Lc  lws.o [4]
ceil                    0x000052b9         Code  Gb  ceil.o [6]
ceill                   0x000052b9         Code  Gb  ceil.o [6]
convFreq_all            0x00011313   0x3e  Code  Gb  LoRaChanConfig.o [4]
crc8_ccit               0x0000228d   0x34  Code  Gb  utilities.o [4]
ddl_memclr              0x0000315d   0x12  Code  Gb  HC32L19_sysctrl.o [4]
decDR                   0x0001113b   0x10  Code  Gb  lorabase.o [4]
decodeBeacon            0x0000cfb1  0x16c  Code  Lc  lws.o [4]
decodeFrame             0x0000d151  0xd1c  Code  Lc  lws.o [4]
defaultCHCNT            0x20001178    0x1  Data  Gb  Global_System.o [4]
disableInterrupts       0x00001935    0xc  Code  Gb  systermProtect.o [4]
dndr2rps                0x0001111b    0xe  Code  Gb  lorabase.o [4]
dr2hsym                 0x00011181    0xc  Code  Gb  LoRaChanConfig.o [4]
eb_controlpower         0x00016351   0x50  Code  Gb  MyBoard.o [3]
eb_controlpowerInit     0x000163b1   0x28  Code  Gb  MyBoard.o [3]
emctestfreq             0x200006a0    0x4  Data  Gb  Global_app.o [4]
enableInterrupts        0x00001941   0x16  Code  Gb  systermProtect.o [4]
eventBuffer             0x20000700  0x100  Data  Gb  Global_app.o [4]
exit                    0x000055bf    0x8  Code  Gb  exit.o [5]
flashbuffer             0x20000800  0x400  Data  Gb  Global_app.o [4]
floor                   0x00005311         Code  Gb  floor.o [6]
floorl                  0x00005311         Code  Gb  floor.o [6]
getBw                   0x000110d3    0xa  Code  Gb  lorabase.o [4]
getCr                   0x000110dd    0xa  Code  Gb  lorabase.o [4]
getIh                   0x00011103    0x4  Code  Gb  lorabase.o [4]
getNocrc                0x000110f1    0x6  Code  Gb  lorabase.o [4]
getSensitivity          0x0000bd0f   0x1e  Code  Gb  lws.o [4]
getSf                   0x000110cd    0x6  Code  Gb  lorabase.o [4]
getSleepCounts          0x00006f6d   0x5c  Code  Gb  Task.o [4]
globalRand              0x20001180    0x2  Data  Gb  Global_System.o [4]
incDR                   0x00011129   0x12  Code  Gb  lorabase.o [4]
initDefaultChannels_all
                        0x000111c7   0x94  Code  Gb  LoRaChanConfig.o [4]
initJoinLoop_all        0x000119e5   0x3a  Code  Gb  LoRaChanConfig.o [4]
intInstallStatus        0x20001184    0x4  Data  Gb  Global_System.o [4]
interruptInstall        0x000036c9   0x3a  Code  Gb  interrupts_hc32l19x.o [4]
loadEventBuffer         0x00010855   0x1c  Code  Gb  InterFace.o [4]
loadInternalEventBuffer
                        0x00010871   0x14  Code  Gb  InterFace.o [4]
lowerDR                 0x0001116d   0x14  Code  Gb  lorabase.o [4]
lwsIntPara              0x20000058    0x8  Data  Gb  Global.o [4]
lws_ClassBPingRx        0x0000ed61   0xe0  Code  Lc  lws.o [4]
lws_low_rxschedInit     0x0000bf75   0xca  Code  Lc  lws.o [4]
lws_low_rxschedNext     0x0000c04d   0x90  Code  Lc  lws.o [4]
lws_startRxPing         0x0000ee4d   0xa0  Code  Lc  lws.o [4]
lwsvar                  0x20001b00  0x1f8  Data  Gb  Global_System.o [4]
main                    0x00007f01   0x44  Code  Gb  main.o [4]
mapChannels_ali         0x000113b1  0x106  Code  Gb  LoRaChanConfig.o [4]
mapChannels_cn920       0x00011351    0x4  Code  Gb  LoRaChanConfig.o [4]
mapChannels_eu868       0x00011355   0x42  Code  Gb  LoRaChanConfig.o [4]
maxEIRP                 0x0000aa58   0x10  Data  Gb  LoRaChanConfig.o [4]
maxFrameLens            0x0000aa20    0x4  Data  Gb  LoRaChanConfig.o [4]
memcpy1                 0x00002197   0x18  Code  Gb  utilities.o [4]
memset1                 0x000021af   0x12  Code  Gb  utilities.o [4]
micB0                   0x00012f01   0x42  Code  Gb  LoRaCrypto.o [4]
mp_controlbits          0x20000060    0x4  Data  Gb  Global.o [4]
mp_fotaVersionCheck     0x000063a5  0x1da  Code  Gb  MP_FUOTA.o [4]
mp_fota_ANSBuffer       0x20001d38   0x20  Data  Gb  MP_FUOTA.o [4]
mp_fotabuffer           0x20001f90  0x800  Data  Gb  MP_FUOTA.o [4]
mp_fotalostbit          0x20001e30  0x100  Data  Gb  MP_FUOTA.o [4]
mp_fotasessions         0x20001f30   0x60  Data  Gb  MP_FUOTA.o [4]
mp_fuota_checkPacketInt
                        0x000062a9   0xc6  Code  Gb  MP_FUOTA.o [4]
mp_fuota_checkTaskInstall
                        0x00006261   0x34  Code  Gb  MP_FUOTA.o [4]
mp_fuota_decodeframe    0x0000659d  0x3e4  Code  Gb  MP_FUOTA.o [4]
mp_fuota_init           0x000061ed   0x74  Code  Gb  MP_FUOTA.o [4]
mp_fuota_restartInfo    0x00005cdb   0x50  Code  Gb  MP_FUOTA.o [4]
mp_fuota_sessionClear   0x00005c01   0x60  Code  Gb  MP_FUOTA.o [4]
mp_fuota_status         0x200011f0    0x8  Data  Gb  Global_System.o [4]
mp_fuota_task_packetREQ
                        0x20001de8   0x48  Data  Gb  MP_FUOTA.o [4]
mp_fuota_task_para      0x20001d18    0x8  Data  Gb  MP_FUOTA.o [4]
mp_fuota_task_randomtx  0x20001d58   0x48  Data  Gb  MP_FUOTA.o [4]
mp_fuota_task_timeout   0x20001da0   0x48  Data  Gb  MP_FUOTA.o [4]
mp_fuota_txtask_Install
                        0x00005c61   0x7a  Code  Gb  MP_FUOTA.o [4]
mp_interrupt_loop       0x20000038    0x4  Data  Gb  Global.o [4]
mp_modeACRC             0x000022c1   0x2c  Code  Gb  utilities.o [4]
mp_modeBCRC             0x000022ed   0x32  Code  Gb  utilities.o [4]
mp_nowTask              0x20001100    0x4  Data  Gb  Global_System.o [4]
mp_os_getTime           0x000076c1    0x8  Code  Gb  timer.o [4]
mp_randomlwtx           0x20001d28    0xc  Data  Gb  MP_FUOTA.o [4]
mp_taskF_randomlwtx     0x0000618d   0x48  Code  Gb  MP_FUOTA.o [4]
mp_task_fuota_packetREQ
                        0x00005dad  0x3c2  Code  Gb  MP_FUOTA.o [4]
mp_task_fuota_timeout   0x00005d2b   0x40  Code  Gb  MP_FUOTA.o [4]
mp_threadExists         0x0000792d   0x18  Code  Gb  timer.o [4]
mp_threadGetValue       0x00007991    0x8  Code  Gb  timer.o [4]
mp_threadHwGetElapsedTime
                        0x00007cf9   0x1a  Code  Gb  TickS.o [4]
mp_threadHwGetMinimumTimeout
                        0x00007c81    0xc  Code  Gb  TickS.o [4]
mp_threadHwGetTimerValue
                        0x00007d13    0x6  Code  Gb  TickS.o [4]
mp_threadHwStart        0x00007c8d   0x5c  Code  Gb  TickS.o [4]
mp_threadInit           0x000076e5   0x1c  Code  Gb  timer.o [4]
mp_threadInsertNewHead  0x000077ed   0x2c  Code  Lc  timer.o [4]
mp_threadIrqHandler     0x00007819   0x72  Code  Gb  timer.o [4]
mp_threadRestart        0x00007973   0x1e  Code  Gb  timer.o [4]
mp_threadSetTimeout     0x00007999   0x10  Code  Lc  timer.o [4]
mp_threadSetValue       0x00007949   0x2a  Code  Gb  timer.o [4]
mp_threadStart          0x00007701   0xec  Code  Gb  timer.o [4]
mp_threadStop           0x0000788b   0xa2  Code  Gb  timer.o [4]
mp_thread_busyProtector
                        0x20001330   0x20  Data  Gb  Global_System.o [4]
mp_ticks2ms             0x000076c9    0x8  Code  Gb  timer.o [4]
mp_ticks2us             0x000076d1    0x4  Code  Gb  timer.o [4]
mp_timer_expired        0x000079e1   0x30  Code  Gb  timer.o [4]
mp_timer_lefttime       0x00007a11   0x12  Code  Gb  timer.o [4]
mp_timer_mannualExpired
                        0x00007a23   0x1c  Code  Gb  timer.o [4]
mp_timer_restart        0x000079cf    0x2  Code  Gb  timer.o [4]
mp_timer_set            0x000079a9   0x26  Code  Gb  timer.o [4]
mp_userInit             0x20001124    0x4  Data  Gb  Global_System.o [4]
mp_utctime_differ       0x200011e0    0x8  Data  Gb  Global_System.o [4]
mpos_InitStart          0x20000698    0x4  Data  Gb  Global_app.o [4]
mpos_driver             0x20001460   0xc0  Data  Gb  Global_System.o [4]
mpos_lws                0x200015f0   0xd8  Data  Gb  Global_System.o [4]
mpos_main               0x00019701   0x34  Code  Gb  mymain.o [3]
mpos_osfun              0x20001524   0xc0  Data  Gb  Global_System.o [4]
mpos_sysInit            0x000069c1   0x90  Code  Gb  Global_System.o [4]
mt_HeartTicks           0x20002c34    0x2  Data  Gb  EBGlobal.o [3]
mt_OpCond               0x20002c50    0x8  Data  Gb  EBGlobal.o [3]
mt_TaskAuxLedOFF        0x20002e20   0x48  Data  Gb  EBGlobal.o [3]
mt_TaskBios             0x20002d90   0x48  Data  Gb  EBGlobal.o [3]
mt_TaskQuery            0x20002d00   0x48  Data  Gb  EBGlobal.o [3]
mt_TaskRunLedBlink      0x20002dd8   0x48  Data  Gb  EBGlobal.o [3]
mt_TaskUp               0x20002d48   0x48  Data  Gb  EBGlobal.o [3]
mt_TaskWakeupTimeout    0x20002e68   0x48  Data  Gb  EBGlobal.o [3]
mt_dtu_resetAfterLWT    0x20002c30    0x1  Data  Gb  EBGlobal.o [3]
mt_eb_runpara           0x20002c58    0x8  Data  Gb  EBGlobal.o [3]
mt_keyCounter           0x20002c48    0x8  Data  Gb  EBGlobal.o [3]
mt_keyTicks             0x20002c40    0x8  Data  Gb  EBGlobal.o [3]
mt_query_event          0x20003340  0x1b0  Data  Gb  EBGlobal.o [3]
mt_query_event_header   0x20002c08    0x4  Data  Gb  EBGlobal.o [3]
mt_query_event_random   0x20002c14    0x4  Data  Gb  EBGlobal.o [3]
mt_sensordata           0x20002fc0  0x100  Data  Gb  EBGlobal.o [3]
mt_uart2                0x20002c31    0x1  Data  Gb  EBGlobal.o [3]
mt_up_event             0x200031c0   0xc0  Data  Gb  EBGlobal.o [3]
mt_up_event_header      0x20002c04    0x4  Data  Gb  EBGlobal.o [3]
mt_up_event_heart       0x20002c10    0x4  Data  Gb  EBGlobal.o [3]
mt_up_event_random      0x20002c0c    0x4  Data  Gb  EBGlobal.o [3]
next                    0x200027f0    0x4  Data  Lc  utilities.o [4]
nextJoinState_ALI       0x00011c8d  0x198  Code  Gb  LoRaChanConfig.o [4]
nextJoinState_eu868     0x00011abd   0xc4  Code  Gb  LoRaChanConfig.o [4]
nextTx_eu868            0x000116e5  0x1da  Code  Gb  LoRaChanConfig.o [4]
notifyAPP               0x000004b7   0xaa  Code  Gb  ModeBus.o [4]
onEvent                 0x0001090d  0x788  Code  Gb  InterFace.o [4]
os_aes                  0x000120c1  0x5f6  Code  Gb  aes.o [4]
os_crc16                0x0000231f    0xa  Code  Gb  utilities.o [4]
os_getArtEui            0x00012edd    0xc  Code  Gb  LoRaCrypto.o [4]
os_getDevEui            0x00012ee9    0xc  Code  Gb  LoRaCrypto.o [4]
os_getDevKey            0x00012ef5    0xc  Code  Gb  LoRaCrypto.o [4]
os_radio                0x000129c1  0x4e4  Code  Gb  LoRaMidware.o [4]
os_rlsbf2               0x000021c1    0xa  Code  Gb  utilities.o [4]
os_rlsbf4               0x000021cb   0x16  Code  Gb  utilities.o [4]
os_rlsbf8               0x000021e1   0x32  Code  Gb  utilities.o [4]
os_rmsbf4               0x00002213   0x16  Code  Gb  utilities.o [4]
os_sleep                0x20000690    0x4  Data  Gb  Global_app.o [4]
os_wlsbf2               0x00002229    0x8  Code  Gb  utilities.o [4]
os_wlsbf3               0x00002231    0xc  Code  Gb  utilities.o [4]
os_wlsbf4               0x0000223d   0x10  Code  Gb  utilities.o [4]
os_wlsbf8               0x0000224d   0x24  Code  Gb  utilities.o [4]
os_wmsbf3               0x00002271    0xc  Code  Gb  utilities.o [4]
os_wmsbf4               0x0000227d   0x10  Code  Gb  utilities.o [4]
para4G                  0x20005400   0x10  Data  Gb  BackHaulIF.o [3]
paraAPPFlashSave        0x00010405   0x22  Code  Gb  InterFace.o [4]
paraAPPGet              0x000103f9    0xc  Code  Gb  InterFace.o [4]
paraAPPSave             0x00010427   0x46  Code  Gb  InterFace.o [4]
paraCFGet               0x000103e9    0xc  Code  Gb  InterFace.o [4]
paraCFSave              0x00010509   0x70  Code  Gb  InterFace.o [4]
paraCFmodify            0x00010589   0xd2  Code  Gb  InterFace.o [4]
paraFWGet               0x000103d1    0xc  Code  Gb  InterFace.o [4]
paraFWSave              0x00010471   0x42  Code  Gb  InterFace.o [4]
paraFWSetAPPEUI         0x000103a5    0x8  Code  Gb  InterFace.o [4]
paraFWSetDevKey         0x000103c7    0xa  Code  Gb  InterFace.o [4]
paraRDGet               0x000103dd    0xc  Code  Gb  InterFace.o [4]
paraRDSave              0x000104bd   0x40  Code  Gb  InterFace.o [4]
paraRDSetChannelMap     0x000103bf    0x8  Code  Gb  InterFace.o [4]
paraRDSetFreq           0x000103ad   0x12  Code  Gb  InterFace.o [4]
pow2dBm                 0x0001118d    0xc  Code  Gb  LoRaChanConfig.o [4]
powerOff485             0x000197bd   0x50  Code  Gb  MyBoard.o [3]
powerOn485              0x000163f1   0x50  Code  Gb  MyBoard.o [3]
processBeacon           0x0000ea09  0x1f0  Code  Lc  lws.o [4]
processDnData           0x0000e765  0x26c  Code  Lc  lws.o [4]
processJoinAccept       0x0000e305  0x3d4  Code  Lc  lws.o [4]
processPingRx           0x0000e6f1   0x1e  Code  Lc  lws.o [4]
pu32PcgTimer4M          0x000040c4   0x20  Data  Gb  MT_HC32L19_Flash.o [4]
queEventInsert          0x00015541   0x98  Code  Gb  MyAPP.o [3]
queEventRemove          0x00015501   0x34  Code  Gb  MyAPP.o [3]
queGetEvent             0x00019879   0x14  Code  Gb  MyAPP.o [3]
queGetEventNO           0x00014f51   0x1c  Code  Gb  MyAPP.o [3]
queGetNextTxtime        0x000153f1   0xb4  Code  Gb  MyAPP.o [3]
radioSleepForConfig     0x00012959    0xe  Code  Gb  LoRaMidware.o [4]
radio_rand1             0x0000bce7   0x28  Code  Gb  lws.o [4]
rand                    0x00002167   0x1a  Code  Gb  utilities.o [4]
randr                   0x00002181   0x16  Code  Gb  utilities.o [4]
regionPara              0x20001310   0x20  Data  Gb  Global_System.o [4]
release485              0x000166b1   0x4c  Code  Gb  MyTask.o [3]
reportEvent             0x0000bc01    0xc  Code  Lc  lws.o [4]
rndDelay                0x0000c0dd   0x40  Code  Gb  lws.o [4]
runReset                0x0000c195   0x12  Code  Lc  lws.o [4]
scanCycles              0x2000117c    0x1  Data  Gb  Global_System.o [4]
setBcnRxParams_all      0x000118e1   0x82  Code  Gb  LoRaChanConfig.o [4]
setCr                   0x000110e7    0xa  Code  Gb  lorabase.o [4]
setDrJoin               0x0000c159    0x6  Code  Gb  lws.o [4]
setDrTxpow              0x0000c165   0x22  Code  Lc  lws.o [4]
setIh                   0x00011107    0xa  Code  Gb  lorabase.o [4]
setNocrc                0x000110f7    0xc  Code  Gb  lorabase.o [4]
setRx1Params_all        0x00011969   0x78  Code  Gb  LoRaChanConfig.o [4]
standardInit            0x00011e41  0x172  Code  Gb  LoRaChanConfig.o [4]
startJoining            0x0000ebfd    0xa  Code  Lc  lws.o [4]
startRxBcn              0x0000ec7d   0xd8  Code  Lc  lws.o [4]
startRxClassC           0x0000ec07   0x64  Code  Gb  lws.o [4]
startRxSW               0x0000c445  0x16c  Code  Gb  lws.o [4]
stateJustJoined         0x0000ce99  0x106  Code  Lc  lws.o [4]
txDelay                 0x0000c121   0x38  Code  Lc  lws.o [4]
txDone                  0x0000c1a7   0x80  Code  Lc  lws.o [4]
updatTxPara             0x0000eefd   0x8c  Code  Lc  lws.o [4]
updateTx_ALI            0x00011569  0x158  Code  Gb  LoRaChanConfig.o [4]
updateTx_eu868          0x000114c9   0x8e  Code  Gb  LoRaChanConfig.o [4]
updr2rps                0x00011111    0xa  Code  Gb  lorabase.o [4]
use485                  0x00016679   0x38  Code  Gb  MyTask.o [3]
validDR                 0x0001114b   0x14  Code  Gb  lorabase.o [4]
virtualEnterWFI         0x00005099   0x46  Code  Gb  LowPower.o [4]
xbuffer                 0x20000c00  0x400  Data  Gb  Global_app.o [4]


[1] = D:\R&DSoftware\Module\EBSD\project\WaterMeter\Debug\Obj
[2] = command line
[3] = EBLib.a
[4] = LWS429Lib.a
[5] = dl6M_tln.a
[6] = m6M_tl.a
[7] = rt6M_tl.a
[8] = shb_l.a

  73 076 bytes of readonly  code memory (+ 15 792 absolute)
     512 bytes of readonly  data memory (+ 4 764  absolute)
   6 569 bytes of readwrite data memory (+ 16 067 absolute)

Errors: none
Warnings: none
