###############################################################################
#
# IAR ELF Linker V8.32.1.169/W32 for ARM                  04/Dec/2020  08:42:58
# Copyright 2007-2018 IAR Systems AB.
#
#    Output file  =  E:\gx\project\BST0x\Debug\Exe\GPS.out
#    Map file     =  E:\gx\project\BST0x\Debug\List\GPS.map
#    Command line =  
#        -f C:\Users\ThinkPad\AppData\Local\Temp\EW3D80.tmp
#        (E:\gx\project\BST0x\Debug\Obj\BST0xHook.o
#        E:\gx\project\BST0x\Debug\Obj\GPS.o --no_out_extension -o
#        E:\gx\project\BST0x\Debug\Exe\GPS.out --keep mpos_main --map
#        E:\gx\project\BST0x\Debug\List\GPS.map --config
#        E:\gx\project\BST0x\..\..\MT_ColorBrickV1.0.icf --semihosting
#        E:\gx\project\BST0x\..\..\lib\LWS429Lib.a
#        E:\gx\project\BST0x\..\..\lib\EBLib.a --entry __iar_program_start
#        --vfe --text_out locale)
#
###############################################################################

*******************************************************************************
*** RUNTIME MODEL ATTRIBUTES
***

CppFlavor       = *
__SystemLibrary = DLib
__dlib_version  = 6


*******************************************************************************
*** HEAP SELECTION
***

The basic heap was selected because no calls to memory allocation
functions were found in the application outside of system library
functions, and there are calls to deallocation functions in the
application.


*******************************************************************************
*** PLACEMENT SUMMARY
***

"A0":  place at 0x0 { ro section .intvec };
"P1":  place in [from 0x410 to 0x5bff] {
          ro object exit.o, ro object low_level_init.o, ro object DblAddSub.o,
          ro object DblCmpEq.o, ro object DblCmpGe.o, ro object DblCmpLe.o,
          ro object DblDiv.o, ro object DblMul.o, ro object DblToFlt.o,
          ro object DblToI32.o, ro object DblToI64.o, ro object FltDiv.o,
          ro object FltToDbl.o, ro object FltToS32.o, ro object IxxToDbl.o,
          ro object IxxToFlt.o, ro object ceil.o, ro object floor.o,
          ro object ABImemcpy.o, ro object ABImemset.o, ro object I32DivMod.o,
          ro object I64DivMod.o, ro object I64DivZer.o, ro object I64Mul.o,
          ro object I64Shl.o, ro object IntDivZer.o, ro object S64Shr.o,
          ro object U64Shr.o, ro object cexit.o, ro object cmain.o,
          ro object copy_init3.o, ro object cstartup_M.o, ro object ata_init.o,
          ro object uread4.o, ro object uread8.o, ro object uwrite4.o,
          ro object uwrite8.o, ro object zero_init3.o, ro object exit.o,
          ro object Baord.o, ro object IWdg.o, ro object I32DivModFast.o,
          ro object FltAddSub.o, ro object data_init.o,
          ro object interrupts_hc32l19x.o, ro object LWS_IT.o,
          ro object LowPower.o, ro object MT_HC32L19_ADC.o,
          ro object MT_HC32L19_Flash.o, ro object MT_HC32L19_GPIO.o,
          ro object MT_HC32L19_LPTimer.o, ro object MT_HC32L19_LPUART.o,
          ro object MT_HC32L19_RTC.o, ro object MT_HC32L19_SPI.o,
          ro object MT_HC32L19_Timer.o, ro object HC32L19_sysctrl.o,
          ro object MT_HC32L19_UART.o, ro object smc.o,
          ro object system_hc32l19x.o, ro object systermProtect.o,
          ro object ModeBus.o, ro object MyFlash.o, ro object MyInline.o,
          ro object utilities.o, ro object flash_kinetisRamFunc.o };
"P2":  place in [from 0x5c00 to 0x83ff] {
          ro object Task.o, ro object mpos_ramfun.o, ro object timer.o,
          ro object Global.o, ro object Global_Driver.o,
          ro object Global_System.o, ro object Global_app.o, ro object main.o,
          ro object MP_FUOTA.o, ro object TickS.o };
"P3":  place in [from 0x8400 to 0xa7ff] {
          ro object Global_Radio.o, ro object radio.o, ro object sx1280-hal.o,
          ro object sx1280.o, ro object sx126x-board.o, ro object sx126x.o,
          ro object sx1276-board.o, ro object sx1276.o };
"P4":  place in [from 0xbc00 to 0x1'47ff] {
          ro object InterFace.o, ro object LoRaChanConfig.o,
          ro object LoRaCrypto.o, ro object LoRaMidware.o,
          ro object ParaInitial.o, ro object aes.o, ro object lorabase.o,
          ro object lws.o };
"P5":  place in [from 0x1'4800 to 0x1'ffff] {
          ro object CrcCal.o, ro object LoraDn.o, ro object MP_INT.o,
          ro object MP_LWS.o, ro object MyAPP.o, ro object MyBoard.o,
          ro object MyGlobal.o, ro object MyTask.o, ro object ParaParse.o,
          ro object QueryUp.o, ro object mymain.o };
"P6":  place in [from 0x1'4800 to 0x1'ffff] |
                [from 0x2'0000 to 0x3'8fff] {
          ro object MyAppHook.o, ro object BackHaulIF.o, ro object EBHook.o };
"P8":  place in [from 0x1'4800 to 0x1'ffff] |
                [from 0x2'0000 to 0x3'8fff] { ro };
"P7":  place in [from 0xa800 to 0xbbff] {
          ro data object aes.o, ro data object utilities.o,
          ro data object LoRaChanConfig.o };
"P10": place in [from 0x2000'0000 to 0x2000'27ff] |
                [from 0x2000'2800 to 0x2000'2bff] |
                [from 0x2000'2c00 to 0x2000'67ff] { rw };
define block CSTACK with size = 5632, alignment = 8 { };
define block HEAP with size = 1K, alignment = 8 { };
"P12": place in [from 0x2000'6800 to 0x2000'7fff] { block CSTACK, block HEAP };
initialize by copy { rw };

No sections matched the following patterns:

  ro data object LoRaChanConfig.o     in "P7"
  ro data object aes.o                in "P7"
  ro object ABImemset.o               in "P1"
  ro object CrcCal.o                  in "P5"
  ro object EBHook.o                  in "P6|P8"
  ro object Global.o                  in "P2"
  ro object Global_Driver.o           in "P2"
  ro object Global_app.o              in "P2"
  ro object I32DivModFast.o           in "P1"
  ro object MP_INT.o                  in "P5"
  ro object MP_LWS.o                  in "P5"
  ro object MyGlobal.o                in "P5"
  ro object ParaParse.o               in "P5"
  ro object ata_init.o                in "P1"
  ro object copy_init3.o              in "P1"
  ro object flash_kinetisRamFunc.o    in "P1"
  ro object low_level_init.o          in "P1"
  ro object main.o                    in "P2"
  ro object mymain.o                  in "P5"
  ro object smc.o                     in "P1"
  ro object sx1276-board.o            in "P3"
  ro object sx1276.o                  in "P3"
  ro object sx1280-hal.o              in "P3"
  ro object sx1280.o                  in "P3"
  ro object zero_init3.o              in "P1"
  ro section application_specific_ro  in "P9|P11"
  rw section application_specific_rw  in "P9|P11"
  section FlashConfig                 in "P13"


  Section                 Kind         Address    Size  Object
  -------                 ----         -------    ----  ------
"A0":                                             0xc0
  .intvec                 ro code          0x0    0xc0  startup_hc32l19x.o [3]
                                        - 0xc0    0xc0

"P1":                                           0x5104
  .text                   ro code        0x410  0x1568  ModeBus.o [3]
  .text                   ro code       0x1978   0x2a4  systermProtect.o [3]
  .text                   ro code       0x1c1c   0x1b4  MT_HC32L19_Timer.o [3]
  .text                   ro code       0x1dd0   0x110  IWdg.o [3]
  .text                   ro code       0x1ee0    0x2e  MyInline.o [3]
  .text                   ro code       0x1f10   0x288  Baord.o [3]
  .text                   ro code       0x2198   0x1f4  utilities.o [3]
  .text                   ro code       0x238c    0x16  uread4.o [6]
  .text                   ro code       0x23a4    0x14  uwrite4.o [6]
  .text                   ro code       0x23b8   0x538  MT_HC32L19_RTC.o [3]
  .text                   ro code       0x28f0   0x518  MyFlash.o [3]
  .text                   ro code       0x2e08    0x2a  uread8.o [6]
  .text                   ro code       0x2e34   0x37a  HC32L19_sysctrl.o [3]
  .text                   ro code       0x31b0   0x5a8  interrupts_hc32l19x.o [3]
  .text                   ro code       0x3758   0x22c  MT_HC32L19_GPIO.o [3]
  .text                   ro code       0x3984   0x106  system_hc32l19x.o [3]
  .text                   ro code       0x3a8c   0x288  MT_HC32L19_UART.o [3]
  .text                   ro code       0x3d14   0x220  MT_HC32L19_LPUART.o [3]
  .text                   ro code       0x3f34    0x9a  MT_HC32L19_SPI.o [3]
  .text                   ro code       0x3fd0   0x250  MT_HC32L19_Flash.o [3]
  .text                   ro code       0x4220   0x1c8  MT_HC32L19_LPTimer.o [3]
  .text                   ro code       0x43e8    0x5e  I32DivMod.o [6]
  .text                   ro code       0x4448    0x4e  ABImemcpy.o [6]
  .text                   ro code       0x4498   0x1ea  LWS_IT.o [3]
  .text                   ro code       0x4684    0x28  data_init.o [6]
  .text                   ro code       0x46ac    0x36  IxxToFlt.o [5]
  .text                   ro code       0x46e2    0xaa  FltDiv.o [5]
  .text                   ro code       0x478c   0x120  FltAddSub.o [5]
  .text                   ro code       0x48ac    0x3a  FltToS32.o [5]
  .text                   ro code       0x48e8     0x2  IntDivZer.o [6]
  .text                   ro code       0x48ec   0x1e8  MT_HC32L19_ADC.o [3]
  .text                   ro code       0x4ad4    0x88  IxxToDbl.o [5]
  .text                   ro code       0x4b5c   0x184  DblMul.o [5]
  .text                   ro code       0x4ce0   0x1b4  DblAddSub.o [5]
  .text                   ro code       0x4e94    0x62  DblToFlt.o [5]
  .text                   ro code       0x4ef8    0xf4  LowPower.o [3]
  .text                   ro code       0x4fec    0xc2  DblDiv.o [5]
  .text                   ro code       0x50ae    0xa8  I64DivMod.o [6]
  .text                   ro code       0x5158     0x2  I64DivZer.o [6]
  .text                   ro code       0x515c    0x80  DblToI64.o [5]
  .text                   ro code       0x51dc    0x58  ceil.o [5]
  .text                   ro code       0x5234    0x58  floor.o [5]
  .text                   ro code       0x528c    0x52  DblToI32.o [5]
  .text                   ro code       0x52de    0x3c  zero_init3.o [6]
  .text                   ro code       0x531a    0x32  DblCmpGe.o [5]
  .text                   ro code       0x534c    0x32  FltToDbl.o [5]
  .text                   ro code       0x5380    0x32  I64Mul.o [6]
  .text                   ro code       0x53b2    0x32  DblCmpLe.o [5]
  .text                   ro code       0x53e4    0x30  copy_init3.o [6]
  .text                   ro code       0x5414    0x24  DblCmpEq.o [5]
  .text                   ro code       0x5438    0x22  S64Shr.o [6]
  .text                   ro code       0x545c    0x22  I64Shl.o [6]
  .text                   ro code       0x5480    0x1e  uwrite8.o [6]
  .text                   ro code       0x54a0    0x1e  U64Shr.o [6]
  .text                   ro code       0x54c0    0x1e  cmain.o [6]
  .text                   ro code       0x54de     0x8  exit.o [4]
  .text                   ro code       0x54e8     0xa  cexit.o [6]
  .text                   ro code       0x54f4    0x14  exit.o [7]
  .text                   ro code       0x5508     0xc  cstartup_M.o [6]
  .rodata                 const         0x5514     0x0  zero_init3.o [6]
  .rodata                 const         0x5514     0x0  copy_init3.o [6]
                                      - 0x5514  0x5104

"P2", part 1 of 2:                              0x217c
  .text                   ro code       0x5c00   0xdd8  MP_FUOTA.o [3]
  .text                   ro code       0x69d8    0x90  Global_System.o [3]
  .text                   ro code       0x6a68   0xc6c  Task.o [3]
  .text                   ro code       0x76d4   0x3b0  timer.o [3]
  .text                   ro code       0x7a84   0x2f8  TickS.o [3]
                                      - 0x7d7c  0x217c

Absolute sections, part 1 of 165:                 0x44
  .ARM.__at_0x00007f00    ro code       0x7f00    0x44  main.o [3]
                                      - 0x7f44    0x44

"P2", part 2 of 2:                               0x354
  .text                   ro code       0x7f44   0x354  mpos_ramfun.o [3]
                                      - 0x8298   0x354

"P3":                                           0x1810
  .text                   ro code       0x8400   0xc44  radio.o [3]
  .text                   ro code       0x9044   0x2a0  sx126x-board.o [3]
  .text                   ro code       0x92e4   0x784  sx126x.o [3]
  .text                   ro code       0x9a68   0x118  Global_Radio.o [3]
  .rodata                 const         0x9b80    0x90  radio.o [3]
                                      - 0x9c10  0x1810

Absolute sections, part 2 of 165:                 0x28
  .rodata                 const         0xa800    0x28  aes.o [3]
                                      - 0xa828    0x28

"P7":                                              0x4
  Initializer bytes       const         0xa828     0x4  <for Absolute sections 146-1>
                                      - 0xa82c     0x4

Absolute sections, part 3 of 165:                0x100
  .rodata                 const         0xa840   0x100  aes.o [3]
                                      - 0xa940   0x100

Absolute sections, part 4 of 165:                 0x15
  .rodata                 const         0xa980    0x15  LoRaChanConfig.o [3]
                                      - 0xa995    0x15

Absolute sections, part 5 of 165:                 0x10
  .rodata                 const         0xa9a0    0x10  LoRaChanConfig.o [3]
                                      - 0xa9b0    0x10

Absolute sections, part 6 of 165:                  0xa
  .rodata                 const         0xaa00     0xa  LoRaChanConfig.o [3]
                                      - 0xaa0a     0xa

Absolute sections, part 7 of 165:                  0x1
  .rodata                 const         0xaa10     0x1  LoRaChanConfig.o [3]
                                      - 0xaa11     0x1

Absolute sections, part 8 of 165:                  0x4
  .rodata                 const         0xaa20     0x4  LoRaChanConfig.o [3]
                                      - 0xaa24     0x4

Absolute sections, part 9 of 165:                 0x10
  .rodata                 const         0xaa28    0x10  LoRaChanConfig.o [3]
                                      - 0xaa38    0x10

Absolute sections, part 10 of 165:                0x10
  .rodata                 const         0xaa40    0x10  LoRaChanConfig.o [3]
                                      - 0xaa50    0x10

Absolute sections, part 11 of 165:                0x10
  .rodata                 const         0xaa58    0x10  LoRaChanConfig.o [3]
                                      - 0xaa68    0x10

Absolute sections, part 12 of 165:                0x40
  .rodata                 const         0xaa70    0x40  LoRaChanConfig.o [3]
                                      - 0xaab0    0x40

Absolute sections, part 13 of 165:                0x40
  .rodata                 const         0xaad0    0x40  LoRaChanConfig.o [3]
                                      - 0xab10    0x40

Absolute sections, part 14 of 165:                0x50
  .rodata                 const         0xab20    0x50  sx126x.o [3]
                                      - 0xab70    0x50

Absolute sections, part 15 of 165:                0x40
  .rodata                 const         0xab80    0x40  LoRaChanConfig.o [3]
                                      - 0xabc0    0x40

Absolute sections, part 16 of 165:              0x1000
  .rodata                 const         0xac00   0x400  aes.o [3]
  .rodata                 const         0xb000   0x400  aes.o [3]
  .rodata                 const         0xb400   0x400  aes.o [3]
  .rodata                 const         0xb800   0x400  aes.o [3]
                                      - 0xbc00  0x1000

"P4":                                           0x7c1c
  .text                   ro code       0xbc00  0x4380  lws.o [3]
  .text                   ro code       0xff80  0x1158  InterFace.o [3]
  .text                   ro code     0x1'10d8    0xb4  lorabase.o [3]
  .text                   ro code     0x1'118c   0xe78  LoRaChanConfig.o [3]
  .text                   ro code     0x1'2004   0x6c8  aes.o [3]
  .text                   ro code     0x1'26cc   0x850  LoRaMidware.o [3]
  .text                   ro code     0x1'2f1c   0x238  LoRaCrypto.o [3]
  .text                   ro code     0x1'3154   0x6c8  ParaInitial.o [3]
                                    - 0x1'381c  0x7c1c

Absolute sections, part 17 of 165:                0x7c
  .ARM.__at_0x00014800    ro code     0x1'4800    0x7c  CrcCal.o [2]
                                    - 0x1'487c    0x7c

Absolute sections, part 18 of 165:                0xa0
  .ARM.__at_0x000148a0    ro code     0x1'48a0    0xa0  CrcCal.o [2]
                                    - 0x1'4940    0xa0

Absolute sections, part 19 of 165:               0x3ec
  .ARM.__at_0x000149c0    ro code     0x1'49c0   0x3ec  LoraDn.o [2]
                                    - 0x1'4dac   0x3ec

Absolute sections, part 20 of 165:                0x6c
  .ARM.__at_0x00014dc0    ro code     0x1'4dc0    0x40  MyAPP.o [2]
  .ARM.__at_0x00014e00    ro code     0x1'4e00    0x2c  MyAPP.o [2]
                                    - 0x1'4e2c    0x6c

Absolute sections, part 21 of 165:                0xf8
  .ARM.__at_0x00014e30    ro code     0x1'4e30    0xc0  MyAPP.o [2]
  .ARM.__at_0x00014ef0    ro code     0x1'4ef0    0x38  MyAPP.o [2]
                                    - 0x1'4f28    0xf8

Absolute sections, part 22 of 165:                0x1c
  .ARM.__at_0x00014f30    ro code     0x1'4f30    0x1c  MyAPP.o [2]
                                    - 0x1'4f4c    0x1c

Absolute sections, part 23 of 165:                0x1c
  .ARM.__at_0x00014f50    ro code     0x1'4f50    0x1c  MyAPP.o [2]
                                    - 0x1'4f6c    0x1c

Absolute sections, part 24 of 165:                0x9c
  .ARM.__at_0x00014f70    ro code     0x1'4f70    0x9c  MyAPP.o [2]
                                    - 0x1'500c    0x9c

Absolute sections, part 25 of 165:               0x10e
  .ARM.__at_0x00015010    ro code     0x1'5010    0xf8  MyAPP.o [2]
  .ARM.__at_0x00015108    ro code     0x1'5108    0x16  MyAPP.o [2]
                                    - 0x1'511e   0x10e

Absolute sections, part 26 of 165:                0xa4
  .ARM.__at_0x00015160    ro code     0x1'5160    0xa4  MyAPP.o [2]
                                    - 0x1'5204    0xa4

Absolute sections, part 27 of 165:                0x3c
  .ARM.__at_0x00015210    ro code     0x1'5210    0x3c  MyAPP.o [2]
                                    - 0x1'524c    0x3c

Absolute sections, part 28 of 165:                0x6c
  .ARM.__at_0x00015250    ro code     0x1'5250    0x40  MyAPP.o [2]
  .ARM.__at_0x00015290    ro code     0x1'5290    0x2c  MyAPP.o [2]
                                    - 0x1'52bc    0x6c

Absolute sections, part 29 of 165:                0x18
  .ARM.__at_0x000152c0    ro code     0x1'52c0    0x18  MyAPP.o [2]
                                    - 0x1'52d8    0x18

Absolute sections, part 30 of 165:                0x48
  .ARM.__at_0x00015310    ro code     0x1'5310    0x48  MyAPP.o [2]
                                    - 0x1'5358    0x48

Absolute sections, part 31 of 165:                0x84
  .ARM.__at_0x00015360    ro code     0x1'5360    0x84  MyAPP.o [2]
                                    - 0x1'53e4    0x84

Absolute sections, part 32 of 165:                0xb4
  .ARM.__at_0x000153f0    ro code     0x1'53f0    0xb4  MyAPP.o [2]
                                    - 0x1'54a4    0xb4

Absolute sections, part 33 of 165:                0x30
  .ARM.__at_0x000154c0    ro code     0x1'54c0    0x30  MyAPP.o [2]
                                    - 0x1'54f0    0x30

Absolute sections, part 34 of 165:                0x34
  .ARM.__at_0x00015500    ro code     0x1'5500    0x34  MyAPP.o [2]
                                    - 0x1'5534    0x34

Absolute sections, part 35 of 165:                0x98
  .ARM.__at_0x00015540    ro code     0x1'5540    0x98  MyAPP.o [2]
                                    - 0x1'55d8    0x98

Absolute sections, part 36 of 165:                0x84
  .ARM.__at_0x000155e0    ro code     0x1'55e0    0x84  MyAPP.o [2]
                                    - 0x1'5664    0x84

Absolute sections, part 37 of 165:                0xac
  .ARM.__at_0x00015668    ro code     0x1'5668    0x88  MyAPP.o [2]
  .ARM.__at_0x000156f0    ro code     0x1'56f0    0x24  MyAPP.o [2]
                                    - 0x1'5714    0xac

Absolute sections, part 38 of 165:                0x80
  .ARM.__at_0x00015720    ro code     0x1'5720    0x80  MyAPP.o [2]
                                    - 0x1'57a0    0x80

Absolute sections, part 39 of 165:                0x68
  .ARM.__at_0x000157c0    ro code     0x1'57c0    0x68  MyAPP.o [2]
                                    - 0x1'5828    0x68

Absolute sections, part 40 of 165:                0x58
  .ARM.__at_0x00015830    ro code     0x1'5830    0x58  MyAPP.o [2]
                                    - 0x1'5888    0x58

Absolute sections, part 41 of 165:                0x48
  .ARM.__at_0x000158b0    ro code     0x1'58b0    0x48  MyAPP.o [2]
                                    - 0x1'58f8    0x48

Absolute sections, part 42 of 165:               0x174
  .ARM.__at_0x00015900    ro code     0x1'5900    0xb4  MyAPP.o [2]
  .ARM.__at_0x000159b4    ro code     0x1'59b4    0xc0  MyAPP.o [2]
                                    - 0x1'5a74   0x174

Absolute sections, part 43 of 165:               0x374
  .ARM.__at_0x00015a78    ro code     0x1'5a78    0xc8  MyAPP.o [2]
  .ARM.__at_0x00015b40    ro code     0x1'5b40   0x2ac  MyAPP.o [2]
                                    - 0x1'5dec   0x374

Absolute sections, part 44 of 165:               0x2f8
  .ARM.__at_0x00015df0    ro code     0x1'5df0   0x2f8  MyAPP.o [2]
                                    - 0x1'60e8   0x2f8

Absolute sections, part 45 of 165:                0x24
  .ARM.__at_0x00016100    ro code     0x1'6100    0x24  MyBoard.o [2]
                                    - 0x1'6124    0x24

Absolute sections, part 46 of 165:                0x24
  .ARM.__at_0x00016130    ro code     0x1'6130    0x24  MyBoard.o [2]
                                    - 0x1'6154    0x24

Absolute sections, part 47 of 165:                0x24
  .ARM.__at_0x000161b0    ro code     0x1'61b0    0x24  MyBoard.o [2]
                                    - 0x1'61d4    0x24

Absolute sections, part 48 of 165:                0x24
  .ARM.__at_0x000161e0    ro code     0x1'61e0    0x24  MyBoard.o [2]
                                    - 0x1'6204    0x24

Absolute sections, part 49 of 165:                0x24
  .ARM.__at_0x00016210    ro code     0x1'6210    0x24  MyBoard.o [2]
                                    - 0x1'6234    0x24

Absolute sections, part 50 of 165:                0x24
  .ARM.__at_0x00016240    ro code     0x1'6240    0x24  MyBoard.o [2]
                                    - 0x1'6264    0x24

Absolute sections, part 51 of 165:                0x34
  .ARM.__at_0x00016270    ro code     0x1'6270    0x34  MyBoard.o [2]
                                    - 0x1'62a4    0x34

Absolute sections, part 52 of 165:                0x2c
  .ARM.__at_0x000162c0    ro code     0x1'62c0    0x2c  MyBoard.o [2]
                                    - 0x1'62ec    0x2c

Absolute sections, part 53 of 165:                0x2c
  .ARM.__at_0x000162f0    ro code     0x1'62f0    0x2c  MyBoard.o [2]
                                    - 0x1'631c    0x2c

Absolute sections, part 54 of 165:                0x50
  .ARM.__at_0x00016350    ro code     0x1'6350    0x50  MyBoard.o [2]
                                    - 0x1'63a0    0x50

Absolute sections, part 55 of 165:                0x28
  .ARM.__at_0x000163b0    ro code     0x1'63b0    0x28  MyBoard.o [2]
                                    - 0x1'63d8    0x28

Absolute sections, part 56 of 165:                0x50
  .ARM.__at_0x000163f0    ro code     0x1'63f0    0x50  MyBoard.o [2]
                                    - 0x1'6440    0x50

Absolute sections, part 57 of 165:                0x2c
  .ARM.__at_0x000164a0    ro code     0x1'64a0    0x2c  MyBoard.o [2]
                                    - 0x1'64cc    0x2c

Absolute sections, part 58 of 165:                0xcc
  .ARM.__at_0x00016510    ro code     0x1'6510    0xcc  MyBoard.o [2]
                                    - 0x1'65dc    0xcc

Absolute sections, part 59 of 165:                0x6c
  .ARM.__at_0x00016608    ro code     0x1'6608    0x20  MyTask.o [2]
  .ARM.__at_0x00016628    ro code     0x1'6628    0x4c  MyTask.o [2]
                                    - 0x1'6674    0x6c

Absolute sections, part 60 of 165:                0x84
  .ARM.__at_0x00016678    ro code     0x1'6678    0x38  MyTask.o [2]
  .ARM.__at_0x000166b0    ro code     0x1'66b0    0x4c  MyTask.o [2]
                                    - 0x1'66fc    0x84

Absolute sections, part 61 of 165:                0x58
  .ARM.__at_0x00016700    ro code     0x1'6700    0x58  MyTask.o [2]
                                    - 0x1'6758    0x58

Absolute sections, part 62 of 165:                0x34
  .ARM.__at_0x00016760    ro code     0x1'6760    0x34  MyTask.o [2]
                                    - 0x1'6794    0x34

Absolute sections, part 63 of 165:                0x44
  .ARM.__at_0x000167a8    ro code     0x1'67a8    0x44  MyTask.o [2]
                                    - 0x1'67ec    0x44

Absolute sections, part 64 of 165:                0x9c
  .ARM.__at_0x000167f0    ro code     0x1'67f0    0x48  MyTask.o [2]
  .ARM.__at_0x00016838    ro code     0x1'6838    0x54  MyTask.o [2]
                                    - 0x1'688c    0x9c

Absolute sections, part 65 of 165:                0x30
  .ARM.__at_0x00016890    ro code     0x1'6890    0x30  MyTask.o [2]
                                    - 0x1'68c0    0x30

Absolute sections, part 66 of 165:                0xfc
  .ARM.__at_0x000168d0    ro code     0x1'68d0    0xfc  MyTask.o [2]
                                    - 0x1'69cc    0xfc

Absolute sections, part 67 of 165:               0x100
  .ARM.__at_0x000169d0    ro code     0x1'69d0   0x100  MyTask.o [2]
                                    - 0x1'6ad0   0x100

Absolute sections, part 68 of 165:               0x298
  .ARM.__at_0x00016ae0    ro code     0x1'6ae0   0x298  MyTask.o [2]
                                    - 0x1'6d78   0x298

Absolute sections, part 69 of 165:               0x2a0
  .ARM.__at_0x00016db0    ro code     0x1'6db0   0x2a0  MyTask.o [2]
                                    - 0x1'7050   0x2a0

Absolute sections, part 70 of 165:               0x1c0
  .ARM.__at_0x00017090    ro code     0x1'7090   0x1c0  MyTask.o [2]
                                    - 0x1'7250   0x1c0

Absolute sections, part 71 of 165:               0x4b4
  .ARM.__at_0x000172d0    ro code     0x1'72d0   0x4b4  MyTask.o [2]
                                    - 0x1'7784   0x4b4

Absolute sections, part 72 of 165:                0x7c
  .ARM.__at_0x00017790    ro code     0x1'7790    0x7c  ParaParse.o [2]
                                    - 0x1'780c    0x7c

Absolute sections, part 73 of 165:               0x2a0
  .ARM.__at_0x00017830    ro code     0x1'7830   0x2a0  ParaParse.o [2]
                                    - 0x1'7ad0   0x2a0

Absolute sections, part 74 of 165:                0x50
  .ARM.__at_0x00017b00    ro code     0x1'7b00    0x50  QueryUp.o [2]
                                    - 0x1'7b50    0x50

Absolute sections, part 75 of 165:                0x84
  .ARM.__at_0x00017b80    ro code     0x1'7b80    0x84  QueryUp.o [2]
                                    - 0x1'7c04    0x84

Absolute sections, part 76 of 165:                0x22
  .ARM.__at_0x00017c10    ro code     0x1'7c10    0x22  QueryUp.o [2]
                                    - 0x1'7c32    0x22

Absolute sections, part 77 of 165:                0xb4
  .ARM.__at_0x00017c40    ro code     0x1'7c40    0xb4  QueryUp.o [2]
                                    - 0x1'7cf4    0xb4

Absolute sections, part 78 of 165:                0x2c
  .ARM.__at_0x00017cf8    ro code     0x1'7cf8    0x10  QueryUp.o [2]
  .ARM.__at_0x00017d08    ro code     0x1'7d08    0x1c  QueryUp.o [2]
                                    - 0x1'7d24    0x2c

Absolute sections, part 79 of 165:                0x94
  .ARM.__at_0x00017d28    ro code     0x1'7d28    0x94  QueryUp.o [2]
                                    - 0x1'7dbc    0x94

Absolute sections, part 80 of 165:                0x54
  .ARM.__at_0x00017dc0    ro code     0x1'7dc0    0x54  QueryUp.o [2]
                                    - 0x1'7e14    0x54

Absolute sections, part 81 of 165:                0xe0
  .ARM.__at_0x00017e20    ro code     0x1'7e20    0xe0  QueryUp.o [2]
                                    - 0x1'7f00    0xe0

Absolute sections, part 82 of 165:                0xe0
  .ARM.__at_0x00017f20    ro code     0x1'7f20    0xe0  QueryUp.o [2]
                                    - 0x1'8000    0xe0

Absolute sections, part 83 of 165:               0x3f4
  .ARM.__at_0x00018020    ro code     0x1'8020   0x3f4  QueryUp.o [2]
                                    - 0x1'8414   0x3f4

Absolute sections, part 84 of 165:                0x46
  .ARM.__at_0x000184a0    ro code     0x1'84a0    0x46  QueryUp.o [2]
                                    - 0x1'84e6    0x46

Absolute sections, part 85 of 165:               0x188
  .ARM.__at_0x00018500    ro code     0x1'8500   0x188  QueryUp.o [2]
                                    - 0x1'8688   0x188

Absolute sections, part 86 of 165:                 0x4
  .ARM.__at_0x00018700    ro code     0x1'8700     0x4  QueryUp.o [2]
                                    - 0x1'8704     0x4

Absolute sections, part 87 of 165:                0x48
  .ARM.__at_0x00018720    ro code     0x1'8720    0x48  QueryUp.o [2]
                                    - 0x1'8768    0x48

Absolute sections, part 88 of 165:                0xc8
  .ARM.__at_0x00018780    ro code     0x1'8780    0xc8  QueryUp.o [2]
                                    - 0x1'8848    0xc8

Absolute sections, part 89 of 165:                0x64
  .ARM.__at_0x00018860    ro code     0x1'8860    0x64  QueryUp.o [2]
                                    - 0x1'88c4    0x64

Absolute sections, part 90 of 165:                0x70
  .ARM.__at_0x00018900    ro code     0x1'8900    0x70  QueryUp.o [2]
                                    - 0x1'8970    0x70

Absolute sections, part 91 of 165:               0x118
  .ARM.__at_0x00018a00    ro code     0x1'8a00   0x118  MP_INT.o [2]
                                    - 0x1'8b18   0x118

Absolute sections, part 92 of 165:                0x64
  .ARM.__at_0x00018bc0    ro code     0x1'8bc0    0x64  MP_INT.o [2]
                                    - 0x1'8c24    0x64

Absolute sections, part 93 of 165:               0x17c
  .ARM.__at_0x00018d00    ro code     0x1'8d00   0x17c  MP_LWS.o [2]
                                    - 0x1'8e7c   0x17c

Absolute sections, part 94 of 165:                0xb4
  .ARM.__at_0x00019400    ro code     0x1'9400    0xb4  mymain.o [2]
                                    - 0x1'94b4    0xb4

Absolute sections, part 95 of 165:                0x34
  .ARM.__at_0x00019700    ro code     0x1'9700    0x34  mymain.o [2]
                                    - 0x1'9734    0x34

"P5":                                            0x198
  .text                   ro code     0x1'9734    0x88  LoraDn.o [2]
  .text                   ro code     0x1'97bc    0x64  MyBoard.o [2]
  .text                   ro code     0x1'9820    0x58  MyTask.o [2]
  .rodata                 const       0x1'9878    0x40  QueryUp.o [2]
  .text                   ro code     0x1'98b8    0x14  MyAPP.o [2]
                                    - 0x1'98cc   0x198

"P6|P8":                                        0x1268
  .text                   ro code     0x1'98cc   0x6b0  GPS.o [1]
  .text                   ro code     0x1'9f7c    0xb0  FltMul.o [5]
  .text                   ro code     0x1'a02c    0x22  strncpy_small.o [6]
  .text                   ro code     0x1'a04e     0x2  startup_hc32l19x.o [3]
  .text                   ro code     0x1'a050    0x20  FltCmpEq.o [5]
  .text                   ro code     0x1'a070     0xe  strlen.o [6]
  .text                   ro code     0x1'a07e     0x2  startup_hc32l19x.o [3]
  .text                   ro code     0x1'a080   0x4c0  BackHaulIF.o [2]
  .text                   ro code     0x1'a540   0x1b4  BST0xHook.o [1]
  .text                   ro code     0x1'a6f4   0x104  OMxGpio.o [3]
  .text                   ro code     0x1'a7f8    0x28  startup_hc32l19x.o [3]
  .iar.init_table         const       0x1'a820   0x210  - Linker created -
  .text                   ro code     0x1'aa30    0x10  ABImemset_small.o [6]
  .text                   ro code     0x1'aa40     0xe  MyAppHook.o [2]
  .text                   ro code     0x1'aa4e     0x2  startup_hc32l19x.o [3]
  Initializer bytes       const       0x1'aa50    0xe4  <for P10 s0>
                                    - 0x1'ab34  0x1268

Absolute sections, part 96 of 165:                 0x2
  .ARM.__at_0x0001f300    ro code     0x1'f300     0x2  MyAppHook.o [2]
                                    - 0x1'f302     0x2

Absolute sections, part 97 of 165:                 0x2
  .ARM.__at_0x0001f340    ro code     0x1'f340     0x2  MyAppHook.o [2]
                                    - 0x1'f342     0x2

Absolute sections, part 98 of 165:                0x1c
  .ARM.__at_0x20000000    zero     0x2000'0000    0x10  Global.o [3]
  .ARM.__at_0x20000010    zero     0x2000'0010     0x4  Global.o [3]
  .ARM.__at_0x20000014    zero     0x2000'0014     0x4  Global.o [3]
  .ARM.__at_0x20000018    zero     0x2000'0018     0x4  Global.o [3]
                                 - 0x2000'001c    0x1c

Absolute sections, part 99 of 165:                 0x4
  .ARM.__at_0x20000020    zero     0x2000'0020     0x4  Global.o [3]
                                 - 0x2000'0024     0x4

Absolute sections, part 100 of 165:                0x4
  .ARM.__at_0x20000028    zero     0x2000'0028     0x4  Global.o [3]
                                 - 0x2000'002c     0x4

Absolute sections, part 101 of 165:                0x4
  .ARM.__at_0x20000030    zero     0x2000'0030     0x4  Global.o [3]
                                 - 0x2000'0034     0x4

Absolute sections, part 102 of 165:                0x4
  .ARM.__at_0x20000038    zero     0x2000'0038     0x4  Global.o [3]
                                 - 0x2000'003c     0x4

Absolute sections, part 103 of 165:                0x4
  .ARM.__at_0x20000040    zero     0x2000'0040     0x4  Global.o [3]
                                 - 0x2000'0044     0x4

Absolute sections, part 104 of 165:                0x4
  .ARM.__at_0x20000048    zero     0x2000'0048     0x4  Global.o [3]
                                 - 0x2000'004c     0x4

Absolute sections, part 105 of 165:               0x14
  .ARM.__at_0x20000050    zero     0x2000'0050     0x8  Global.o [3]
  .ARM.__at_0x20000058    zero     0x2000'0058     0x8  Global.o [3]
  .ARM.__at_0x20000060    zero     0x2000'0060     0x4  Global.o [3]
                                 - 0x2000'0064    0x14

Absolute sections, part 106 of 165:               0x10
  .ARM.__at_0x20000068    zero     0x2000'0068    0x10  Global.o [3]
                                 - 0x2000'0078    0x10

Absolute sections, part 107 of 165:                0xc
  .ARM.__at_0x20000080    zero     0x2000'0080     0xc  Global.o [3]
                                 - 0x2000'008c     0xc

Absolute sections, part 108 of 165:                0xc
  .ARM.__at_0x20000090    zero     0x2000'0090     0xc  Global.o [3]
                                 - 0x2000'009c     0xc

Absolute sections, part 109 of 165:               0x10
  .ARM.__at_0x200000a0    zero     0x2000'00a0    0x10  Global.o [3]
                                 - 0x2000'00b0    0x10

Absolute sections, part 110 of 165:               0x2c
  .ARM.__at_0x200000b4    zero     0x2000'00b4    0x14  Global.o [3]
  .ARM.__at_0x200000c8    zero     0x2000'00c8    0x18  Global.o [3]
                                 - 0x2000'00e0    0x2c

Absolute sections, part 111 of 165:               0x24
  .ARM.__at_0x20000118    zero     0x2000'0118    0x24  Global.o [3]
                                 - 0x2000'013c    0x24

Absolute sections, part 112 of 165:               0x5c
  .ARM.__at_0x20000140    zero     0x2000'0140    0x5c  Global.o [3]
                                 - 0x2000'019c    0x5c

Absolute sections, part 113 of 165:               0x5c
  .ARM.__at_0x20000210    zero     0x2000'0210    0x5c  Global.o [3]
                                 - 0x2000'026c    0x5c

Absolute sections, part 114 of 165:               0x74
  .ARM.__at_0x20000270    zero     0x2000'0270    0x74  Global.o [3]
                                 - 0x2000'02e4    0x74

Absolute sections, part 115 of 165:              0x118
  .ARM.__at_0x200002f0    zero     0x2000'02f0   0x100  Global.o [3]
  .ARM.__at_0x200003f0    zero     0x2000'03f0    0x18  Global.o [3]
                                 - 0x2000'0408   0x118

Absolute sections, part 116 of 165:              0x240
  .ARM.__at_0x20000420    zero     0x2000'0420   0x240  Global.o [3]
                                 - 0x2000'0660   0x240

Absolute sections, part 117 of 165:                0x4
  .ARM.__at_0x20000690    zero     0x2000'0690     0x4  Global_app.o [3]
                                 - 0x2000'0694     0x4

Absolute sections, part 118 of 165:                0x4
  .ARM.__at_0x20000698    zero     0x2000'0698     0x4  Global_app.o [3]
                                 - 0x2000'069c     0x4

Absolute sections, part 119 of 165:                0x4
  .ARM.__at_0x200006a0    zero     0x2000'06a0     0x4  Global_app.o [3]
                                 - 0x2000'06a4     0x4

Absolute sections, part 120 of 165:                0x4
  .ARM.__at_0x200006a8    zero     0x2000'06a8     0x4  Global_app.o [3]
                                 - 0x2000'06ac     0x4

Absolute sections, part 121 of 165:                0x8
  .ARM.__at_0x200006b0    zero     0x2000'06b0     0x8  Global_app.o [3]
                                 - 0x2000'06b8     0x8

Absolute sections, part 122 of 165:              0x900
  .ARM.__at_0x20000700    zero     0x2000'0700   0x100  Global_app.o [3]
  .ARM.__at_0x20000800    zero     0x2000'0800   0x400  Global_app.o [3]
  .ARM.__at_0x20000c00    zero     0x2000'0c00   0x400  Global_app.o [3]
                                 - 0x2000'1000   0x900

Absolute sections, part 123 of 165:               0x28
  .ARM.__at_0x20001100    zero     0x2000'1100     0x4  Global_System.o [3]
  .ARM.__at_0x20001104    zero     0x2000'1104     0x4  Global_System.o [3]
  .ARM.__at_0x20001108    zero     0x2000'1108     0x4  Global_System.o [3]
  .ARM.__at_0x2000110c    zero     0x2000'110c     0x4  Global_System.o [3]
  .ARM.__at_0x20001110    zero     0x2000'1110     0x4  Global_System.o [3]
  .ARM.__at_0x20001114    zero     0x2000'1114     0x4  Global_System.o [3]
  .ARM.__at_0x20001118    zero     0x2000'1118     0xc  Global_System.o [3]
  .ARM.__at_0x20001124    zero     0x2000'1124     0x4  Global_System.o [3]
                                 - 0x2000'1128    0x28

Absolute sections, part 124 of 165:               0x14
  .ARM.__at_0x2000112c    zero     0x2000'112c     0x4  Global_System.o [3]
  .ARM.__at_0x20001130    zero     0x2000'1130     0x4  Global_System.o [3]
  .ARM.__at_0x20001134    zero     0x2000'1134     0x4  Global_System.o [3]
  .ARM.__at_0x20001138    zero     0x2000'1138     0x4  Global_System.o [3]
  .ARM.__at_0x2000113c    zero     0x2000'113c     0x4  Global_System.o [3]
                                 - 0x2000'1140    0x14

Absolute sections, part 125 of 165:               0x20
  .ARM.__at_0x20001144    zero     0x2000'1144     0x4  Global_System.o [3]
  .ARM.__at_0x20001148    zero     0x2000'1148     0x4  Global_System.o [3]
  .ARM.__at_0x2000114c    zero     0x2000'114c     0x4  Global_System.o [3]
  .ARM.__at_0x20001150    zero     0x2000'1150     0x4  Global_System.o [3]
  .ARM.__at_0x20001154    zero     0x2000'1154     0xc  Global_System.o [3]
  .ARM.__at_0x20001160    zero     0x2000'1160     0x4  Global_System.o [3]
                                 - 0x2000'1164    0x20

Absolute sections, part 126 of 165:                0x1
  .ARM.__at_0x20001178    uninit   0x2000'1178     0x1  Global_System.o [3]
                                 - 0x2000'1179     0x1

Absolute sections, part 127 of 165:                0x1
  .ARM.__at_0x2000117c    uninit   0x2000'117c     0x1  Global_System.o [3]
                                 - 0x2000'117d     0x1

Absolute sections, part 128 of 165:                0x2
  .ARM.__at_0x20001180    uninit   0x2000'1180     0x2  Global_System.o [3]
                                 - 0x2000'1182     0x2

Absolute sections, part 129 of 165:                0x8
  .ARM.__at_0x20001184    zero     0x2000'1184     0x4  Global_System.o [3]
  .ARM.__at_0x20001188    zero     0x2000'1188     0x4  Global_System.o [3]
                                 - 0x2000'118c     0x8

Absolute sections, part 130 of 165:               0x18
  .ARM.__at_0x200011c0    zero     0x2000'11c0    0x18  Global_System.o [3]
                                 - 0x2000'11d8    0x18

Absolute sections, part 131 of 165:               0x5c
  .ARM.__at_0x200011e0    zero     0x2000'11e0     0x8  Global_System.o [3]
  .ARM.__at_0x200011e8    zero     0x2000'11e8     0x8  Global_System.o [3]
  .ARM.__at_0x200011f0    zero     0x2000'11f0     0x8  Global_System.o [3]
  .ARM.__at_0x200011f8    zero     0x2000'11f8     0x8  Global_System.o [3]
  .ARM.__at_0x20001200    zero     0x2000'1200     0x8  Global_System.o [3]
  .ARM.__at_0x20001208    zero     0x2000'1208     0x8  Global_System.o [3]
  .ARM.__at_0x20001210    zero     0x2000'1210     0x8  Global_System.o [3]
  .ARM.__at_0x20001218    zero     0x2000'1218     0x8  Global_System.o [3]
  .ARM.__at_0x20001220    zero     0x2000'1220     0x8  Global_System.o [3]
  .ARM.__at_0x20001228    zero     0x2000'1228     0x8  Global_System.o [3]
  .ARM.__at_0x20001230    zero     0x2000'1230     0xc  Global_System.o [3]
                                 - 0x2000'123c    0x5c

Absolute sections, part 132 of 165:              0x100
  .ARM.__at_0x20001250    zero     0x2000'1250    0x10  Global_System.o [3]
  .ARM.__at_0x20001260    zero     0x2000'1260    0xb0  Global_System.o [3]
  .ARM.__at_0x20001310    zero     0x2000'1310    0x20  Global_System.o [3]
  .ARM.__at_0x20001330    zero     0x2000'1330    0x20  Global_System.o [3]
                                 - 0x2000'1350   0x100

Absolute sections, part 133 of 165:               0x60
  .ARM.__at_0x20001360    zero     0x2000'1360    0x60  Global_System.o [3]
                                 - 0x2000'13c0    0x60

Absolute sections, part 134 of 165:               0x60
  .ARM.__at_0x200013f0    zero     0x2000'13f0    0x60  Global_System.o [3]
                                 - 0x2000'1450    0x60

Absolute sections, part 135 of 165:               0xc0
  .ARM.__at_0x20001460    zero     0x2000'1460    0xc0  Global_System.o [3]
                                 - 0x2000'1520    0xc0

Absolute sections, part 136 of 165:               0xc0
  .ARM.__at_0x20001524    zero     0x2000'1524    0xc0  Global_System.o [3]
                                 - 0x2000'15e4    0xc0

Absolute sections, part 137 of 165:               0xd8
  .ARM.__at_0x200015f0    zero     0x2000'15f0    0xd8  Global_System.o [3]
                                 - 0x2000'16c8    0xd8

Absolute sections, part 138 of 165:              0x3f8
  .ARM.__at_0x20001700    zero     0x2000'1700   0x3f8  Global_System.o [3]
                                 - 0x2000'1af8   0x3f8

Absolute sections, part 139 of 165:              0x1f8
  .ARM.__at_0x20001b00    zero     0x2000'1b00   0x1f8  Global_System.o [3]
                                 - 0x2000'1cf8   0x1f8

Absolute sections, part 140 of 165:                0x4
  .ARM.__at_0x20001d00    zero     0x2000'1d00     0x4  MP_FUOTA.o [3]
                                 - 0x2000'1d04     0x4

Absolute sections, part 141 of 165:                0x4
  .ARM.__at_0x20001d08    zero     0x2000'1d08     0x4  MP_FUOTA.o [3]
                                 - 0x2000'1d0c     0x4

Absolute sections, part 142 of 165:                0x4
  .ARM.__at_0x20001d10    zero     0x2000'1d10     0x4  MP_FUOTA.o [3]
                                 - 0x2000'1d14     0x4

Absolute sections, part 143 of 165:                0x8
  .ARM.__at_0x20001d18    zero     0x2000'1d18     0x8  MP_FUOTA.o [3]
                                 - 0x2000'1d20     0x8

Absolute sections, part 144 of 165:                0xc
  .ARM.__at_0x20001d28    zero     0x2000'1d28     0xc  MP_FUOTA.o [3]
                                 - 0x2000'1d34     0xc

Absolute sections, part 145 of 165:              0xa58
  .ARM.__at_0x20001d38    zero     0x2000'1d38    0x20  MP_FUOTA.o [3]
  .ARM.__at_0x20001d58    zero     0x2000'1d58    0x48  MP_FUOTA.o [3]
  .ARM.__at_0x20001da0    zero     0x2000'1da0    0x48  MP_FUOTA.o [3]
  .ARM.__at_0x20001de8    zero     0x2000'1de8    0x48  MP_FUOTA.o [3]
  .ARM.__at_0x20001e30    zero     0x2000'1e30   0x100  MP_FUOTA.o [3]
  .ARM.__at_0x20001f30    zero     0x2000'1f30    0x60  MP_FUOTA.o [3]
  .ARM.__at_0x20001f90    zero     0x2000'1f90   0x800  MP_FUOTA.o [3]
                                 - 0x2000'2790   0xa58

Absolute sections, part 146 of 165:                0x4
  Absolute sections 146-1
                                   0x2000'27f0     0x4  <Init block>
    .data                 inited   0x2000'27f0     0x4  utilities.o [3]
                                 - 0x2000'27f4     0x4

Absolute sections, part 147 of 165:                0x4
  .ARM.__at_0x20002800    zero     0x2000'2800     0x4  Global_Radio.o [3]
                                 - 0x2000'2804     0x4

Absolute sections, part 148 of 165:                0x1
  .ARM.__at_0x20002808    uninit   0x2000'2808     0x1  Global_Radio.o [3]
                                 - 0x2000'2809     0x1

Absolute sections, part 149 of 165:                0x2
  .ARM.__at_0x20002810    uninit   0x2000'2810     0x2  Global_Radio.o [3]
                                 - 0x2000'2812     0x2

Absolute sections, part 150 of 165:               0x90
  .ARM.__at_0x20002820    zero     0x2000'2820    0x80  Global_Radio.o [3]
  .ARM.__at_0x200028a0    zero     0x2000'28a0    0x10  Global_Radio.o [3]
                                 - 0x2000'28b0    0x90

Absolute sections, part 151 of 165:               0x74
  .ARM.__at_0x200028c0    zero     0x2000'28c0    0x74  Global_Radio.o [3]
                                 - 0x2000'2934    0x74

"P10", part 1 of 2:                               0xe4
  P10 s0                           0x2000'2934    0xe4  <Init block>
    .data                 inited   0x2000'2934    0x2c  GPS.o [1]
    .data                 inited   0x2000'2960    0x18  GPS.o [1]
    .data                 inited   0x2000'2978    0x10  GPS.o [1]
    .data                 inited   0x2000'2988    0x10  GPS.o [1]
    .data                 inited   0x2000'2998    0x10  GPS.o [1]
    .data                 inited   0x2000'29a8    0x10  GPS.o [1]
    .data                 inited   0x2000'29b8    0x10  GPS.o [1]
    .data                 inited   0x2000'29c8    0x10  GPS.o [1]
    .data                 inited   0x2000'29d8    0x10  GPS.o [1]
    .data                 inited   0x2000'29e8    0x10  GPS.o [1]
    .data                 inited   0x2000'29f8    0x10  GPS.o [1]
    .data                 inited   0x2000'2a08    0x10  GPS.o [1]
                                 - 0x2000'2a18    0xe4

"P10", part 2 of 2:                               0xbc
  .bss                    zero     0x2000'2a18    0x68  GPS.o [1]
  .bss                    zero     0x2000'2a80    0x38  EBGlobal.o [2]
  .bss                    zero     0x2000'2ab8    0x18  BST0xHook.o [1]
  .bss                    zero     0x2000'2ad0     0x1  HC32L19_sysctrl.o [3]
                                 - 0x2000'2ad1    0xb9

Absolute sections, part 152 of 165:               0x18
  .ARM.__at_0x20002c00    zero     0x2000'2c00     0x4  EBGlobal.o [2]
  .ARM.__at_0x20002c04    zero     0x2000'2c04     0x4  EBGlobal.o [2]
  .ARM.__at_0x20002c08    zero     0x2000'2c08     0x4  EBGlobal.o [2]
  .ARM.__at_0x20002c0c    zero     0x2000'2c0c     0x4  EBGlobal.o [2]
  .ARM.__at_0x20002c10    zero     0x2000'2c10     0x4  EBGlobal.o [2]
  .ARM.__at_0x20002c14    zero     0x2000'2c14     0x4  EBGlobal.o [2]
                                 - 0x2000'2c18    0x18

Absolute sections, part 153 of 165:                0x2
  .ARM.__at_0x20002c30    uninit   0x2000'2c30     0x1  EBGlobal.o [2]
  .ARM.__at_0x20002c31    uninit   0x2000'2c31     0x1  EBGlobal.o [2]
                                 - 0x2000'2c32     0x2

Absolute sections, part 154 of 165:                0x2
  .ARM.__at_0x20002c34    uninit   0x2000'2c34     0x2  EBGlobal.o [2]
                                 - 0x2000'2c36     0x2

Absolute sections, part 155 of 165:                0x4
  .ARM.__at_0x20002c38    uninit   0x2000'2c38     0x2  EBGlobal.o [2]
  .ARM.__at_0x20002c3a    uninit   0x2000'2c3a     0x1  EBGlobal.o [2]
  .ARM.__at_0x20002c3b    uninit   0x2000'2c3b     0x1  EBGlobal.o [2]
                                 - 0x2000'2c3c     0x4

Absolute sections, part 156 of 165:               0x20
  .ARM.__at_0x20002c40    zero     0x2000'2c40     0x8  EBGlobal.o [2]
  .ARM.__at_0x20002c48    zero     0x2000'2c48     0x8  EBGlobal.o [2]
  .ARM.__at_0x20002c50    zero     0x2000'2c50     0x8  EBGlobal.o [2]
  .ARM.__at_0x20002c58    zero     0x2000'2c58     0x8  EBGlobal.o [2]
                                 - 0x2000'2c60    0x20

Absolute sections, part 157 of 165:                0xc
  .ARM.__at_0x20002c70    zero     0x2000'2c70     0xc  EBGlobal.o [2]
                                 - 0x2000'2c7c     0xc

Absolute sections, part 158 of 165:               0x48
  .ARM.__at_0x20002c90    zero     0x2000'2c90    0x20  EBGlobal.o [2]
  .ARM.__at_0x20002cb0    zero     0x2000'2cb0    0x28  EBGlobal.o [2]
                                 - 0x2000'2cd8    0x48

Absolute sections, part 159 of 165:              0x1b0
  .ARM.__at_0x20002d00    zero     0x2000'2d00    0x48  EBGlobal.o [2]
  .ARM.__at_0x20002d48    zero     0x2000'2d48    0x48  EBGlobal.o [2]
  .ARM.__at_0x20002d90    zero     0x2000'2d90    0x48  EBGlobal.o [2]
  .ARM.__at_0x20002dd8    zero     0x2000'2dd8    0x48  EBGlobal.o [2]
  .ARM.__at_0x20002e20    zero     0x2000'2e20    0x48  EBGlobal.o [2]
  .ARM.__at_0x20002e68    zero     0x2000'2e68    0x48  EBGlobal.o [2]
                                 - 0x2000'2eb0   0x1b0

Absolute sections, part 160 of 165:              0x210
  .ARM.__at_0x20002f40    zero     0x2000'2f40    0x80  EBGlobal.o [2]
  .ARM.__at_0x20002fc0    zero     0x2000'2fc0   0x100  EBGlobal.o [2]
  .ARM.__at_0x200030c0    zero     0x2000'30c0    0x90  EBGlobal.o [2]
                                 - 0x2000'3150   0x210

Absolute sections, part 161 of 165:               0xc0
  .ARM.__at_0x200031c0    zero     0x2000'31c0    0xc0  EBGlobal.o [2]
                                 - 0x2000'3280    0xc0

Absolute sections, part 162 of 165:              0x1b0
  .ARM.__at_0x20003340    zero     0x2000'3340   0x1b0  EBGlobal.o [2]
                                 - 0x2000'34f0   0x1b0

Absolute sections, part 163 of 165:              0x598
  .ARM.__at_0x20003640    zero     0x2000'3640   0x598  EBGlobal.o [2]
                                 - 0x2000'3bd8   0x598

Absolute sections, part 164 of 165:              0x990
  .ARM.__at_0x20004a80    zero     0x2000'4a80   0x980  EBGlobal.o [2]
  .ARM.__at_0x20005400    zero     0x2000'5400    0x10  BackHaulIF.o [2]
                                 - 0x2000'5410   0x990

Absolute sections, part 165 of 165:              0x400
  .ARM.__at_0x20005420    zero     0x2000'5420   0x400  BackHaulIF.o [2]
                                 - 0x2000'5820   0x400

"P12":                                          0x1600
  CSTACK                           0x2000'6800  0x1600  <Block>
    CSTACK                uninit   0x2000'6800  0x1600  <Block tail>
                                 - 0x2000'7e00  0x1600

Unused ranges:

         From           To      Size
         ----           --      ----
       0x5514       0x5bff     0x6ec
       0x7d7c       0x7eff     0x184
       0x8298       0x83ff     0x168
       0x9c10       0xa7ff     0xbf0
       0xa82c       0xa83f      0x14
       0xa940       0xa97f      0x40
       0xa995       0xa99f       0xb
       0xa9b0       0xa9ff      0x50
       0xaa0a       0xaa0f       0x6
       0xaa11       0xaa1f       0xf
       0xaa24       0xaa27       0x4
       0xaa38       0xaa3f       0x8
       0xaa50       0xaa57       0x8
       0xaa68       0xaa6f       0x8
       0xaab0       0xaacf      0x20
       0xab10       0xab1f      0x10
       0xab70       0xab7f      0x10
       0xabc0       0xabff      0x40
     0x1'381c     0x1'47ff     0xfe4
     0x1'487c     0x1'489f      0x24
     0x1'4940     0x1'49bf      0x80
     0x1'4dac     0x1'4dbf      0x14
     0x1'4e2c     0x1'4e2f       0x4
     0x1'4f28     0x1'4f2f       0x8
     0x1'4f4c     0x1'4f4f       0x4
     0x1'4f6c     0x1'4f6f       0x4
     0x1'500c     0x1'500f       0x4
     0x1'511e     0x1'515f      0x42
     0x1'5204     0x1'520f       0xc
     0x1'524c     0x1'524f       0x4
     0x1'52bc     0x1'52bf       0x4
     0x1'52d8     0x1'530f      0x38
     0x1'5358     0x1'535f       0x8
     0x1'53e4     0x1'53ef       0xc
     0x1'54a4     0x1'54bf      0x1c
     0x1'54f0     0x1'54ff      0x10
     0x1'5534     0x1'553f       0xc
     0x1'55d8     0x1'55df       0x8
     0x1'5664     0x1'5667       0x4
     0x1'5714     0x1'571f       0xc
     0x1'57a0     0x1'57bf      0x20
     0x1'5828     0x1'582f       0x8
     0x1'5888     0x1'58af      0x28
     0x1'58f8     0x1'58ff       0x8
     0x1'5a74     0x1'5a77       0x4
     0x1'5dec     0x1'5def       0x4
     0x1'60e8     0x1'60ff      0x18
     0x1'6124     0x1'612f       0xc
     0x1'6154     0x1'61af      0x5c
     0x1'61d4     0x1'61df       0xc
     0x1'6204     0x1'620f       0xc
     0x1'6234     0x1'623f       0xc
     0x1'6264     0x1'626f       0xc
     0x1'62a4     0x1'62bf      0x1c
     0x1'62ec     0x1'62ef       0x4
     0x1'631c     0x1'634f      0x34
     0x1'63a0     0x1'63af      0x10
     0x1'63d8     0x1'63ef      0x18
     0x1'6440     0x1'649f      0x60
     0x1'64cc     0x1'650f      0x44
     0x1'65dc     0x1'6607      0x2c
     0x1'6674     0x1'6677       0x4
     0x1'66fc     0x1'66ff       0x4
     0x1'6758     0x1'675f       0x8
     0x1'6794     0x1'67a7      0x14
     0x1'67ec     0x1'67ef       0x4
     0x1'688c     0x1'688f       0x4
     0x1'68c0     0x1'68cf      0x10
     0x1'69cc     0x1'69cf       0x4
     0x1'6ad0     0x1'6adf      0x10
     0x1'6d78     0x1'6daf      0x38
     0x1'7050     0x1'708f      0x40
     0x1'7250     0x1'72cf      0x80
     0x1'7784     0x1'778f       0xc
     0x1'780c     0x1'782f      0x24
     0x1'7ad0     0x1'7aff      0x30
     0x1'7b50     0x1'7b7f      0x30
     0x1'7c04     0x1'7c0f       0xc
     0x1'7c32     0x1'7c3f       0xe
     0x1'7cf4     0x1'7cf7       0x4
     0x1'7d24     0x1'7d27       0x4
     0x1'7dbc     0x1'7dbf       0x4
     0x1'7e14     0x1'7e1f       0xc
     0x1'7f00     0x1'7f1f      0x20
     0x1'8000     0x1'801f      0x20
     0x1'8414     0x1'849f      0x8c
     0x1'84e6     0x1'84ff      0x1a
     0x1'8688     0x1'86ff      0x78
     0x1'8704     0x1'871f      0x1c
     0x1'8768     0x1'877f      0x18
     0x1'8848     0x1'885f      0x18
     0x1'88c4     0x1'88ff      0x3c
     0x1'8970     0x1'89ff      0x90
     0x1'8b18     0x1'8bbf      0xa8
     0x1'8c24     0x1'8cff      0xdc
     0x1'8e7c     0x1'93ff     0x584
     0x1'94b4     0x1'96ff     0x24c
     0x1'ab34     0x1'f2ff    0x47cc
     0x1'f302     0x1'f33f      0x3e
     0x1'f342     0x1'ffff     0xcbe
     0x2'0000     0x3'8fff  0x1'9000
  0x2000'001c  0x2000'001f       0x4
  0x2000'0024  0x2000'0027       0x4
  0x2000'002c  0x2000'002f       0x4
  0x2000'0034  0x2000'0037       0x4
  0x2000'003c  0x2000'003f       0x4
  0x2000'0044  0x2000'0047       0x4
  0x2000'004c  0x2000'004f       0x4
  0x2000'0064  0x2000'0067       0x4
  0x2000'0078  0x2000'007f       0x8
  0x2000'008c  0x2000'008f       0x4
  0x2000'009c  0x2000'009f       0x4
  0x2000'00b0  0x2000'00b3       0x4
  0x2000'00e0  0x2000'0117      0x38
  0x2000'013c  0x2000'013f       0x4
  0x2000'019c  0x2000'020f      0x74
  0x2000'026c  0x2000'026f       0x4
  0x2000'02e4  0x2000'02ef       0xc
  0x2000'0408  0x2000'041f      0x18
  0x2000'0660  0x2000'068f      0x30
  0x2000'0694  0x2000'0697       0x4
  0x2000'069c  0x2000'069f       0x4
  0x2000'06a4  0x2000'06a7       0x4
  0x2000'06ac  0x2000'06af       0x4
  0x2000'06b8  0x2000'06ff      0x48
  0x2000'1000  0x2000'10ff     0x100
  0x2000'1128  0x2000'112b       0x4
  0x2000'1140  0x2000'1143       0x4
  0x2000'1164  0x2000'1177      0x14
  0x2000'1179  0x2000'117b       0x3
  0x2000'117d  0x2000'117f       0x3
  0x2000'1182  0x2000'1183       0x2
  0x2000'118c  0x2000'11bf      0x34
  0x2000'11d8  0x2000'11df       0x8
  0x2000'123c  0x2000'124f      0x14
  0x2000'1350  0x2000'135f      0x10
  0x2000'13c0  0x2000'13ef      0x30
  0x2000'1450  0x2000'145f      0x10
  0x2000'1520  0x2000'1523       0x4
  0x2000'15e4  0x2000'15ef       0xc
  0x2000'16c8  0x2000'16ff      0x38
  0x2000'1af8  0x2000'1aff       0x8
  0x2000'1cf8  0x2000'1cff       0x8
  0x2000'1d04  0x2000'1d07       0x4
  0x2000'1d0c  0x2000'1d0f       0x4
  0x2000'1d14  0x2000'1d17       0x4
  0x2000'1d20  0x2000'1d27       0x8
  0x2000'1d34  0x2000'1d37       0x4
  0x2000'2790  0x2000'27ef      0x60
  0x2000'27f4  0x2000'27ff       0xc
  0x2000'2804  0x2000'2807       0x4
  0x2000'2809  0x2000'280f       0x7
  0x2000'2812  0x2000'281f       0xe
  0x2000'28b0  0x2000'28bf      0x10
  0x2000'2ad4  0x2000'2bff     0x12c
  0x2000'2c18  0x2000'2c2f      0x18
  0x2000'2c32  0x2000'2c33       0x2
  0x2000'2c36  0x2000'2c37       0x2
  0x2000'2c3c  0x2000'2c3f       0x4
  0x2000'2c60  0x2000'2c6f      0x10
  0x2000'2c7c  0x2000'2c8f      0x14
  0x2000'2cd8  0x2000'2cff      0x28
  0x2000'2eb0  0x2000'2f3f      0x90
  0x2000'3150  0x2000'31bf      0x70
  0x2000'3280  0x2000'333f      0xc0
  0x2000'34f0  0x2000'363f     0x150
  0x2000'3bd8  0x2000'4a7f     0xea8
  0x2000'5410  0x2000'541f      0x10
  0x2000'5820  0x2000'67ff     0xfe0
  0x2000'7e00  0x2000'7fff     0x200


*******************************************************************************
*** INIT TABLE
***

          Address      Size
          -------      ----
Zero (__iar_zero_init3)
    60 destination ranges, total size 0x3f69:
          0x2000'0000   0x1c
          0x2000'0020    0x4
          0x2000'0028    0x4
          0x2000'0030    0x4
          0x2000'0038    0x4
          0x2000'0040    0x4
          0x2000'0048    0x4
          0x2000'0050   0x14
          0x2000'0068   0x10
          0x2000'0080    0xc
          0x2000'0090    0xc
          0x2000'00a0   0x10
          0x2000'00b4   0x2c
          0x2000'0118   0x24
          0x2000'0140   0x5c
          0x2000'0210   0x5c
          0x2000'0270   0x74
          0x2000'02f0  0x118
          0x2000'0420  0x240
          0x2000'0690    0x4
          0x2000'0698    0x4
          0x2000'06a0    0x4
          0x2000'06a8    0x4
          0x2000'06b0    0x8
          0x2000'0700  0x900
          0x2000'1100   0x28
          0x2000'112c   0x14
          0x2000'1144   0x20
          0x2000'1184    0x8
          0x2000'11c0   0x18
          0x2000'11e0   0x5c
          0x2000'1250  0x100
          0x2000'1360   0x60
          0x2000'13f0   0x60
          0x2000'1460   0xc0
          0x2000'1524   0xc0
          0x2000'15f0   0xd8
          0x2000'1700  0x3f8
          0x2000'1b00  0x1f8
          0x2000'1d00    0x4
          0x2000'1d08    0x4
          0x2000'1d10    0x4
          0x2000'1d18    0x8
          0x2000'1d28    0xc
          0x2000'1d38  0xa58
          0x2000'2800    0x4
          0x2000'2820   0x90
          0x2000'28c0   0x74
          0x2000'2a18   0xb9
          0x2000'2c00   0x18
          0x2000'2c40   0x20
          0x2000'2c70    0xc
          0x2000'2c90   0x48
          0x2000'2d00  0x1b0
          0x2000'2f40  0x210
          0x2000'31c0   0xc0
          0x2000'3340  0x1b0
          0x2000'3640  0x598
          0x2000'4a80  0x990
          0x2000'5420  0x400

Copy (__iar_copy_init3)
    1 source range, total size 0x4:
               0xa828    0x4
    1 destination range, total size 0x4:
          0x2000'27f0    0x4

Copy (__iar_copy_init3)
    1 source range, total size 0xe4:
             0x1'aa50   0xe4
    1 destination range, total size 0xe4:
          0x2000'2934   0xe4



*******************************************************************************
*** MODULE SUMMARY
***

    Module                 ro code  ro data  rw data  ro code  ro data  rw data
                                                       (abs)    (abs)    (abs)
    ------                 -------  -------  -------  -------  -------  -------
command line/config:
    ---------------------------------------------------------------------------
    Total:

E:\gx\project\BST0x\Debug\Obj: [1]
    BST0xHook.o                436                24
    GPS.o                    1 712      228      332
    ---------------------------------------------------------------------------
    Total:                   2 148      228      356

EBLib.a: [2]
    BackHaulIF.o             1 216                                        1 040
    CrcCal.o                                              284
    EBGlobal.o                                    56                      5 596
    LoraDn.o                   136                      1 004
    MP_INT.o                                              380
    MP_LWS.o                                              380
    MyAPP.o                     20                      4 542
    MyAppHook.o                 14                          4
    MyBoard.o                  100                        804
    MyTask.o                    88                      4 148
    ParaParse.o                                           796
    QueryUp.o                            64             3 112
    mymain.o                                              232
    ---------------------------------------------------------------------------
    Total:                   1 574       64       56   15 686             6 636

LWS429Lib.a: [3]
    Baord.o                    648
    Global.o                                                              1 364
    Global_Radio.o             280                                          267
    Global_System.o            144                                        2 788
    Global_app.o                                                          2 328
    HC32L19_sysctrl.o          890                 1
    IWdg.o                     272
    InterFace.o              4 440
    LWS_IT.o                   490
    LoRaChanConfig.o         3 704                                 292
    LoRaCrypto.o               568
    LoRaMidware.o            2 128
    LowPower.o                 244
    MP_FUOTA.o               3 544                                        2 680
    MT_HC32L19_ADC.o           488
    MT_HC32L19_Flash.o         592
    MT_HC32L19_GPIO.o          556
    MT_HC32L19_LPTimer.o       456
    MT_HC32L19_LPUART.o        544
    MT_HC32L19_RTC.o         1 336
    MT_HC32L19_SPI.o           154
    MT_HC32L19_Timer.o         436
    MT_HC32L19_UART.o          648
    ModeBus.o                5 480
    MyFlash.o                1 304
    MyInline.o                  46
    OMxGpio.o                  260
    ParaInitial.o            1 736
    Task.o                   3 180
    TickS.o                    760
    aes.o                    1 736                               4 392
    interrupts_hc32l19x.o    1 448
    lorabase.o                 180
    lws.o                   17 280
    main.o                                                 68
    mpos_ramfun.o              852
    radio.o                  3 140      144
    startup_hc32l19x.o         238
    sx126x-board.o             672
    sx126x.o                 1 924                                  80
    system_hc32l19x.o          262
    systermProtect.o           676
    timer.o                    944
    utilities.o                500        4                                   4
    ---------------------------------------------------------------------------
    Total:                  65 180      148        1       68    4 764    9 431

dl6M_tln.a: [4]
    exit.o                       8
    ---------------------------------------------------------------------------
    Total:                       8

m6M_tl.a: [5]
    DblAddSub.o                436
    DblCmpEq.o                  36
    DblCmpGe.o                  50
    DblCmpLe.o                  50
    DblDiv.o                   194
    DblMul.o                   388
    DblToFlt.o                  98
    DblToI32.o                  82
    DblToI64.o                 128
    FltAddSub.o                288
    FltCmpEq.o                  32
    FltDiv.o                   170
    FltMul.o                   176
    FltToDbl.o                  50
    FltToS32.o                  58
    IxxToDbl.o                 136
    IxxToFlt.o                  54
    ceil.o                      88
    floor.o                     88
    ---------------------------------------------------------------------------
    Total:                   2 602

rt6M_tl.a: [6]
    ABImemcpy.o                 78
    ABImemset_small.o           16
    I32DivMod.o                 94
    I64DivMod.o                168
    I64DivZer.o                  2
    I64Mul.o                    50
    I64Shl.o                    34
    IntDivZer.o                  2
    S64Shr.o                    34
    U64Shr.o                    30
    cexit.o                     10
    cmain.o                     30
    copy_init3.o                48
    cstartup_M.o                12
    data_init.o                 40
    strlen.o                    14
    strncpy_small.o             34
    uread4.o                    22
    uread8.o                    42
    uwrite4.o                   20
    uwrite8.o                   30
    zero_init3.o                60
    ---------------------------------------------------------------------------
    Total:                     870

shb_l.a: [7]
    exit.o                      20
    ---------------------------------------------------------------------------
    Total:                      20

    Gaps                        42
    Linker created                      528    5 632
-------------------------------------------------------------------------------
    Grand Total:            72 444      968    6 045   15 754    4 764   16 067


*******************************************************************************
*** ENTRY LIST
***

Entry                       Address   Size  Type      Object
-----                       -------   ----  ----      ------
.iar.init_table$$Base      0x1'a820          --   Gb  - Linker created -
.iar.init_table$$Limit     0x1'aa30          --   Gb  - Linker created -
?main                        0x54c1         Code  Gb  cmain.o [6]
ADC_DAC_IRQHandler           0x36bd    0xc  Code  Gb  interrupts_hc32l19x.o [3]
ADC_GetChVal                 0x49c1   0x78  Code  Gb  MT_HC32L19_ADC.o [3]
ADC_GetExAdValue             0x4a81   0x2e  Code  Gb  MT_HC32L19_ADC.o [3]
ADC_GetTempValue             0x4a51   0x2e  Code  Gb  MT_HC32L19_ADC.o [3]
ADC_GetVoltageValue          0x4a39   0x18  Code  Gb  MT_HC32L19_ADC.o [3]
ADC_Init                     0x4965   0x56  Code  Gb  MT_HC32L19_ADC.o [3]
AESAUX                  0x2000'1250   0x10  Data  Gb  Global_System.o [3]
AESKEY                  0x2000'1260   0xb0  Data  Gb  Global_System.o [3]
AES_E123                     0xac00  0x400  Data  Lc  aes.o [3]
AES_E2                       0xb000  0x400  Data  Lc  aes.o [3]
AES_E3                       0xb400  0x400  Data  Lc  aes.o [3]
AES_E4                       0xb800  0x400  Data  Lc  aes.o [3]
AES_RCON                     0xa800   0x28  Data  Lc  aes.o [3]
AES_S                        0xa840  0x100  Data  Lc  aes.o [3]
ALI_ScanJoinMap            0x1'1b65   0x72  Code  Gb  LoRaChanConfig.o [3]
ALI_checkCycles            0x1'1bf9   0x40  Code  Gb  LoRaChanConfig.o [3]
AUXLED_OFF                 0x1'6131   0x24  Code  Gb  MyBoard.o [2]
AUXLED_ON                  0x1'6101   0x24  Code  Gb  MyBoard.o [2]
AppHook_ActAfterCvt6       0x1'f301    0x2  Code  Gb  MyAppHook.o [2]
AppHook_ActAfterCvt7       0x1'f341    0x2  Code  Gb  MyAppHook.o [2]
AppHook_DealDevAck         0x1'aa4b    0x4  Code  Gb  MyAppHook.o [2]
AppHook_GetPayload         0x1'aa45    0x6  Code  Gb  MyAppHook.o [2]
AppRunStatus            0x2000'2c90   0x20  Data  Gb  EBGlobal.o [2]
App_ExcuteQueryTaskNow     0x1'4e01   0x2c  Code  Gb  MyAPP.o [2]
App_Init                   0x1'5b41  0x2ac  Code  Gb  MyAPP.o [2]
App_InitUartInFactory      0x1'57c1   0x68  Code  Gb  MyAPP.o [2]
App_InsertLoraUpEvent      0x1'4f71   0x9c  Code  Gb  MyAPP.o [2]
App_InsertQueryEvent       0x1'5011   0xf8  Code  Gb  MyAPP.o [2]
App_InstallDefaultTask     0x1'5109   0x16  Code  Gb  MyAPP.o [2]
App_InstallUart2Task       0x1'5161   0xa4  Code  Gb  MyAPP.o [2]
App_InstallUserTask        0x1'5211   0x3c  Code  Gb  MyAPP.o [2]
App_SendModuleInfo         0x1'5721   0x80  Code  Gb  MyAPP.o [2]
BCD2HEX                      0x2819   0x10  Code  Gb  MT_HC32L19_RTC.o [3]
BHBuffer                0x2000'5420  0x400  Data  Gb  BackHaulIF.o [2]
Bandwidths                   0x8bec    0xc  Data  Gb  radio.o [3]
BcdToHex                   0x1'7b01   0x50  Code  Gb  QueryUp.o [2]
BllPara                 0x2000'2cb0   0x28  Data  Gb  EBGlobal.o [2]
BllParaBuf              0x2000'4a80  0x980  Data  Gb  EBGlobal.o [2]
Bt_M0_Run                    0x1d45    0xc  Code  Gb  MT_HC32L19_Timer.o [3]
Buf485Clear                0x1'6609   0x20  Code  Gb  MyTask.o [2]
Buffer485Send              0x1'6839   0x54  Code  Gb  MyTask.o [2]
BufferSendUART1            0x1'62c1   0x2c  Code  Gb  MyBoard.o [2]
BufferSendUART2            0x1'62f1   0x2c  Code  Gb  MyBoard.o [2]
BuildFrame                   0x14fd  0x46a  Code  Gb  ModeBus.o [3]
Bytes2F                    0x1'7c11   0x22  Code  Gb  QueryUp.o [2]
Bytes2S8                   0x1'7b81   0x84  Code  Gb  QueryUp.o [2]
CFReg                   0x2000'0270   0x74  Data  Gb  Global.o [3]
CLKTRIM_IRQHandler           0x3701    0x8  Code  Gb  interrupts_hc32l19x.o [3]
CSTACK$$Base            0x2000'6800          --   Gb  - Linker created -
CSTACK$$Limit           0x2000'7e00          --   Gb  - Linker created -
CUSUM_CRC                    0x2199   0x1a  Code  Gb  utilities.o [3]
CalcTempBuf             0x2000'2f40   0x80  Data  Gb  EBGlobal.o [2]
CheckAckCrc                0x1'7c41   0xb4  Code  Gb  QueryUp.o [2]
CheckMTData                0x1'a307   0x5c  Code  Gb  BackHaulIF.o [2]
CheckStack                   0x199b   0x9a  Code  Gb  systermProtect.o [3]
CheckTaskTime                0x1a35   0x6c  Code  Gb  systermProtect.o [3]
Clock_Init                   0x20ab   0x50  Code  Gb  Baord.o [3]
ConstOp                    0x1'8501  0x188  Code  Gb  QueryUp.o [2]
CrcCal                     0x1'48a1   0xa0  Code  Gb  CrcCal.o [2]
CrcCal_hook                0x1'aa41    0x4  Code  Gb  MyAppHook.o [2]
CurrentDeviceId         0x2000'2c3a    0x1  Data  Gb  EBGlobal.o [2]
DMAC_IRQHandler              0x35a5   0x12  Code  Gb  interrupts_hc32l19x.o [3]
DR2HSYM_osticks_eu868        0xab80   0x40  Data  Gb  LoRaChanConfig.o [3]
DRADJUST                0x2000'11e8    0x8  Data  Gb  Global_System.o [3]
DebugDealData                 0x58d  0xf40  Code  Gb  ModeBus.o [3]
DelayUs                      0x1ee1   0x2e  Code  Gb  MyInline.o [3]
EB_Hook                 0x2000'2a80   0x38  Data  Gb  EBGlobal.o [2]
EB_HookInit                0x1'a661   0x40  Code  Gb  BST0xHook.o [1]
EB_Sleep                   0x1'6761   0x34  Code  Gb  MyTask.o [2]
EB_Wakeup                  0x1'6701   0x58  Code  Gb  MyTask.o [2]
EMCTest                       0x411   0x5c  Code  Gb  ModeBus.o [3]
ENABLE_WUIN                0x1'6271   0x34  Code  Gb  MyBoard.o [2]
ENABLE_WUOUT               0x1'61e1   0x24  Code  Gb  MyBoard.o [2]
EnableNvic                   0x31b1   0x52  Code  Gb  interrupts_hc32l19x.o [3]
EnterWFI                     0x4f5d   0x56  Code  Gb  LowPower.o [3]
ExistOnceEvent               0x6e47   0x4e  Code  Gb  Task.o [3]
ExitWFI                      0x4fb3   0x2a  Code  Gb  LowPower.o [3]
Exp                        0x1'84a1   0x46  Code  Gb  QueryUp.o [2]
FLASH_EraseSector            0x4201   0x18  Code  Gb  MT_HC32L19_Flash.o [3]
FLASH_Initialization         0x41f5    0xc  Code  Gb  MT_HC32L19_Flash.o [3]
FLASH_ProgramLongWord        0x4219    0x8  Code  Gb  MT_HC32L19_Flash.o [3]
FLASH_RAM_IRQHandler         0x36f5    0xc  Code  Gb  interrupts_hc32l19x.o [3]
FirstFlashSuccess       0x2000'06b0    0x8  Data  Gb  Global_app.o [3]
Flash_FreeRead               0x2c43   0x1c  Code  Gb  MyFlash.o [3]
Flash_FreeReadWithBackup
                             0x2bb9   0x8a  Code  Gb  MyFlash.o [3]
Flash_FreeWrite              0x2b91   0x1c  Code  Gb  MyFlash.o [3]
Flash_FreeWriteWithBackup
                             0x2b07   0x8a  Code  Gb  MyFlash.o [3]
Flash_Read_Byte              0x292d   0x14  Code  Lc  MyFlash.o [3]
Flash_Read_Sector            0x29d3   0x78  Code  Lc  MyFlash.o [3]
Flash_SizeSelect             0x28f1   0x3c  Code  Gb  MyFlash.o [3]
Flash_Write_Sector           0x2941   0x92  Code  Lc  MyFlash.o [3]
FwReg                   0x2000'0140   0x5c  Data  Gb  Global.o [3]
GET_WUIN                   0x1'61b1   0x24  Code  Gb  MyBoard.o [2]
GPIOInit                     0x1f7f   0x90  Code  Gb  Baord.o [3]
GPIOUserInit                 0x1f31   0x4e  Code  Gb  Baord.o [3]
GPIO_AFConfig                0x3855   0x12  Code  Gb  MT_HC32L19_GPIO.o [3]
GPIO_Config                  0x3875   0x5c  Code  Gb  MT_HC32L19_GPIO.o [3]
GPIO_IT_Config               0x3905   0x44  Code  Gb  MT_HC32L19_GPIO.o [3]
GPIO_IT_Diable               0x3949   0x36  Code  Gb  MT_HC32L19_GPIO.o [3]
GPIO_IntHandler              0x3221   0x62  Code  Gb  interrupts_hc32l19x.o [3]
GPIO_PinGet                  0x38e5   0x12  Code  Gb  MT_HC32L19_GPIO.o [3]
GPIO_PinSet                  0x38d1   0x12  Code  Gb  MT_HC32L19_GPIO.o [3]
GPSInit                 0x2000'2934   0x2c  Data  Gb  GPS.o [1]
GPSInitial                 0x1'98cd   0x34  Code  Gb  GPS.o [1]
GPS_GxGBS_Display_NO    0x2000'29f8   0x10  Data  Gb  GPS.o [1]
GPS_GxGGA_Display_NO    0x2000'2978   0x10  Data  Gb  GPS.o [1]
GPS_GxGLL_Display_NO    0x2000'2988   0x10  Data  Gb  GPS.o [1]
GPS_GxGRS_Display_NO    0x2000'29c8   0x10  Data  Gb  GPS.o [1]
GPS_GxGSA_Display_NO    0x2000'2998   0x10  Data  Gb  GPS.o [1]
GPS_GxGST_Display_NO    0x2000'29d8   0x10  Data  Gb  GPS.o [1]
GPS_GxGSV_Display_NO    0x2000'29a8   0x10  Data  Gb  GPS.o [1]
GPS_GxVTG_Display_NO    0x2000'29b8   0x10  Data  Gb  GPS.o [1]
GPS_GxZDA_Display_NO    0x2000'29e8   0x10  Data  Gb  GPS.o [1]
GPS_GxZTM_Display_NO    0x2000'2a08   0x10  Data  Gb  GPS.o [1]
GPS_Information         0x2000'2a18   0x68  Data  Gb  GPS.o [1]
GPS_RMC_Parse              0x1'9971  0x2ea  Code  Gb  GPS.o [1]
GetBit                       0x314b    0xa  Code  Gb  HC32L19_sysctrl.o [3]
GetBuf                     0x1'8861   0x64  Code  Gb  QueryUp.o [2]
GetComma                   0x1'9e95   0x30  Code  Lc  GPS.o [1]
GetOpCond                  0x1'5251   0x40  Code  Gb  MyAPP.o [2]
GetUpBuffer                0x1'8701    0x4  Code  Gb  QueryUp.o [2]
Get_Double_Number          0x1'9d5d  0x112  Code  Lc  GPS.o [1]
Get_Float_Number           0x1'9c7d   0xd6  Code  Lc  GPS.o [1]
GpsConvertPositionIntoBinary
                           0x1'9901   0x5c  Code  Gb  GPS.o [1]
HC_Adc_CfgSglChannel         0x4943   0x18  Code  Gb  MT_HC32L19_ADC.o [3]
HC_Adc_Init                  0x48ed   0x56  Code  Gb  MT_HC32L19_ADC.o [3]
HC_Bt_ClearAllIntFlag        0x1c25    0x2  Code  Gb  MT_HC32L19_Timer.o [3]
HC_Bt_ClearIntFlag           0x1c1d    0x8  Code  Gb  MT_HC32L19_Timer.o [3]
HC_Bt_M0_ARRSet              0x1ccb   0x14  Code  Gb  MT_HC32L19_Timer.o [3]
HC_Bt_M0_Cnt16Set            0x1cc9    0x2  Code  Gb  MT_HC32L19_Timer.o [3]
HC_Bt_M0_Run                 0x1cc5    0x2  Code  Gb  MT_HC32L19_Timer.o [3]
HC_Bt_M0_Stop                0x1cc7    0x2  Code  Gb  MT_HC32L19_Timer.o [3]
HC_Bt_Mode0_EnableIrq        0x1c33    0xe  Code  Gb  MT_HC32L19_Timer.o [3]
HC_Bt_Mode0_Init             0x1c41   0x84  Code  Gb  MT_HC32L19_Timer.o [3]
HC_Flash_Init                0x3fd1   0x98  Code  Gb  MT_HC32L19_Flash.o [3]
HC_Flash_LockAll             0x41ad    0xe  Code  Gb  MT_HC32L19_Flash.o [3]
HC_Flash_SectorErase         0x411d   0x82  Code  Gb  MT_HC32L19_Flash.o [3]
HC_Flash_UnlockAll           0x41c1    0xe  Code  Gb  MT_HC32L19_Flash.o [3]
HC_Flash_WriteWord           0x4091   0x7e  Code  Gb  MT_HC32L19_Flash.o [3]
HC_GPIO_Map                0x1'a6f5   0x54  Code  Gb  OMxGpio.o [3]
HC_Gpio_ClearIrq             0x382b    0x8  Code  Gb  MT_HC32L19_GPIO.o [3]
HC_Gpio_DisableIrq           0x380d    0x6  Code  Gb  MT_HC32L19_GPIO.o [3]
HC_Gpio_EnableIrq            0x3805    0x8  Code  Gb  MT_HC32L19_GPIO.o [3]
HC_Gpio_GetInputIO           0x37d9    0x6  Code  Gb  MT_HC32L19_GPIO.o [3]
HC_Gpio_GetIrqPortStatus
                             0x3823    0x8  Code  Gb  MT_HC32L19_GPIO.o [3]
HC_Gpio_Init                 0x3759   0x80  Code  Gb  MT_HC32L19_GPIO.o [3]
HC_Gpio_SetAfMode            0x37f7    0xe  Code  Gb  MT_HC32L19_GPIO.o [3]
HC_Gpio_WriteOutputIO        0x37df    0x6  Code  Gb  MT_HC32L19_GPIO.o [3]
HC_LPUart_ClrStatus          0x3d37    0x8  Code  Gb  MT_HC32L19_LPUART.o [3]
HC_LPUart_DisableIrq         0x3d19    0x6  Code  Gb  MT_HC32L19_LPUART.o [3]
HC_LPUart_EnableFunc         0x3d1f    0x2  Code  Gb  MT_HC32L19_LPUART.o [3]
HC_LPUart_EnableIrq          0x3d15    0x4  Code  Gb  MT_HC32L19_LPUART.o [3]
HC_LPUart_GetStatus          0x3d2d    0xa  Code  Gb  MT_HC32L19_LPUART.o [3]
HC_LPUart_Init               0x3d41   0x74  Code  Gb  MT_HC32L19_LPUART.o [3]
HC_LPUart_Init::u32Over
                             0x3f28    0xc  Data  Lc  MT_HC32L19_LPUART.o [3]
HC_Lpm_GotoDeepSleep         0x4ef9    0xc  Code  Gb  LowPower.o [3]
HC_Lpm_GotoSleep             0x4f05    0xa  Code  Gb  LowPower.o [3]
HC_Lptim_ClrItStatus         0x4239    0xa  Code  Gb  MT_HC32L19_LPTimer.o [3]
HC_Lptim_Cmd                 0x4229    0x4  Code  Gb  MT_HC32L19_LPTimer.o [3]
HC_Lptim_ConfIt              0x4221    0x8  Code  Gb  MT_HC32L19_LPTimer.o [3]
HC_Lptim_GetCNT              0x4243    0x6  Code  Gb  MT_HC32L19_LPTimer.o [3]
HC_Lptim_GetItStatus         0x422d    0xc  Code  Gb  MT_HC32L19_LPTimer.o [3]
HC_Lptim_Init                0x4257   0xaa  Code  Gb  MT_HC32L19_LPTimer.o [3]
HC_Rtc_AlmIeCmd              0x2437   0x1e  Code  Gb  MT_HC32L19_RTC.o [3]
HC_Rtc_Cmd                   0x23b9    0xa  Code  Gb  MT_HC32L19_RTC.o [3]
HC_Rtc_CompCfg               0x2465   0x34  Code  Gb  MT_HC32L19_RTC.o [3]
[...]
__iar_small_idivmod          0x43e9         Code  Gb  I32DivMod.o [6]
__iar_small_memclr         0x1'aa31         Code  Gb  ABImemset_small.o [6]
__iar_small_memclr4        0x1'aa31         Code  Gb  ABImemset_small.o [6]
__iar_small_memclr8        0x1'aa31         Code  Gb  ABImemset_small.o [6]
__iar_small_memset         0x1'aa35         Code  Gb  ABImemset_small.o [6]
__iar_small_memset4        0x1'aa35         Code  Gb  ABImemset_small.o [6]
__iar_small_memset8        0x1'aa35         Code  Gb  ABImemset_small.o [6]
__iar_small_strncpy        0x1'a02d         Code  Gb  strncpy_small.o [6]
__iar_small_uidiv            0x4411         Code  Gb  I32DivMod.o [6]
__iar_small_uidivmod         0x4411         Code  Gb  I32DivMod.o [6]
__iar_zero_init3             0x52df   0x3c  Code  Gb  zero_init3.o [6]
__low_level_init             0x3a79   0x12  Code  Gb  system_hc32l19x.o [3]
__vector_table                  0x0         Data  Gb  startup_hc32l19x.o [3]
_call_main                   0x54cd         Code  Gb  cmain.o [6]
_exit                        0x54e9         Code  Gb  cexit.o [6]
_main                        0x54db         Code  Gb  cmain.o [6]
aes_appendMic              0x1'2fcd   0x36  Code  Gb  LoRaCrypto.o [3]
aes_appendMic0             0x1'3003   0x26  Code  Gb  LoRaCrypto.o [3]
aes_cipher                 0x1'3077   0x68  Code  Gb  LoRaCrypto.o [3]
aes_encrypt                0x1'3059   0x1e  Code  Gb  LoRaCrypto.o [3]
aes_sessKeys               0x1'30df   0x60  Code  Gb  LoRaCrypto.o [3]
aes_verifyMic              0x1'2f8d   0x40  Code  Gb  LoRaCrypto.o [3]
aes_verifyMic0             0x1'3029   0x30  Code  Gb  LoRaCrypto.o [3]
aesroundkeys               0x1'2005   0x8e  Code  Lc  aes.o [3]
aliFirstFreq                 0xaa70   0x40  Data  Gb  LoRaChanConfig.o [3]
aos_post                     0x6a69    0x2  Code  Gb  Task.o [3]
appBH_4GREQUTC             0x1'a0ed   0x48  Code  Gb  BackHaulIF.o [2]
appBH_4GRsetPinSet         0x1'a081   0x20  Code  Gb  BackHaulIF.o [2]
appBH_4Gconfig             0x1'a135   0x90  Code  Gb  BackHaulIF.o [2]
appBH_4Ginit               0x1'a1c5   0x78  Code  Gb  BackHaulIF.o [2]
appBH_Hook_SendBuildFram
                           0x1'a305    0x2  Code  Gb  BackHaulIF.o [2]
appBH_Hook_fuota_ack       0x1'a2e1   0x1a  Code  Gb  BackHaulIF.o [2]
appBH_Tx                   0x1'a245   0x9a  Code  Gb  BackHaulIF.o [2]
appBH_dn                   0x1'a3a5  0x162  Code  Gb  BackHaulIF.o [2]
appBH_packetBuild          0x1'a0a1   0x4c  Code  Gb  BackHaulIF.o [2]
appEventLWS                0x1'8d01  0x17c  Code  Gb  MP_LWS.o [2]
appPara                 0x2000'02f0  0x100  Data  Gb  Global.o [3]
app_AuxBlink               0x1'5311   0x48  Code  Gb  MyAPP.o [2]
app_EventExuteNow          0x1'5669   0x88  Code  Gb  MyAPP.o [2]
app_FrameOver_Restart      0x1'4f31   0x1c  Code  Gb  MyAPP.o [2]
app_FuotaEventHandle       0x1'56f1   0x24  Code  Gb  MyAPP.o [2]
app_GetPeriodSeconds       0x1'4ef1   0x38  Code  Gb  MyAPP.o [2]
app_GetSendTime            0x1'4e31   0xc0  Code  Gb  MyAPP.o [2]
app_HookAPPParaChanged     0x1'58b1   0x48  Code  Gb  MyAPP.o [2]
app_HookLoRaBuildPacket
                           0x1'5901   0xb4  Code  Gb  MyAPP.o [2]
app_Hook_fuota_uart_ack
                           0x1'5a79   0xc8  Code  Gb  MyAPP.o [2]
app_KeyDeal                0x1'59b5   0xc0  Code  Gb  MyAPP.o [2]
app_LoRaTxIns              0x1'55e1   0x84  Code  Gb  MyAPP.o [2]
app_PreLoRaTx              0x1'69d1  0x100  Code  Gb  MyTask.o [2]
app_RUNBlink               0x1'52c1   0x18  Code  Gb  MyAPP.o [2]
app_RunAllTask             0x1'5361   0x84  Code  Gb  MyAPP.o [2]
app_StackCheck             0x1'68d1   0xfc  Code  Gb  MyTask.o [2]
app_USART2_IRQHandler      0x1'8bc1   0x64  Code  Gb  MP_INT.o [2]
app_UartUserDeal           0x1'5df1  0x2f8  Code  Gb  MyAPP.o [2]
app_WKIRQ                  0x1'8a01  0x118  Code  Gb  MP_INT.o [2]
app_getnextTaskTime        0x1'54c1   0x30  Code  Gb  MyAPP.o [2]
bDacPeriBac             0x2000'2ad0    0x1  Data  Lc  HC32L19_sysctrl.o [3]
basic_Flash_Read             0x2a4b   0x3e  Code  Lc  MyFlash.o [3]
basic_Flash_Write            0x2a89   0x7e  Code  Gb  MyFlash.o [3]
buildDataFrame               0xde8d  0x44a  Code  Lc  lws.o [3]
calcAirTime                  0xbd2d   0xc4  Code  Gb  lws.o [3]
calcBcnRxWindowFromMillis
                             0xbec9   0x84  Code  Lc  lws.o [3]
calcRxWindow                 0xbdf1   0xc4  Code  Lc  lws.o [3]
ceil                         0x51dd         Code  Gb  ceil.o [5]
ceill                        0x51dd         Code  Gb  ceil.o [5]
convFreq_all               0x1'131f   0x3e  Code  Gb  LoRaChanConfig.o [3]
crc8_ccit                    0x22d5   0x36  Code  Gb  utilities.o [3]
ddl_memclr                   0x319d   0x12  Code  Gb  HC32L19_sysctrl.o [3]
decDR                      0x1'1147   0x10  Code  Gb  lorabase.o [3]
decodeBeacon                 0xcfa1  0x174  Code  Lc  lws.o [3]
decodeFrame                  0xd155  0xd10  Code  Lc  lws.o [3]
defaultCHCNT            0x2000'1178    0x1  Data  Gb  Global_System.o [3]
disableInterrupts            0x1979    0xc  Code  Gb  systermProtect.o [3]
dndr2rps                   0x1'1127    0xe  Code  Gb  lorabase.o [3]
dr2hsym                    0x1'118d    0xc  Code  Gb  LoRaChanConfig.o [3]
eb_controlpower            0x1'6351   0x50  Code  Gb  MyBoard.o [2]
eb_controlpowerInit        0x1'63b1   0x28  Code  Gb  MyBoard.o [2]
emctestfreq             0x2000'06a0    0x4  Data  Gb  Global_app.o [3]
enableInterrupts             0x1985   0x16  Code  Gb  systermProtect.o [3]
eventBuffer             0x2000'0700  0x100  Data  Gb  Global_app.o [3]
exit                         0x54df    0x8  Code  Gb  exit.o [4]
flashbuffer             0x2000'0800  0x400  Data  Gb  Global_app.o [3]
floor                        0x5235         Code  Gb  floor.o [5]
floorl                       0x5235         Code  Gb  floor.o [5]
getBw                      0x1'10df    0xa  Code  Gb  lorabase.o [3]
getCr                      0x1'10e9    0xa  Code  Gb  lorabase.o [3]
getIh                      0x1'110f    0x4  Code  Gb  lorabase.o [3]
getNocrc                   0x1'10fd    0x6  Code  Gb  lorabase.o [3]
getSensitivity               0xbd0f   0x1e  Code  Gb  lws.o [3]
getSf                      0x1'10d9    0x6  Code  Gb  lorabase.o [3]
getSleepCounts               0x6f81   0x5c  Code  Gb  Task.o [3]
globalRand              0x2000'1180    0x2  Data  Gb  Global_System.o [3]
incDR                      0x1'1135   0x12  Code  Gb  lorabase.o [3]
initDefaultChannels_all
                           0x1'11d3   0x94  Code  Gb  LoRaChanConfig.o [3]
initJoinLoop_all           0x1'19b9   0x3a  Code  Gb  LoRaChanConfig.o [3]
intInstallStatus        0x2000'1184    0x4  Data  Gb  Global_System.o [3]
interruptInstall             0x3709   0x3a  Code  Gb  interrupts_hc32l19x.o [3]
loadEventBuffer            0x1'0837   0x1c  Code  Gb  InterFace.o [3]
loadInternalEventBuffer
                           0x1'0853   0x14  Code  Gb  InterFace.o [3]
lowerDR                    0x1'1179   0x14  Code  Gb  lorabase.o [3]
lwsIntPara              0x2000'0058    0x8  Data  Gb  Global.o [3]
lws_ClassBPingRx             0xed49   0xde  Code  Lc  lws.o [3]
lws_low_rxschedInit          0xbf6d   0xc2  Code  Lc  lws.o [3]
lws_low_rxschedNext          0xc03d   0x8e  Code  Lc  lws.o [3]
lws_startRxPing              0xee35   0xa0  Code  Lc  lws.o [3]
lwsvar                  0x2000'1b00  0x1f8  Data  Gb  Global_System.o [3]
main                         0x7f01   0x44  Code  Gb  main.o [3]
mapChannels_ali            0x1'13b5   0xf8  Code  Gb  LoRaChanConfig.o [3]
mapChannels_cn920          0x1'135d    0x4  Code  Gb  LoRaChanConfig.o [3]
mapChannels_eu868          0x1'1361   0x42  Code  Gb  LoRaChanConfig.o [3]
maxEIRP                      0xaa58   0x10  Data  Gb  LoRaChanConfig.o [3]
maxFrameLens                 0xaa20    0x4  Data  Gb  LoRaChanConfig.o [3]
memcpy1                      0x21e3   0x14  Code  Gb  utilities.o [3]
memset1                      0x21f7   0x12  Code  Gb  utilities.o [3]
micB0                      0x1'2f41   0x42  Code  Gb  LoRaCrypto.o [3]
mp_controlbits          0x2000'0060    0x4  Data  Gb  Global.o [3]
mp_fotaVersionCheck          0x6399  0x1e8  Code  Gb  MP_FUOTA.o [3]
mp_fota_ANSBuffer       0x2000'1d38   0x20  Data  Gb  MP_FUOTA.o [3]
mp_fotabuffer           0x2000'1f90  0x800  Data  Gb  MP_FUOTA.o [3]
mp_fotalostbit          0x2000'1e30  0x100  Data  Gb  MP_FUOTA.o [3]
mp_fotasessions         0x2000'1f30   0x60  Data  Gb  MP_FUOTA.o [3]
mp_fuota_checkPacketInt
                             0x62b9   0xa8  Code  Gb  MP_FUOTA.o [3]
mp_fuota_checkTaskInstall
                             0x6277   0x34  Code  Gb  MP_FUOTA.o [3]
mp_fuota_decodeframe         0x65a5  0x3f8  Code  Gb  MP_FUOTA.o [3]
mp_fuota_init                0x61f9   0x7e  Code  Gb  MP_FUOTA.o [3]
mp_fuota_restartInfo         0x5cdb   0x50  Code  Gb  MP_FUOTA.o [3]
mp_fuota_sessionClear        0x5c01   0x60  Code  Gb  MP_FUOTA.o [3]
mp_fuota_status         0x2000'11f0    0x8  Data  Gb  Global_System.o [3]
mp_fuota_task_packetREQ
                        0x2000'1de8   0x48  Data  Gb  MP_FUOTA.o [3]
mp_fuota_task_para      0x2000'1d18    0x8  Data  Gb  MP_FUOTA.o [3]
mp_fuota_task_randomtx  0x2000'1d58   0x48  Data  Gb  MP_FUOTA.o [3]
mp_fuota_task_timeout   0x2000'1da0   0x48  Data  Gb  MP_FUOTA.o [3]
mp_fuota_txtask_Install
                             0x5c61   0x7a  Code  Gb  MP_FUOTA.o [3]
mp_interrupt_loop       0x2000'0038    0x4  Data  Gb  Global.o [3]
mp_modeACRC                  0x230b   0x2c  Code  Gb  utilities.o [3]
mp_modeBCRC                  0x2337   0x32  Code  Gb  utilities.o [3]
mp_nowTask              0x2000'1100    0x4  Data  Gb  Global_System.o [3]
mp_os_getTime                0x76d5    0x8  Code  Gb  timer.o [3]
mp_randomlwtx           0x2000'1d28    0xc  Data  Gb  MP_FUOTA.o [3]
mp_taskF_randomlwtx          0x6199   0x48  Code  Gb  MP_FUOTA.o [3]
mp_task_fuota_packetREQ
                             0x5dad  0x3d0  Code  Gb  MP_FUOTA.o [3]
mp_task_fuota_timeout        0x5d2b   0x40  Code  Gb  MP_FUOTA.o [3]
mp_threadExists              0x796f   0x18  Code  Gb  timer.o [3]
mp_threadGetValue            0x79d5    0x8  Code  Gb  timer.o [3]
mp_threadHwGetElapsedTime
                             0x7d39   0x1a  Code  Gb  TickS.o [3]
mp_threadHwGetMinimumTimeout
                             0x7cc1    0xc  Code  Gb  TickS.o [3]
mp_threadHwGetTimerValue
                             0x7d53    0x6  Code  Gb  TickS.o [3]
mp_threadHwStart             0x7ccd   0x5c  Code  Gb  TickS.o [3]
mp_threadInit                0x76f9   0x1c  Code  Gb  timer.o [3]
mp_threadInsertNewHead       0x782f   0x2c  Code  Lc  timer.o [3]
mp_threadIrqHandler          0x785b   0x72  Code  Gb  timer.o [3]
mp_threadRestart             0x79b7   0x1e  Code  Gb  timer.o [3]
mp_threadSetTimeout          0x79dd   0x10  Code  Lc  timer.o [3]
mp_threadSetValue            0x798d   0x2a  Code  Gb  timer.o [3]
mp_threadStart               0x7715  0x11a  Code  Gb  timer.o [3]
mp_threadStop                0x78cd   0xa2  Code  Gb  timer.o [3]
mp_thread_busyProtector
                        0x2000'1330   0x20  Data  Gb  Global_System.o [3]
mp_ticks2ms                  0x76dd    0x8  Code  Gb  timer.o [3]
mp_ticks2us                  0x76e5    0x4  Code  Gb  timer.o [3]
mp_timer_expired             0x7a23   0x30  Code  Gb  timer.o [3]
mp_timer_lefttime            0x7a53   0x12  Code  Gb  timer.o [3]
mp_timer_mannualExpired
                             0x7a65   0x1c  Code  Gb  timer.o [3]
mp_timer_restart             0x7a19    0x2  Code  Gb  timer.o [3]
mp_timer_set                 0x79ed   0x26  Code  Gb  timer.o [3]
mp_userInit             0x2000'1124    0x4  Data  Gb  Global_System.o [3]
mp_utctime_differ       0x2000'11e0    0x8  Data  Gb  Global_System.o [3]
mpos_InitStart          0x2000'0698    0x4  Data  Gb  Global_app.o [3]
mpos_driver             0x2000'1460   0xc0  Data  Gb  Global_System.o [3]
mpos_lws                0x2000'15f0   0xd8  Data  Gb  Global_System.o [3]
mpos_main                  0x1'9701   0x34  Code  Gb  mymain.o [2]
mpos_osfun              0x2000'1524   0xc0  Data  Gb  Global_System.o [3]
mpos_sysInit                 0x69d9   0x90  Code  Gb  Global_System.o [3]
mt_HeartTicks           0x2000'2c34    0x2  Data  Gb  EBGlobal.o [2]
mt_OpCond               0x2000'2c50    0x8  Data  Gb  EBGlobal.o [2]
mt_TaskAuxLedOFF        0x2000'2e20   0x48  Data  Gb  EBGlobal.o [2]
mt_TaskBios             0x2000'2d90   0x48  Data  Gb  EBGlobal.o [2]
mt_TaskQuery            0x2000'2d00   0x48  Data  Gb  EBGlobal.o [2]
mt_TaskRunLedBlink      0x2000'2dd8   0x48  Data  Gb  EBGlobal.o [2]
mt_TaskUp               0x2000'2d48   0x48  Data  Gb  EBGlobal.o [2]
mt_TaskWakeupTimeout    0x2000'2e68   0x48  Data  Gb  EBGlobal.o [2]
mt_dtu_resetAfterLWT    0x2000'2c30    0x1  Data  Gb  EBGlobal.o [2]
mt_eb_runpara           0x2000'2c58    0x8  Data  Gb  EBGlobal.o [2]
mt_keyCounter           0x2000'2c48    0x8  Data  Gb  EBGlobal.o [2]
mt_keyTicks             0x2000'2c40    0x8  Data  Gb  EBGlobal.o [2]
mt_query_event          0x2000'3340  0x1b0  Data  Gb  EBGlobal.o [2]
mt_query_event_header   0x2000'2c08    0x4  Data  Gb  EBGlobal.o [2]
mt_query_event_random   0x2000'2c14    0x4  Data  Gb  EBGlobal.o [2]
mt_sensordata           0x2000'2fc0  0x100  Data  Gb  EBGlobal.o [2]
mt_uart2                0x2000'2c31    0x1  Data  Gb  EBGlobal.o [2]
mt_up_event             0x2000'31c0   0xc0  Data  Gb  EBGlobal.o [2]
mt_up_event_header      0x2000'2c04    0x4  Data  Gb  EBGlobal.o [2]
mt_up_event_heart       0x2000'2c10    0x4  Data  Gb  EBGlobal.o [2]
mt_up_event_random      0x2000'2c0c    0x4  Data  Gb  EBGlobal.o [2]
next                    0x2000'27f0    0x4  Data  Lc  utilities.o [3]
nextJoinState_ALI          0x1'1c5d  0x198  Code  Gb  LoRaChanConfig.o [3]
nextJoinState_eu868        0x1'1a95   0xbc  Code  Gb  LoRaChanConfig.o [3]
nextTx_eu868               0x1'16d5  0x1b6  Code  Gb  LoRaChanConfig.o [3]
notifyAPP                     0x4b3   0xaa  Code  Gb  ModeBus.o [3]
onEvent                    0x1'08f1  0x79c  Code  Gb  InterFace.o [3]
os_aes                     0x1'2099  0x628  Code  Gb  aes.o [3]
os_crc16                     0x2369    0xa  Code  Gb  utilities.o [3]
os_getArtEui               0x1'2f1d    0xc  Code  Gb  LoRaCrypto.o [3]
os_getDevEui               0x1'2f29    0xc  Code  Gb  LoRaCrypto.o [3]
os_getDevKey               0x1'2f35    0xc  Code  Gb  LoRaCrypto.o [3]
os_radio                   0x1'29cd  0x528  Code  Gb  LoRaMidware.o [3]
os_rlsbf2                    0x2209    0xa  Code  Gb  utilities.o [3]
os_rlsbf4                    0x2213   0x16  Code  Gb  utilities.o [3]
os_rlsbf8                    0x2229   0x32  Code  Gb  utilities.o [3]
os_rmsbf4                    0x225b   0x16  Code  Gb  utilities.o [3]
os_sleep                0x2000'0690    0x4  Data  Gb  Global_app.o [3]
os_wlsbf2                    0x2271    0x8  Code  Gb  utilities.o [3]
os_wlsbf3                    0x2279    0xc  Code  Gb  utilities.o [3]
os_wlsbf4                    0x2285   0x10  Code  Gb  utilities.o [3]
os_wlsbf8                    0x2295   0x24  Code  Gb  utilities.o [3]
os_wmsbf3                    0x22b9    0xc  Code  Gb  utilities.o [3]
os_wmsbf4                    0x22c5   0x10  Code  Gb  utilities.o [3]
para4G                  0x2000'5400   0x10  Data  Gb  BackHaulIF.o [2]
paraAPPFlashSave           0x1'03e5   0x22  Code  Gb  InterFace.o [3]
paraAPPGet                 0x1'03d9    0xc  Code  Gb  InterFace.o [3]
paraAPPSave                0x1'0407   0x46  Code  Gb  InterFace.o [3]
paraCFGet                  0x1'03c9    0xc  Code  Gb  InterFace.o [3]
paraCFSave                 0x1'04e9   0x70  Code  Gb  InterFace.o [3]
paraCFmodify               0x1'0565   0xc6  Code  Gb  InterFace.o [3]
paraFWGet                  0x1'03b1    0xc  Code  Gb  InterFace.o [3]
paraFWSave                 0x1'0451   0x42  Code  Gb  InterFace.o [3]
paraFWSetAPPEUI            0x1'0385    0x8  Code  Gb  InterFace.o [3]
paraFWSetDevKey            0x1'03a7    0xa  Code  Gb  InterFace.o [3]
paraRDGet                  0x1'03bd    0xc  Code  Gb  InterFace.o [3]
paraRDSave                 0x1'049d   0x40  Code  Gb  InterFace.o [3]
paraRDSetChannelMap        0x1'039f    0x8  Code  Gb  InterFace.o [3]
paraRDSetFreq              0x1'038d   0x12  Code  Gb  InterFace.o [3]
pow2dBm                    0x1'1199    0xc  Code  Gb  LoRaChanConfig.o [3]
powerOff485                0x1'97bd   0x50  Code  Gb  MyBoard.o [2]
powerOn485                 0x1'63f1   0x50  Code  Gb  MyBoard.o [2]
processBeacon                0xe9f9  0x1da  Code  Lc  lws.o [3]
processDnData                0xe761  0x260  Code  Lc  lws.o [3]
processJoinAccept            0xe305  0x3bc  Code  Lc  lws.o [3]
processPingRx                0xe6dd   0x1e  Code  Lc  lws.o [3]
pu32PcgTimer4M               0x4068   0x20  Data  Gb  MT_HC32L19_Flash.o [3]
queEventInsert             0x1'5541   0x98  Code  Gb  MyAPP.o [2]
queEventRemove             0x1'5501   0x34  Code  Gb  MyAPP.o [2]
queGetEvent                0x1'98b9   0x14  Code  Gb  MyAPP.o [2]
queGetEventNO              0x1'4f51   0x1c  Code  Gb  MyAPP.o [2]
queGetNextTxtime           0x1'53f1   0xb4  Code  Gb  MyAPP.o [2]
radioSleepForConfig        0x1'2965    0xe  Code  Gb  LoRaMidware.o [3]
radio_rand1                  0xbce7   0x28  Code  Gb  lws.o [3]
rand                         0x21b3   0x1a  Code  Gb  utilities.o [3]
randr                        0x21cd   0x16  Code  Gb  utilities.o [3]
regionPara              0x2000'1310   0x20  Data  Gb  Global_System.o [3]
release485                 0x1'66b1   0x4c  Code  Gb  MyTask.o [2]
reportEvent                  0xbc01    0xc  Code  Lc  lws.o [3]
rndDelay                     0xc0cb   0x40  Code  Gb  lws.o [3]
runReset                     0xc185   0x12  Code  Lc  lws.o [3]
scanCycles              0x2000'117c    0x1  Data  Gb  Global_System.o [3]
setBcnRxParams_all         0x1'18ad   0x82  Code  Gb  LoRaChanConfig.o [3]
setCr                      0x1'10f3    0xa  Code  Gb  lorabase.o [3]
setDrJoin                    0xc14d    0x6  Code  Gb  lws.o [3]
setDrTxpow                   0xc153   0x22  Code  Lc  lws.o [3]
setIh                      0x1'1113    0xa  Code  Gb  lorabase.o [3]
setNocrc                   0x1'1103    0xc  Code  Gb  lorabase.o [3]
setRx1Params_all           0x1'193d   0x78  Code  Gb  LoRaChanConfig.o [3]
standardInit               0x1'1e15  0x16e  Code  Gb  LoRaChanConfig.o [3]
startJoining                 0xebd9    0xa  Code  Lc  lws.o [3]
startRxBcn                   0xec5d   0xdc  Code  Lc  lws.o [3]
startRxClassC                0xebe3   0x64  Code  Gb  lws.o [3]
startRxSW                    0xc43d  0x16a  Code  Gb  lws.o [3]
stateJustJoined              0xce91   0xfe  Code  Lc  lws.o [3]
strlen                     0x1'a071         Code  Gb  strlen.o [6]
txDelay                      0xc115   0x38  Code  Lc  lws.o [3]
txDone                       0xc197   0x7e  Code  Lc  lws.o [3]
updatTxPara                  0xeee5   0x8c  Code  Lc  lws.o [3]
updateTx_ALI               0x1'1565  0x14a  Code  Gb  LoRaChanConfig.o [3]
updateTx_eu868             0x1'14c1   0x90  Code  Gb  LoRaChanConfig.o [3]
updr2rps                   0x1'111d    0xa  Code  Gb  lorabase.o [3]
use485                     0x1'6679   0x38  Code  Gb  MyTask.o [2]
validDR                    0x1'1157   0x14  Code  Gb  lorabase.o [3]
virtualEnterWFI              0x4f1d   0x40  Code  Gb  LowPower.o [3]
xbuffer                 0x2000'0c00  0x400  Data  Gb  Global_app.o [3]


[1] = E:\gx\project\BST0x\Debug\Obj
[2] = EBLib.a
[3] = LWS429Lib.a
[4] = dl6M_tln.a
[5] = m6M_tl.a
[6] = rt6M_tl.a
[7] = shb_l.a

  72 444 bytes of readonly  code memory (+ 15 754 absolute)
     968 bytes of readonly  data memory (+ 4 764  absolute)
   6 045 bytes of readwrite data memory (+ 16 067 absolute)

Errors: none
Warnings: none
